Archive member included to satisfy reference by file (symbol)

C:/ST/STM32CubeIDE_1.13.2/STM32CubeIDE/plugins/com.st.stm32cube.ide.mcu.externaltools.gnu-tools-for-stm32.11.3.rel1.win32_1.1.1.202309131626/tools/bin/../lib/gcc/arm-none-eabi/11.3.1/../../../../arm-none-eabi/lib/thumb/v7e-m+fp/hard\libstdc++_nano.a(del_ops.o)
                              ./Core/Src/SX128x_driver.o (operator delete(void*, unsigned int))
C:/ST/STM32CubeIDE_1.13.2/STM32CubeIDE/plugins/com.st.stm32cube.ide.mcu.externaltools.gnu-tools-for-stm32.11.3.rel1.win32_1.1.1.202309131626/tools/bin/../lib/gcc/arm-none-eabi/11.3.1/../../../../arm-none-eabi/lib/thumb/v7e-m+fp/hard\libstdc++_nano.a(functional.o)
                              ./Core/Src/SX128x.o (std::__throw_bad_function_call())
C:/ST/STM32CubeIDE_1.13.2/STM32CubeIDE/plugins/com.st.stm32cube.ide.mcu.externaltools.gnu-tools-for-stm32.11.3.rel1.win32_1.1.1.202309131626/tools/bin/../lib/gcc/arm-none-eabi/11.3.1/../../../../arm-none-eabi/lib/thumb/v7e-m+fp/hard\libstdc++_nano.a(del_op.o)
                              C:/ST/STM32CubeIDE_1.13.2/STM32CubeIDE/plugins/com.st.stm32cube.ide.mcu.externaltools.gnu-tools-for-stm32.11.3.rel1.win32_1.1.1.202309131626/tools/bin/../lib/gcc/arm-none-eabi/11.3.1/../../../../arm-none-eabi/lib/thumb/v7e-m+fp/hard\libstdc++_nano.a(del_ops.o) (operator delete(void*))
C:/ST/STM32CubeIDE_1.13.2/STM32CubeIDE/plugins/com.st.stm32cube.ide.mcu.externaltools.gnu-tools-for-stm32.11.3.rel1.win32_1.1.1.202309131626/tools/bin/../lib/gcc/arm-none-eabi/11.3.1/../../../../arm-none-eabi/lib/thumb/v7e-m+fp/hard\libstdc++_nano.a(eh_exception.o)
                              C:/ST/STM32CubeIDE_1.13.2/STM32CubeIDE/plugins/com.st.stm32cube.ide.mcu.externaltools.gnu-tools-for-stm32.11.3.rel1.win32_1.1.1.202309131626/tools/bin/../lib/gcc/arm-none-eabi/11.3.1/../../../../arm-none-eabi/lib/thumb/v7e-m+fp/hard\libstdc++_nano.a(functional.o) (std::exception::~exception())
C:/ST/STM32CubeIDE_1.13.2/STM32CubeIDE/plugins/com.st.stm32cube.ide.mcu.externaltools.gnu-tools-for-stm32.11.3.rel1.win32_1.1.1.202309131626/tools/bin/../lib/gcc/arm-none-eabi/11.3.1/../../../../arm-none-eabi/lib/thumb/v7e-m+fp/hard\libstdc++_nano.a(si_class_type_info.o)
                              C:/ST/STM32CubeIDE_1.13.2/STM32CubeIDE/plugins/com.st.stm32cube.ide.mcu.externaltools.gnu-tools-for-stm32.11.3.rel1.win32_1.1.1.202309131626/tools/bin/../lib/gcc/arm-none-eabi/11.3.1/../../../../arm-none-eabi/lib/thumb/v7e-m+fp/hard\libstdc++_nano.a(functional.o) (vtable for __cxxabiv1::__si_class_type_info)
C:/ST/STM32CubeIDE_1.13.2/STM32CubeIDE/plugins/com.st.stm32cube.ide.mcu.externaltools.gnu-tools-for-stm32.11.3.rel1.win32_1.1.1.202309131626/tools/bin/../lib/gcc/arm-none-eabi/11.3.1/../../../../arm-none-eabi/lib/thumb/v7e-m+fp/hard\libstdc++_nano.a(tinfo.o)
                              C:/ST/STM32CubeIDE_1.13.2/STM32CubeIDE/plugins/com.st.stm32cube.ide.mcu.externaltools.gnu-tools-for-stm32.11.3.rel1.win32_1.1.1.202309131626/tools/bin/../lib/gcc/arm-none-eabi/11.3.1/../../../../arm-none-eabi/lib/thumb/v7e-m+fp/hard\libstdc++_nano.a(si_class_type_info.o) (std::type_info::__is_pointer_p() const)
C:/ST/STM32CubeIDE_1.13.2/STM32CubeIDE/plugins/com.st.stm32cube.ide.mcu.externaltools.gnu-tools-for-stm32.11.3.rel1.win32_1.1.1.202309131626/tools/bin/../lib/gcc/arm-none-eabi/11.3.1/../../../../arm-none-eabi/lib/thumb/v7e-m+fp/hard\libstdc++_nano.a(class_type_info.o)
                              C:/ST/STM32CubeIDE_1.13.2/STM32CubeIDE/plugins/com.st.stm32cube.ide.mcu.externaltools.gnu-tools-for-stm32.11.3.rel1.win32_1.1.1.202309131626/tools/bin/../lib/gcc/arm-none-eabi/11.3.1/../../../../arm-none-eabi/lib/thumb/v7e-m+fp/hard\libstdc++_nano.a(si_class_type_info.o) (__cxxabiv1::__class_type_info::__do_upcast(__cxxabiv1::__class_type_info const*, void**) const)
C:/ST/STM32CubeIDE_1.13.2/STM32CubeIDE/plugins/com.st.stm32cube.ide.mcu.externaltools.gnu-tools-for-stm32.11.3.rel1.win32_1.1.1.202309131626/tools/bin/../lib/gcc/arm-none-eabi/11.3.1/../../../../arm-none-eabi/lib/thumb/v7e-m+fp/hard\libc_nano.a(libc_a-abort.o)
                              C:/ST/STM32CubeIDE_1.13.2/STM32CubeIDE/plugins/com.st.stm32cube.ide.mcu.externaltools.gnu-tools-for-stm32.11.3.rel1.win32_1.1.1.202309131626/tools/bin/../lib/gcc/arm-none-eabi/11.3.1/../../../../arm-none-eabi/lib/thumb/v7e-m+fp/hard\libstdc++_nano.a(functional.o) (abort)
C:/ST/STM32CubeIDE_1.13.2/STM32CubeIDE/plugins/com.st.stm32cube.ide.mcu.externaltools.gnu-tools-for-stm32.11.3.rel1.win32_1.1.1.202309131626/tools/bin/../lib/gcc/arm-none-eabi/11.3.1/../../../../arm-none-eabi/lib/thumb/v7e-m+fp/hard\libc_nano.a(libc_a-exit.o)
                              C:/ST/STM32CubeIDE_1.13.2/STM32CubeIDE/plugins/com.st.stm32cube.ide.mcu.externaltools.gnu-tools-for-stm32.11.3.rel1.win32_1.1.1.202309131626/tools/bin/../lib/gcc/arm-none-eabi/11.3.1/../../../../arm-none-eabi/lib/thumb/v7e-m+fp/hard/crt0.o (exit)
[...]
Memory Configuration

Name             Origin             Length             Attributes
RAM              0x0000000020000000 0x0000000000020000 xrw
FLASH            0x0000000008000000 0x0000000000080000 xr
*default*        0x0000000000000000 0xffffffffffffffff

Linker script and memory map

LOAD C:/ST/STM32CubeIDE_1.13.2/STM32CubeIDE/plugins/com.st.stm32cube.ide.mcu.externaltools.gnu-tools-for-stm32.11.3.rel1.win32_1.1.1.202309131626/tools/bin/../lib/gcc/arm-none-eabi/11.3.1/thumb/v7e-m+fp/hard/crti.o
LOAD C:/ST/STM32CubeIDE_1.13.2/STM32CubeIDE/plugins/com.st.stm32cube.ide.mcu.externaltools.gnu-tools-for-stm32.11.3.rel1.win32_1.1.1.202309131626/tools/bin/../lib/gcc/arm-none-eabi/11.3.1/thumb/v7e-m+fp/hard/crtbegin.o
LOAD C:/ST/STM32CubeIDE_1.13.2/STM32CubeIDE/plugins/com.st.stm32cube.ide.mcu.externaltools.gnu-tools-for-stm32.11.3.rel1.win32_1.1.1.202309131626/tools/bin/../lib/gcc/arm-none-eabi/11.3.1/../../../../arm-none-eabi/lib/thumb/v7e-m+fp/hard/crt0.o
LOAD ./Core/Src/SX128x.o
LOAD ./Core/Src/SX128x_OBJ.o
LOAD ./Core/Src/SX128x_driver.o
LOAD ./Core/Src/main.o
LOAD ./Core/Src/stm32f4xx_hal_msp.o
LOAD ./Core/Src/stm32f4xx_it.o
LOAD ./Core/Src/syscalls.o
LOAD ./Core/Src/sysmem.o
LOAD ./Core/Src/system_stm32f4xx.o
LOAD ./Core/Startup/startup_stm32f446retx.o
LOAD ./Drivers/STM32F4xx_HAL_Driver/Src/stm32f4xx_hal.o
LOAD ./Drivers/STM32F4xx_HAL_Driver/Src/stm32f4xx_hal_cortex.o
LOAD ./Drivers/STM32F4xx_HAL_Driver/Src/stm32f4xx_hal_dma.o
LOAD ./Drivers/STM32F4xx_HAL_Driver/Src/stm32f4xx_hal_dma_ex.o
LOAD ./Drivers/STM32F4xx_HAL_Driver/Src/stm32f4xx_hal_exti.o
LOAD ./Drivers/STM32F4xx_HAL_Driver/Src/stm32f4xx_hal_flash.o
LOAD ./Drivers/STM32F4xx_HAL_Driver/Src/stm32f4xx_hal_flash_ex.o
LOAD ./Drivers/STM32F4xx_HAL_Driver/Src/stm32f4xx_hal_flash_ramfunc.o
LOAD ./Drivers/STM32F4xx_HAL_Driver/Src/stm32f4xx_hal_gpio.o
LOAD ./Drivers/STM32F4xx_HAL_Driver/Src/stm32f4xx_hal_pwr.o
LOAD ./Drivers/STM32F4xx_HAL_Driver/Src/stm32f4xx_hal_pwr_ex.o
LOAD ./Drivers/STM32F4xx_HAL_Driver/Src/stm32f4xx_hal_rcc.o
LOAD ./Drivers/STM32F4xx_HAL_Driver/Src/stm32f4xx_hal_rcc_ex.o
LOAD ./Drivers/STM32F4xx_HAL_Driver/Src/stm32f4xx_hal_spi.o
LOAD ./Drivers/STM32F4xx_HAL_Driver/Src/stm32f4xx_hal_tim.o
LOAD ./Drivers/STM32F4xx_HAL_Driver/Src/stm32f4xx_hal_tim_ex.o
LOAD ./Drivers/STM32F4xx_HAL_Driver/Src/stm32f4xx_hal_uart.o
START GROUP
LOAD C:/ST/STM32CubeIDE_1.13.2/STM32CubeIDE/plugins/com.st.stm32cube.ide.mcu.externaltools.gnu-tools-for-stm32.11.3.rel1.win32_1.1.1.202309131626/tools/bin/../lib/gcc/arm-none-eabi/11.3.1/../../../../arm-none-eabi/lib/thumb/v7e-m+fp/hard\libstdc++_nano.a
LOAD C:/ST/STM32CubeIDE_1.13.2/STM32CubeIDE/plugins/com.st.stm32cube.ide.mcu.externaltools.gnu-tools-for-stm32.11.3.rel1.win32_1.1.1.202309131626/tools/bin/../lib/gcc/arm-none-eabi/11.3.1/../../../../arm-none-eabi/lib/thumb/v7e-m+fp/hard\libsupc++_nano.a
END GROUP
LOAD C:/ST/STM32CubeIDE_1.13.2/STM32CubeIDE/plugins/com.st.stm32cube.ide.mcu.externaltools.gnu-tools-for-stm32.11.3.rel1.win32_1.1.1.202309131626/tools/bin/../lib/gcc/arm-none-eabi/11.3.1/../../../../arm-none-eabi/lib/thumb/v7e-m+fp/hard\libstdc++_nano.a
LOAD C:/ST/STM32CubeIDE_1.13.2/STM32CubeIDE/plugins/com.st.stm32cube.ide.mcu.externaltools.gnu-tools-for-stm32.11.3.rel1.win32_1.1.1.202309131626/tools/bin/../lib/gcc/arm-none-eabi/11.3.1/../../../../arm-none-eabi/lib/thumb/v7e-m+fp/hard\libm.a
LOAD C:/ST/STM32CubeIDE_1.13.2/STM32CubeIDE/plugins/com.st.stm32cube.ide.mcu.externaltools.gnu-tools-for-stm32.11.3.rel1.win32_1.1.1.202309131626/tools/bin/../lib/gcc/arm-none-eabi/11.3.1/../../../../arm-none-eabi/lib/thumb/v7e-m+fp/hard\libc_nano.a
START GROUP
LOAD C:/ST/STM32CubeIDE_1.13.2/STM32CubeIDE/plugins/com.st.stm32cube.ide.mcu.externaltools.gnu-tools-for-stm32.11.3.rel1.win32_1.1.1.202309131626/tools/bin/../lib/gcc/arm-none-eabi/11.3.1/thumb/v7e-m+fp/hard\libgcc.a
LOAD C:/ST/STM32CubeIDE_1.13.2/STM32CubeIDE/plugins/com.st.stm32cube.ide.mcu.externaltools.gnu-tools-for-stm32.11.3.rel1.win32_1.1.1.202309131626/tools/bin/../lib/gcc/arm-none-eabi/11.3.1/../../../../arm-none-eabi/lib/thumb/v7e-m+fp/hard\libc_nano.a
END GROUP
START GROUP
LOAD C:/ST/STM32CubeIDE_1.13.2/STM32CubeIDE/plugins/com.st.stm32cube.ide.mcu.externaltools.gnu-tools-for-stm32.11.3.rel1.win32_1.1.1.202309131626/tools/bin/../lib/gcc/arm-none-eabi/11.3.1/thumb/v7e-m+fp/hard\libgcc.a
LOAD C:/ST/STM32CubeIDE_1.13.2/STM32CubeIDE/plugins/com.st.stm32cube.ide.mcu.externaltools.gnu-tools-for-stm32.11.3.rel1.win32_1.1.1.202309131626/tools/bin/../lib/gcc/arm-none-eabi/11.3.1/../../../../arm-none-eabi/lib/thumb/v7e-m+fp/hard\libc_nano.a
LOAD C:/ST/STM32CubeIDE_1.13.2/STM32CubeIDE/plugins/com.st.stm32cube.ide.mcu.externaltools.gnu-tools-for-stm32.11.3.rel1.win32_1.1.1.202309131626/tools/bin/../lib/gcc/arm-none-eabi/11.3.1/../../../../arm-none-eabi/lib/thumb/v7e-m+fp/hard\libnosys.a
END GROUP
START GROUP
LOAD C:/ST/STM32CubeIDE_1.13.2/STM32CubeIDE/plugins/com.st.stm32cube.ide.mcu.externaltools.gnu-tools-for-stm32.11.3.rel1.win32_1.1.1.202309131626/tools/bin/../lib/gcc/arm-none-eabi/11.3.1/thumb/v7e-m+fp/hard\libgcc.a
LOAD C:/ST/STM32CubeIDE_1.13.2/STM32CubeIDE/plugins/com.st.stm32cube.ide.mcu.externaltools.gnu-tools-for-stm32.11.3.rel1.win32_1.1.1.202309131626/tools/bin/../lib/gcc/arm-none-eabi/11.3.1/../../../../arm-none-eabi/lib/thumb/v7e-m+fp/hard\libc_nano.a
LOAD C:/ST/STM32CubeIDE_1.13.2/STM32CubeIDE/plugins/com.st.stm32cube.ide.mcu.externaltools.gnu-tools-for-stm32.11.3.rel1.win32_1.1.1.202309131626/tools/bin/../lib/gcc/arm-none-eabi/11.3.1/../../../../arm-none-eabi/lib/thumb/v7e-m+fp/hard\libnosys.a
END GROUP
LOAD C:/ST/STM32CubeIDE_1.13.2/STM32CubeIDE/plugins/com.st.stm32cube.ide.mcu.externaltools.gnu-tools-for-stm32.11.3.rel1.win32_1.1.1.202309131626/tools/bin/../lib/gcc/arm-none-eabi/11.3.1/thumb/v7e-m+fp/hard/crtend.o
LOAD C:/ST/STM32CubeIDE_1.13.2/STM32CubeIDE/plugins/com.st.stm32cube.ide.mcu.externaltools.gnu-tools-for-stm32.11.3.rel1.win32_1.1.1.202309131626/tools/bin/../lib/gcc/arm-none-eabi/11.3.1/thumb/v7e-m+fp/hard/crtn.o
                0x0000000020020000                _estack = (ORIGIN (RAM) + LENGTH (RAM))
                0x0000000000000200                _Min_Heap_Size = 0x200
                0x0000000000000400                _Min_Stack_Size = 0x400

.isr_vector     0x0000000008000000      0x1c4
                0x0000000008000000                . = ALIGN (0x4)
 *(.isr_vector)
 .isr_vector    0x0000000008000000      0x1c4 ./Core/Startup/startup_stm32f446retx.o
                0x0000000008000000                g_pfnVectors
                0x00000000080001c4                . = ALIGN (0x4)

.text           0x00000000080001d0     0x81d0
                0x00000000080001d0                . = ALIGN (0x4)
 *(.text)
 .text          0x00000000080001d0       0x40 C:/ST/STM32CubeIDE_1.13.2/STM32CubeIDE/plugins/com.st.stm32cube.ide.mcu.externaltools.gnu-tools-for-stm32.11.3.rel1.win32_1.1.1.202309131626/tools/bin/../lib/gcc/arm-none-eabi/11.3.1/thumb/v7e-m+fp/hard/crtbegin.o
 .text          0x0000000008000210       0xa0 C:/ST/STM32CubeIDE_1.13.2/STM32CubeIDE/plugins/com.st.stm32cube.ide.mcu.externaltools.gnu-tools-for-stm32.11.3.rel1.win32_1.1.1.202309131626/tools/bin/../lib/gcc/arm-none-eabi/11.3.1/../../../../arm-none-eabi/lib/thumb/v7e-m+fp/hard\libc_nano.a(libc_a-memchr.o)
                0x0000000008000210                memchr
 .text          0x00000000080002b0       0x10 C:/ST/STM32CubeIDE_1.13.2/STM32CubeIDE/plugins/com.st.stm32cube.ide.mcu.externaltools.gnu-tools-for-stm32.11.3.rel1.win32_1.1.1.202309131626/tools/bin/../lib/gcc/arm-none-eabi/11.3.1/../../../../arm-none-eabi/lib/thumb/v7e-m+fp/hard\libc_nano.a(libc_a-strlen.o)
                0x00000000080002b0                strlen
 .text          0x00000000080002c0      0x378 C:/ST/STM32CubeIDE_1.13.2/STM32CubeIDE/plugins/com.st.stm32cube.ide.mcu.externaltools.gnu-tools-for-stm32.11.3.rel1.win32_1.1.1.202309131626/tools/bin/../lib/gcc/arm-none-eabi/11.3.1/thumb/v7e-m+fp/hard\libgcc.a(_arm_addsubdf3.o)
                0x00000000080002c0                __aeabi_drsub
                0x00000000080002c8                __aeabi_dsub
                0x00000000080002c8                __subdf3
                0x00000000080002cc                __aeabi_dadd
                0x00000000080002cc                __adddf3
                0x0000000008000544                __floatunsidf
                0x0000000008000544                __aeabi_ui2d
                0x0000000008000564                __floatsidf
                0x0000000008000564                __aeabi_i2d
                0x0000000008000588                __aeabi_f2d
                0x0000000008000588                __extendsfdf2
                0x00000000080005cc                __floatundidf
                0x00000000080005cc                __aeabi_ul2d
                0x00000000080005dc                __floatdidf
                0x00000000080005dc                __aeabi_l2d
 .text          0x0000000008000638      0x424 C:/ST/STM32CubeIDE_1.13.2/STM32CubeIDE/plugins/com.st.stm32cube.ide.mcu.externaltools.gnu-tools-for-stm32.11.3.rel1.win32_1.1.1.202309131626/tools/bin/../lib/gcc/arm-none-eabi/11.3.1/thumb/v7e-m+fp/hard\libgcc.a(_arm_muldivdf3.o)
                0x0000000008000638                __aeabi_dmul
                0x0000000008000638                __muldf3
                0x000000000800088c                __divdf3
                0x000000000800088c                __aeabi_ddiv
 .text          0x0000000008000a5c      0x110 C:/ST/STM32CubeIDE_1.13.2/STM32CubeIDE/plugins/com.st.stm32cube.ide.mcu.externaltools.gnu-tools-for-stm32.11.3.rel1.win32_1.1.1.202309131626/tools/bin/../lib/gcc/arm-none-eabi/11.3.1/thumb/v7e-m+fp/hard\libgcc.a(_arm_cmpdf2.o)
                0x0000000008000a5c                __gtdf2
                0x0000000008000a5c                __gedf2
                0x0000000008000a64                __ltdf2
                0x0000000008000a64                __ledf2
                0x0000000008000a6c                __nedf2
                0x0000000008000a6c                __eqdf2
                0x0000000008000a6c                __cmpdf2
                0x0000000008000ae8                __aeabi_cdrcmple
                0x0000000008000af8                __aeabi_cdcmpeq
                0x0000000008000af8                __aeabi_cdcmple
                0x0000000008000b08                __aeabi_dcmpeq
                0x0000000008000b1c                __aeabi_dcmplt
                0x0000000008000b30                __aeabi_dcmple
                0x0000000008000b44                __aeabi_dcmpge
                0x0000000008000b58                __aeabi_dcmpgt
 .text          0x0000000008000b6c       0x2c C:/ST/STM32CubeIDE_1.13.2/STM32CubeIDE/plugins/com.st.stm32cube.ide.mcu.externaltools.gnu-tools-for-stm32.11.3.rel1.win32_1.1.1.202309131626/tools/bin/../lib/gcc/arm-none-eabi/11.3.1/thumb/v7e-m+fp/hard\libgcc.a(_arm_unorddf2.o)
                0x0000000008000b6c                __unorddf2
                0x0000000008000b6c                __aeabi_dcmpun
 .text          0x0000000008000b98       0x50 C:/ST/STM32CubeIDE_1.13.2/STM32CubeIDE/plugins/com.st.stm32cube.ide.mcu.externaltools.gnu-tools-for-stm32.11.3.rel1.win32_1.1.1.202309131626/tools/bin/../lib/gcc/arm-none-eabi/11.3.1/thumb/v7e-m+fp/hard\libgcc.a(_arm_fixdfsi.o)
                0x0000000008000b98                __aeabi_d2iz
                0x0000000008000b98                __fixdfsi
 .text          0x0000000008000be8       0x40 C:/ST/STM32CubeIDE_1.13.2/STM32CubeIDE/plugins/com.st.stm32cube.ide.mcu.externaltools.gnu-tools-for-stm32.11.3.rel1.win32_1.1.1.202309131626/tools/bin/../lib/gcc/arm-none-eabi/11.3.1/thumb/v7e-m+fp/hard\libgcc.a(_arm_fixunsdfsi.o)
                0x0000000008000be8                __aeabi_d2uiz
                0x0000000008000be8                __fixunsdfsi
 .text          0x0000000008000c28       0xa0 C:/ST/STM32CubeIDE_1.13.2/STM32CubeIDE/plugins/com.st.stm32cube.ide.mcu.externaltools.gnu-tools-for-stm32.11.3.rel1.win32_1.1.1.202309131626/tools/bin/../lib/gcc/arm-none-eabi/11.3.1/thumb/v7e-m+fp/hard\libgcc.a(_arm_truncdfsf2.o)
                0x0000000008000c28                __truncdfsf2
                0x0000000008000c28                __aeabi_d2f
 .text          0x0000000008000cc8       0x30 C:/ST/STM32CubeIDE_1.13.2/STM32CubeIDE/plugins/com.st.stm32cube.ide.mcu.externaltools.gnu-tools-for-stm32.11.3.rel1.win32_1.1.1.202309131626/tools/bin/../lib/gcc/arm-none-eabi/11.3.1/thumb/v7e-m+fp/hard\libgcc.a(_aeabi_uldivmod.o)
                0x0000000008000cc8                __aeabi_uldivmod
 .text          0x0000000008000cf8      0x2c8 C:/ST/STM32CubeIDE_1.13.2/STM32CubeIDE/plugins/com.st.stm32cube.ide.mcu.externaltools.gnu-tools-for-stm32.11.3.rel1.win32_1.1.1.202309131626/tools/bin/../lib/gcc/arm-none-eabi/11.3.1/thumb/v7e-m+fp/hard\libgcc.a(_udivmoddi4.o)
                0x0000000008000cf8                __udivmoddi4
 .text          0x0000000008000fc0        0x4 C:/ST/STM32CubeIDE_1.13.2/STM32CubeIDE/plugins/com.st.stm32cube.ide.mcu.externaltools.gnu-tools-for-stm32.11.3.rel1.win32_1.1.1.202309131626/tools/bin/../lib/gcc/arm-none-eabi/11.3.1/thumb/v7e-m+fp/hard\libgcc.a(_dvmd_tls.o)
                0x0000000008000fc0                __aeabi_idiv0
                0x0000000008000fc0                __aeabi_ldiv0
 *(.text*)
 .text._ZN6SX128x8HalPreTxEv
                0x0000000008000fc4       0x14 ./Core/Src/SX128x.o
                0x0000000008000fc4                SX128x::HalPreTx()
 .text._ZN6SX128x8HalPreRxEv
                0x0000000008000fd8       0x14 ./Core/Src/SX128x.o
                0x0000000008000fd8                SX128x::HalPreRx()
 .text._ZN6SX128x9HalPostTxEv
                0x0000000008000fec       0x14 ./Core/Src/SX128x.o
                0x0000000008000fec                SX128x::HalPostTx()
 .text._ZN6SX128x9HalPostRxEv
                0x0000000008001000       0x14 ./Core/Src/SX128x.o
                0x0000000008001000                SX128x::HalPostRx()
 .text._ZN6SX128x12GetDioStatusEv
                0x0000000008001014       0x16 ./Core/Src/SX128x.o
                0x0000000008001014                SX128x::GetDioStatus()
 .text._ZN6SX128x18GetFirmwareVersionEv
                0x000000000800102a       0x40 ./Core/Src/SX128x.o
                0x000000000800102a                SX128x::GetFirmwareVersion()
 .text._ZN6SX128x9GetStatusEv
                0x000000000800106a       0x2e ./Core/Src/SX128x.o
                0x000000000800106a                SX128x::GetStatus()
 .text._ZN6SX128x9GetOpModeEv
                0x0000000008001098       0x1a ./Core/Src/SX128x.o
                0x0000000008001098                SX128x::GetOpMode()
 .text._ZN6SX128x10SetStandbyENS_19RadioStandbyModes_tE
                0x00000000080010b2       0x3e ./Core/Src/SX128x.o
                0x00000000080010b2                SX128x::SetStandby(SX128x::RadioStandbyModes_t)
 .text._ZN6SX128x5SetRxENS_10TickTime_sE
                0x00000000080010f0       0x5a ./Core/Src/SX128x.o
                0x00000000080010f0                SX128x::SetRx(SX128x::TickTime_s)
 .text._ZN6SX128x13SetPacketTypeENS_18RadioPacketTypes_tE
                0x000000000800114a       0x2e ./Core/Src/SX128x.o
                0x000000000800114a                SX128x::SetPacketType(SX128x::RadioPacketTypes_t)
 .text._ZN6SX128x13GetPacketTypeEb
                0x0000000008001178       0x52 ./Core/Src/SX128x.o
                0x0000000008001178                SX128x::GetPacketType(bool)
 .text._ZN6SX128x14SetRfFrequencyEm
                0x00000000080011ca       0x60 ./Core/Src/SX128x.o
                0x00000000080011ca                SX128x::SetRfFrequency(unsigned long)
 .text._ZN6SX128x22SetBufferBaseAddressesEhh
                0x000000000800122a       0x34 ./Core/Src/SX128x.o
                0x000000000800122a                SX128x::SetBufferBaseAddresses(unsigned char, unsigned char)
 *fill*         0x000000000800125e        0x2 
 .text._ZN6SX128x19SetModulationParamsERKNS_18ModulationParams_tE
                0x0000000008001260      0x110 ./Core/Src/SX128x.o
                0x0000000008001260                SX128x::SetModulationParams(SX128x::ModulationParams_t const&)
 .text._ZN6SX128x15SetPacketParamsERKNS_14PacketParams_tE
                0x0000000008001370      0x170 ./Core/Src/SX128x.o
                0x0000000008001370                SX128x::SetPacketParams(SX128x::PacketParams_t const&)
 .text._ZN6SX128x17GetRxBufferStatusEPhS0_
                0x00000000080014e0       0xa4 ./Core/Src/SX128x.o
                0x00000000080014e0                SX128x::GetRxBufferStatus(unsigned char*, unsigned char*)
 .text._ZN6SX128x15SetDioIrqParamsEtttt
                0x0000000008001584       0x76 ./Core/Src/SX128x.o
                0x0000000008001584                SX128x::SetDioIrqParams(unsigned short, unsigned short, unsigned short, unsigned short)
 .text._ZN6SX128x14ClearIrqStatusEt
                0x00000000080015fa       0x38 ./Core/Src/SX128x.o
                0x00000000080015fa                SX128x::ClearIrqStatus(unsigned short)
 .text._ZN6SX128x11HalSpiWriteEPKht
                0x0000000008001632       0x80 ./Core/Src/SX128x.o
                0x0000000008001632                SX128x::HalSpiWrite(unsigned char const*, unsigned short)
 .text._ZN6SX128x10WaitOnBusyEv
                0x00000000080016b2       0x30 ./Core/Src/SX128x.o
                0x00000000080016b2                SX128x::WaitOnBusy()
 .text._ZN6SX128x14WaitOnBusyLongEv
                0x00000000080016e2       0x36 ./Core/Src/SX128x.o
                0x00000000080016e2                SX128x::WaitOnBusyLong()
 .text._ZN6SX128x5ResetEv
                0x0000000008001718       0x52 ./Core/Src/SX128x.o
                0x0000000008001718                SX128x::Reset()
 .text._ZN6SX128x6WakeupEv
                0x000000000800176a       0x28 ./Core/Src/SX128x.o
                0x000000000800176a                SX128x::Wakeup()
 .text._ZN6SX128x12WriteCommandENS_15RadioCommands_uEPht
                0x0000000008001792       0x5e ./Core/Src/SX128x.o
                0x0000000008001792                SX128x::WriteCommand(SX128x::RadioCommands_u, unsigned char*, unsigned short)
 .text._ZN6SX128x11ReadCommandENS_15RadioCommands_uEPht
                0x00000000080017f0       0xc4 ./Core/Src/SX128x.o
                0x00000000080017f0                SX128x::ReadCommand(SX128x::RadioCommands_u, unsigned char*, unsigned short)
 .text._ZN6SX128x13WriteRegisterEtPht
                0x00000000080018b4       0x78 ./Core/Src/SX128x.o
                0x00000000080018b4                SX128x::WriteRegister(unsigned short, unsigned char*, unsigned short)
 .text._ZN6SX128x13WriteRegisterEth
                0x000000000800192c       0x2a ./Core/Src/SX128x.o
                0x000000000800192c                SX128x::WriteRegister(unsigned short, unsigned char)
 .text._ZN6SX128x12ReadRegisterEtPht
                0x0000000008001956       0xa0 ./Core/Src/SX128x.o
                0x0000000008001956                SX128x::ReadRegister(unsigned short, unsigned char*, unsigned short)
 .text._ZN6SX128x12ReadRegisterEt
                0x00000000080019f6       0x2a ./Core/Src/SX128x.o
                0x00000000080019f6                SX128x::ReadRegister(unsigned short)
 .text._ZN6SX128x11WriteBufferEhPhh
                0x0000000008001a20       0x68 ./Core/Src/SX128x.o
                0x0000000008001a20                SX128x::WriteBuffer(unsigned char, unsigned char*, unsigned char)
 .text._ZN6SX128x10ReadBufferEhPhh
                0x0000000008001a88       0x90 ./Core/Src/SX128x.o
                0x0000000008001a88                SX128x::ReadBuffer(unsigned char, unsigned char*, unsigned char)
 .text._ZN10SX128x_OBJ24CommonTransceiverSettingEv
                0x0000000008001b18       0x60 ./Core/Src/SX128x_OBJ.o
                0x0000000008001b18                SX128x_OBJ::CommonTransceiverSetting()
 .text._ZN10SX128x_OBJ4InitEv
                0x0000000008001b78       0x72 ./Core/Src/SX128x_OBJ.o
                0x0000000008001b78                SX128x_OBJ::Init()
 .text._ZN6SX128xUt0_C2Ev
                0x0000000008001bea       0x6a ./Core/Src/SX128x_OBJ.o
                0x0000000008001bea                SX128x::{unnamed type#2}::SX128x()
                0x0000000008001bea                SX128x::{unnamed type#2}::SX128x()
 *fill*         0x0000000008001c54        0x4 
 .text._ZN6SX128xC2Ev
                0x0000000008001c58       0x8c ./Core/Src/SX128x_OBJ.o
                0x0000000008001c58                SX128x::SX128x()
                0x0000000008001c58                SX128x::SX128x()
 .text._ZN10SX128x_OBJC2Ev
                0x0000000008001ce4       0xb8 ./Core/Src/SX128x_OBJ.o
                0x0000000008001ce4                SX128x_OBJ::SX128x_OBJ()
                0x0000000008001ce4                SX128x_OBJ::SX128x_OBJ()
 .text._ZN10SX128x_OBJ9RxSettingEv
                0x0000000008001d9c       0x24 ./Core/Src/SX128x_OBJ.o
                0x0000000008001d9c                SX128x_OBJ::RxSetting()
 .text._ZN10SX128x_OBJ10RxBlockingEPhh
                0x0000000008001dc0       0xdc ./Core/Src/SX128x_OBJ.o
                0x0000000008001dc0                SX128x_OBJ::RxBlocking(unsigned char*, unsigned char)
 .text._ZNSt14_Function_baseC2Ev
                0x0000000008001e9c       0x26 ./Core/Src/SX128x_OBJ.o
                0x0000000008001e9c                std::_Function_base::_Function_base()
                0x0000000008001e9c                std::_Function_base::_Function_base()
 .text._ZNSt8functionIFvvEEC2Ev
                0x0000000008001ec2       0x2c ./Core/Src/SX128x_OBJ.o
                0x0000000008001ec2                std::function<void ()>::function()
                0x0000000008001ec2                std::function<void ()>::function()
 .text._ZNSt8functionIFvN6SX128x14IrqErrorCode_tEEEC2Ev
                0x0000000008001eee       0x2c ./Core/Src/SX128x_OBJ.o
                0x0000000008001eee                std::function<void (SX128x::IrqErrorCode_t)>::function()
                0x0000000008001eee                std::function<void (SX128x::IrqErrorCode_t)>::function()
 .text._ZNSt8functionIFvN6SX128x16IrqRangingCode_tEEEC2Ev
                0x0000000008001f1a       0x2c ./Core/Src/SX128x_OBJ.o
                0x0000000008001f1a                std::function<void (SX128x::IrqRangingCode_t)>::function()
                0x0000000008001f1a                std::function<void (SX128x::IrqRangingCode_t)>::function()
 .text._ZNSt8functionIFvbEEC2Ev
                0x0000000008001f46       0x2c ./Core/Src/SX128x_OBJ.o
                0x0000000008001f46                std::function<void (bool)>::function()
                0x0000000008001f46                std::function<void (bool)>::function()
 .text._ZNSt14_Function_baseD2Ev
                0x0000000008001f72       0x26 ./Core/Src/SX128x_driver.o
                0x0000000008001f72                std::_Function_base::~_Function_base()
                0x0000000008001f72                std::_Function_base::~_Function_base()
 .text._ZN10SX128x_OBJ11HalGpioReadEN6SX128x17GpioPinFunction_tE
                0x0000000008001f98       0x64 ./Core/Src/SX128x_driver.o
                0x0000000008001f98                SX128x_OBJ::HalGpioRead(SX128x::GpioPinFunction_t)
 .text._ZN10SX128x_OBJ12HalGpioWriteEN6SX128x17GpioPinFunction_tEh
                0x0000000008001ffc       0x5c ./Core/Src/SX128x_driver.o
                0x0000000008001ffc                SX128x_OBJ::HalGpioWrite(SX128x::GpioPinFunction_t, unsigned char)
 .text._ZN10SX128x_OBJ14HalSpiTransferEPhPKht
                0x0000000008002058       0x44 ./Core/Src/SX128x_driver.o
                0x0000000008002058                SX128x_OBJ::HalSpiTransfer(unsigned char*, unsigned char const*, unsigned short)
 .text._ZN10SX128x_OBJ19HalSpiTransferDelayEPhPKht
                0x000000000800209c       0x48 ./Core/Src/SX128x_driver.o
                0x000000000800209c                SX128x_OBJ::HalSpiTransferDelay(unsigned char*, unsigned char const*, unsigned short)
 .text._ZNSt8functionIFvvEED2Ev
                0x00000000080020e4       0x1a ./Core/Src/SX128x_driver.o
                0x00000000080020e4                std::function<void ()>::~function()
                0x00000000080020e4                std::function<void ()>::~function()
 .text._ZNSt8functionIFvN6SX128x14IrqErrorCode_tEEED2Ev
                0x00000000080020fe       0x1a ./Core/Src/SX128x_driver.o
                0x00000000080020fe                std::function<void (SX128x::IrqErrorCode_t)>::~function()
                0x00000000080020fe                std::function<void (SX128x::IrqErrorCode_t)>::~function()
 .text._ZNSt8functionIFvN6SX128x16IrqRangingCode_tEEED2Ev
                0x0000000008002118       0x1a ./Core/Src/SX128x_driver.o
                0x0000000008002118                std::function<void (SX128x::IrqRangingCode_t)>::~function()
                0x0000000008002118                std::function<void (SX128x::IrqRangingCode_t)>::~function()
 .text._ZNSt8functionIFvbEED2Ev
                0x0000000008002132       0x1a ./Core/Src/SX128x_driver.o
                0x0000000008002132                std::function<void (bool)>::~function()
                0x0000000008002132                std::function<void (bool)>::~function()
 .text._ZN6SX128xUt0_D2Ev
                0x000000000800214c       0x6a ./Core/Src/SX128x_driver.o
                0x000000000800214c                SX128x::{unnamed type#2}::~SX128x()
                0x000000000800214c                SX128x::{unnamed type#2}::~SX128x()
 *fill*         0x00000000080021b6        0x2 
 .text._ZN6SX128xD2Ev
                0x00000000080021b8       0x28 ./Core/Src/SX128x_driver.o
                0x00000000080021b8                SX128x::~SX128x()
                0x00000000080021b8                SX128x::~SX128x()
 .text._ZN6SX128xD0Ev
                0x00000000080021e0       0x20 ./Core/Src/SX128x_driver.o
                0x00000000080021e0                SX128x::~SX128x()
 .text._ZN10SX128x_OBJD2Ev
                0x0000000008002200       0x24 ./Core/Src/SX128x_driver.o
                0x0000000008002200                SX128x_OBJ::~SX128x_OBJ()
                0x0000000008002200                SX128x_OBJ::~SX128x_OBJ()
 .text._ZN10SX128x_OBJD0Ev
                0x0000000008002224       0x22 ./Core/Src/SX128x_driver.o
                0x0000000008002224                SX128x_OBJ::~SX128x_OBJ()
 *fill*         0x0000000008002246        0x2 
 .text.main     0x0000000008002248      0x2c8 ./Core/Src/main.o
                0x0000000008002248                main
 .text._Z18SystemClock_Configv
                0x0000000008002510       0xf0 ./Core/Src/main.o
                0x0000000008002510                SystemClock_Config()
 .text._ZL12MX_SPI1_Initv
                0x0000000008002600       0x78 ./Core/Src/main.o
 .text._ZL12MX_TIM1_Initv
                0x0000000008002678       0xc0 ./Core/Src/main.o
 .text._ZL19MX_USART2_UART_Initv
                0x0000000008002738       0x5c ./Core/Src/main.o
 .text._ZL12MX_GPIO_Initv
                0x0000000008002794      0x13c ./Core/Src/main.o
 .text.Error_Handler
                0x00000000080028d0        0xa ./Core/Src/main.o
                0x00000000080028d0                Error_Handler
 *fill*         0x00000000080028da        0x2 
 .text._Z41__static_initialization_and_destruction_0ii
                0x00000000080028dc       0x44 ./Core/Src/main.o
 .text._GLOBAL__sub_I_hspi1
                0x0000000008002920       0x10 ./Core/Src/main.o
 .text._GLOBAL__sub_D_hspi1
                0x0000000008002930       0x10 ./Core/Src/main.o
 .text.HAL_MspInit
                0x0000000008002940       0x50 ./Core/Src/stm32f4xx_hal_msp.o
                0x0000000008002940                HAL_MspInit
 .text.HAL_SPI_MspInit
                0x0000000008002990       0xa0 ./Core/Src/stm32f4xx_hal_msp.o
                0x0000000008002990                HAL_SPI_MspInit
 .text.HAL_TIM_Base_MspInit
                0x0000000008002a30       0x44 ./Core/Src/stm32f4xx_hal_msp.o
                0x0000000008002a30                HAL_TIM_Base_MspInit
 .text.HAL_UART_MspInit
                0x0000000008002a74       0x90 ./Core/Src/stm32f4xx_hal_msp.o
                0x0000000008002a74                HAL_UART_MspInit
 .text.NMI_Handler
                0x0000000008002b04        0x6 ./Core/Src/stm32f4xx_it.o
                0x0000000008002b04                NMI_Handler
 .text.HardFault_Handler
                0x0000000008002b0a        0x6 ./Core/Src/stm32f4xx_it.o
                0x0000000008002b0a                HardFault_Handler
 .text.MemManage_Handler
                0x0000000008002b10        0x6 ./Core/Src/stm32f4xx_it.o
                0x0000000008002b10                MemManage_Handler
 .text.BusFault_Handler
                0x0000000008002b16        0x6 ./Core/Src/stm32f4xx_it.o
                0x0000000008002b16                BusFault_Handler
 .text.UsageFault_Handler
                0x0000000008002b1c        0x6 ./Core/Src/stm32f4xx_it.o
                0x0000000008002b1c                UsageFault_Handler
 .text.SVC_Handler
                0x0000000008002b22        0xe ./Core/Src/stm32f4xx_it.o
                0x0000000008002b22                SVC_Handler
 .text.DebugMon_Handler
                0x0000000008002b30        0xe ./Core/Src/stm32f4xx_it.o
                0x0000000008002b30                DebugMon_Handler
 .text.PendSV_Handler
                0x0000000008002b3e        0xe ./Core/Src/stm32f4xx_it.o
                0x0000000008002b3e                PendSV_Handler
 .text.SysTick_Handler
                0x0000000008002b4c        0xc ./Core/Src/stm32f4xx_it.o
                0x0000000008002b4c                SysTick_Handler
 .text.SPI1_IRQHandler
                0x0000000008002b58       0x14 ./Core/Src/stm32f4xx_it.o
                0x0000000008002b58                SPI1_IRQHandler
 .text._getpid  0x0000000008002b6c       0x10 ./Core/Src/syscalls.o
                0x0000000008002b6c                _getpid
 .text._kill    0x0000000008002b7c       0x20 ./Core/Src/syscalls.o
                0x0000000008002b7c                _kill
 .text._exit    0x0000000008002b9c       0x14 ./Core/Src/syscalls.o
                0x0000000008002b9c                _exit
 .text._read    0x0000000008002bb0       0x3a ./Core/Src/syscalls.o
                0x0000000008002bb0                _read
 .text._write   0x0000000008002bea       0x38 ./Core/Src/syscalls.o
                0x0000000008002bea                _write
 .text._close   0x0000000008002c22       0x18 ./Core/Src/syscalls.o
                0x0000000008002c22                _close
 .text._fstat   0x0000000008002c3a       0x20 ./Core/Src/syscalls.o
                0x0000000008002c3a                _fstat
 .text._isatty  0x0000000008002c5a       0x16 ./Core/Src/syscalls.o
                0x0000000008002c5a                _isatty
 .text._lseek   0x0000000008002c70       0x1a ./Core/Src/syscalls.o
                0x0000000008002c70                _lseek
 *fill*         0x0000000008002c8a        0x2 
 .text._sbrk    0x0000000008002c8c       0x6c ./Core/Src/sysmem.o
                0x0000000008002c8c                _sbrk
 .text.SystemInit
                0x0000000008002cf8       0x24 ./Core/Src/system_stm32f4xx.o
                0x0000000008002cf8                SystemInit
 .text.Reset_Handler
                0x0000000008002d1c       0x50 ./Core/Startup/startup_stm32f446retx.o
                0x0000000008002d1c                Reset_Handler
 .text.Default_Handler
                0x0000000008002d6c        0x2 ./Core/Startup/startup_stm32f446retx.o
                0x0000000008002d6c                RTC_Alarm_IRQHandler
                0x0000000008002d6c                EXTI2_IRQHandler
                0x0000000008002d6c                TIM8_CC_IRQHandler
                0x0000000008002d6c                FMPI2C1_EV_IRQHandler
                0x0000000008002d6c                SPI4_IRQHandler
                0x0000000008002d6c                TIM1_CC_IRQHandler
                0x0000000008002d6c                DMA2_Stream5_IRQHandler
                0x0000000008002d6c                DMA1_Stream5_IRQHandler
                0x0000000008002d6c                PVD_IRQHandler
                0x0000000008002d6c                SDIO_IRQHandler
                0x0000000008002d6c                TAMP_STAMP_IRQHandler
                0x0000000008002d6c                CAN2_RX1_IRQHandler
                0x0000000008002d6c                EXTI3_IRQHandler
                0x0000000008002d6c                TIM8_TRG_COM_TIM14_IRQHandler
                0x0000000008002d6c                TIM1_UP_TIM10_IRQHandler
                0x0000000008002d6c                TIM8_UP_TIM13_IRQHandler
                0x0000000008002d6c                I2C3_ER_IRQHandler
                0x0000000008002d6c                EXTI0_IRQHandler
                0x0000000008002d6c                I2C2_EV_IRQHandler
                0x0000000008002d6c                DMA1_Stream2_IRQHandler
                0x0000000008002d6c                CAN1_RX0_IRQHandler
                0x0000000008002d6c                FPU_IRQHandler
                0x0000000008002d6c                OTG_HS_WKUP_IRQHandler
                0x0000000008002d6c                CAN2_SCE_IRQHandler
                0x0000000008002d6c                DMA2_Stream2_IRQHandler
                0x0000000008002d6c                TIM6_DAC_IRQHandler
                0x0000000008002d6c                TIM1_BRK_TIM9_IRQHandler
                0x0000000008002d6c                DCMI_IRQHandler
                0x0000000008002d6c                CAN2_RX0_IRQHandler
                0x0000000008002d6c                DMA2_Stream3_IRQHandler
                0x0000000008002d6c                SAI2_IRQHandler
                0x0000000008002d6c                USART6_IRQHandler
                0x0000000008002d6c                USART3_IRQHandler
                0x0000000008002d6c                CAN1_RX1_IRQHandler
                0x0000000008002d6c                UART5_IRQHandler
                0x0000000008002d6c                DMA2_Stream0_IRQHandler
                0x0000000008002d6c                TIM4_IRQHandler
                0x0000000008002d6c                QUADSPI_IRQHandler
                0x0000000008002d6c                I2C1_EV_IRQHandler
                0x0000000008002d6c                DMA1_Stream6_IRQHandler
                0x0000000008002d6c                DMA1_Stream1_IRQHandler
                0x0000000008002d6c                UART4_IRQHandler
                0x0000000008002d6c                TIM3_IRQHandler
                0x0000000008002d6c                RCC_IRQHandler
                0x0000000008002d6c                TIM8_BRK_TIM12_IRQHandler
                0x0000000008002d6c                Default_Handler
                0x0000000008002d6c                CEC_IRQHandler
                0x0000000008002d6c                EXTI15_10_IRQHandler
                0x0000000008002d6c                ADC_IRQHandler
                0x0000000008002d6c                DMA1_Stream7_IRQHandler
                0x0000000008002d6c                TIM7_IRQHandler
                0x0000000008002d6c                CAN2_TX_IRQHandler
                0x0000000008002d6c                TIM5_IRQHandler
                0x0000000008002d6c                DMA2_Stream7_IRQHandler
                0x0000000008002d6c                I2C3_EV_IRQHandler
                0x0000000008002d6c                EXTI9_5_IRQHandler
                0x0000000008002d6c                RTC_WKUP_IRQHandler
                0x0000000008002d6c                SPDIF_RX_IRQHandler
                0x0000000008002d6c                SPI2_IRQHandler
                0x0000000008002d6c                OTG_HS_EP1_IN_IRQHandler
                0x0000000008002d6c                DMA1_Stream0_IRQHandler
                0x0000000008002d6c                CAN1_TX_IRQHandler
                0x0000000008002d6c                FMPI2C1_ER_IRQHandler
                0x0000000008002d6c                EXTI4_IRQHandler
                0x0000000008002d6c                OTG_HS_EP1_OUT_IRQHandler
                0x0000000008002d6c                WWDG_IRQHandler
                0x0000000008002d6c                TIM2_IRQHandler
                0x0000000008002d6c                OTG_FS_WKUP_IRQHandler
                0x0000000008002d6c                TIM1_TRG_COM_TIM11_IRQHandler
                0x0000000008002d6c                OTG_HS_IRQHandler
                0x0000000008002d6c                EXTI1_IRQHandler
                0x0000000008002d6c                USART2_IRQHandler
                0x0000000008002d6c                I2C2_ER_IRQHandler
                0x0000000008002d6c                DMA2_Stream1_IRQHandler
                0x0000000008002d6c                CAN1_SCE_IRQHandler
                0x0000000008002d6c                FLASH_IRQHandler
                0x0000000008002d6c                DMA2_Stream4_IRQHandler
                0x0000000008002d6c                USART1_IRQHandler
                0x0000000008002d6c                OTG_FS_IRQHandler
                0x0000000008002d6c                SPI3_IRQHandler
                0x0000000008002d6c                DMA1_Stream4_IRQHandler
                0x0000000008002d6c                I2C1_ER_IRQHandler
                0x0000000008002d6c                FMC_IRQHandler
                0x0000000008002d6c                DMA2_Stream6_IRQHandler
                0x0000000008002d6c                SAI1_IRQHandler
                0x0000000008002d6c                DMA1_Stream3_IRQHandler
 *fill*         0x0000000008002d6e        0x2 
 .text.HAL_Init
                0x0000000008002d70       0x44 ./Drivers/STM32F4xx_HAL_Driver/Src/stm32f4xx_hal.o
                0x0000000008002d70                HAL_Init
 .text.HAL_InitTick
                0x0000000008002db4       0x60 ./Drivers/STM32F4xx_HAL_Driver/Src/stm32f4xx_hal.o
                0x0000000008002db4                HAL_InitTick
 .text.HAL_IncTick
                0x0000000008002e14       0x28 ./Drivers/STM32F4xx_HAL_Driver/Src/stm32f4xx_hal.o
                0x0000000008002e14                HAL_IncTick
 .text.HAL_GetTick
                0x0000000008002e3c       0x18 ./Drivers/STM32F4xx_HAL_Driver/Src/stm32f4xx_hal.o
                0x0000000008002e3c                HAL_GetTick
 .text.HAL_Delay
                0x0000000008002e54       0x48 ./Drivers/STM32F4xx_HAL_Driver/Src/stm32f4xx_hal.o
                0x0000000008002e54                HAL_Delay
 .text.__NVIC_SetPriorityGrouping
                0x0000000008002e9c       0x48 ./Drivers/STM32F4xx_HAL_Driver/Src/stm32f4xx_hal_cortex.o
 .text.__NVIC_GetPriorityGrouping
                0x0000000008002ee4       0x1c ./Drivers/STM32F4xx_HAL_Driver/Src/stm32f4xx_hal_cortex.o
 .text.__NVIC_EnableIRQ
                0x0000000008002f00       0x3c ./Drivers/STM32F4xx_HAL_Driver/Src/stm32f4xx_hal_cortex.o
 .text.__NVIC_SetPriority
                0x0000000008002f3c       0x54 ./Drivers/STM32F4xx_HAL_Driver/Src/stm32f4xx_hal_cortex.o
 .text.NVIC_EncodePriority
                0x0000000008002f90       0x66 ./Drivers/STM32F4xx_HAL_Driver/Src/stm32f4xx_hal_cortex.o
 *fill*         0x0000000008002ff6        0x2 
 .text.SysTick_Config
                0x0000000008002ff8       0x44 ./Drivers/STM32F4xx_HAL_Driver/Src/stm32f4xx_hal_cortex.o
 .text.HAL_NVIC_SetPriorityGrouping
                0x000000000800303c       0x16 ./Drivers/STM32F4xx_HAL_Driver/Src/stm32f4xx_hal_cortex.o
                0x000000000800303c                HAL_NVIC_SetPriorityGrouping
 .text.HAL_NVIC_SetPriority
                0x0000000008003052       0x38 ./Drivers/STM32F4xx_HAL_Driver/Src/stm32f4xx_hal_cortex.o
                0x0000000008003052                HAL_NVIC_SetPriority
 .text.HAL_NVIC_EnableIRQ
                0x000000000800308a       0x1c ./Drivers/STM32F4xx_HAL_Driver/Src/stm32f4xx_hal_cortex.o
                0x000000000800308a                HAL_NVIC_EnableIRQ
 .text.HAL_SYSTICK_Config
                0x00000000080030a6       0x18 ./Drivers/STM32F4xx_HAL_Driver/Src/stm32f4xx_hal_cortex.o
                0x00000000080030a6                HAL_SYSTICK_Config
 .text.HAL_DMA_Abort_IT
                0x00000000080030be       0x44 ./Drivers/STM32F4xx_HAL_Driver/Src/stm32f4xx_hal_dma.o
                0x00000000080030be                HAL_DMA_Abort_IT
 *fill*         0x0000000008003102        0x2 
 .text.HAL_GPIO_Init
                0x0000000008003104      0x328 ./Drivers/STM32F4xx_HAL_Driver/Src/stm32f4xx_hal_gpio.o
                0x0000000008003104                HAL_GPIO_Init
 .text.HAL_GPIO_ReadPin
                0x000000000800342c       0x30 ./Drivers/STM32F4xx_HAL_Driver/Src/stm32f4xx_hal_gpio.o
                0x000000000800342c                HAL_GPIO_ReadPin
 .text.HAL_GPIO_WritePin
                0x000000000800345c       0x32 ./Drivers/STM32F4xx_HAL_Driver/Src/stm32f4xx_hal_gpio.o
                0x000000000800345c                HAL_GPIO_WritePin
 *fill*         0x000000000800348e        0x2 
 .text.HAL_RCC_ClockConfig
                0x0000000008003490      0x1cc ./Drivers/STM32F4xx_HAL_Driver/Src/stm32f4xx_hal_rcc.o
                0x0000000008003490                HAL_RCC_ClockConfig
 .text.HAL_RCC_GetHCLKFreq
                0x000000000800365c       0x18 ./Drivers/STM32F4xx_HAL_Driver/Src/stm32f4xx_hal_rcc.o
                0x000000000800365c                HAL_RCC_GetHCLKFreq
 .text.HAL_RCC_GetPCLK1Freq
                0x0000000008003674       0x28 ./Drivers/STM32F4xx_HAL_Driver/Src/stm32f4xx_hal_rcc.o
                0x0000000008003674                HAL_RCC_GetPCLK1Freq
 .text.HAL_RCC_GetPCLK2Freq
                0x000000000800369c       0x28 ./Drivers/STM32F4xx_HAL_Driver/Src/stm32f4xx_hal_rcc.o
                0x000000000800369c                HAL_RCC_GetPCLK2Freq
 .text.HAL_RCC_GetSysClockFreq
                0x00000000080036c4      0x460 ./Drivers/STM32F4xx_HAL_Driver/Src/stm32f4xx_hal_rcc_ex.o
                0x00000000080036c4                HAL_RCC_GetSysClockFreq
 .text.HAL_RCC_OscConfig
                0x0000000008003b24      0x53c ./Drivers/STM32F4xx_HAL_Driver/Src/stm32f4xx_hal_rcc_ex.o
                0x0000000008003b24                HAL_RCC_OscConfig
 .text.HAL_SPI_Init
                0x0000000008004060      0x112 ./Drivers/STM32F4xx_HAL_Driver/Src/stm32f4xx_hal_spi.o
                0x0000000008004060                HAL_SPI_Init
 .text.HAL_SPI_TransmitReceive
                0x0000000008004172      0x344 ./Drivers/STM32F4xx_HAL_Driver/Src/stm32f4xx_hal_spi.o
                0x0000000008004172                HAL_SPI_TransmitReceive
 *fill*         0x00000000080044b6        0x2 
 .text.HAL_SPI_IRQHandler
                0x00000000080044b8      0x1e8 ./Drivers/STM32F4xx_HAL_Driver/Src/stm32f4xx_hal_spi.o
                0x00000000080044b8                HAL_SPI_IRQHandler
 .text.HAL_SPI_ErrorCallback
                0x00000000080046a0       0x14 ./Drivers/STM32F4xx_HAL_Driver/Src/stm32f4xx_hal_spi.o
                0x00000000080046a0                HAL_SPI_ErrorCallback
 .text.SPI_DMAAbortOnError
                0x00000000080046b4       0x28 ./Drivers/STM32F4xx_HAL_Driver/Src/stm32f4xx_hal_spi.o
 .text.SPI_WaitFlagStateUntilTimeout
                0x00000000080046dc      0x110 ./Drivers/STM32F4xx_HAL_Driver/Src/stm32f4xx_hal_spi.o
 .text.SPI_EndRxTxTransaction
                0x00000000080047ec       0x84 ./Drivers/STM32F4xx_HAL_Driver/Src/stm32f4xx_hal_spi.o
 .text.HAL_TIM_Base_Init
                0x0000000008004870       0x9e ./Drivers/STM32F4xx_HAL_Driver/Src/stm32f4xx_hal_tim.o
                0x0000000008004870                HAL_TIM_Base_Init
 *fill*         0x000000000800490e        0x2 
 .text.HAL_TIM_Base_Start
                0x0000000008004910       0xd0 ./Drivers/STM32F4xx_HAL_Driver/Src/stm32f4xx_hal_tim.o
                0x0000000008004910                HAL_TIM_Base_Start
 .text.HAL_TIM_ConfigClockSource
                0x00000000080049e0      0x18e ./Drivers/STM32F4xx_HAL_Driver/Src/stm32f4xx_hal_tim.o
                0x00000000080049e0                HAL_TIM_ConfigClockSource
 *fill*         0x0000000008004b6e        0x2 
 .text.TIM_Base_SetConfig
                0x0000000008004b70      0x140 ./Drivers/STM32F4xx_HAL_Driver/Src/stm32f4xx_hal_tim.o
                0x0000000008004b70                TIM_Base_SetConfig
 .text.TIM_TI1_ConfigInputStage
                0x0000000008004cb0       0x5e ./Drivers/STM32F4xx_HAL_Driver/Src/stm32f4xx_hal_tim.o
 .text.TIM_TI2_ConfigInputStage
                0x0000000008004d0e       0x60 ./Drivers/STM32F4xx_HAL_Driver/Src/stm32f4xx_hal_tim.o
 .text.TIM_ITRx_SetConfig
                0x0000000008004d6e       0x36 ./Drivers/STM32F4xx_HAL_Driver/Src/stm32f4xx_hal_tim.o
 .text.TIM_ETR_SetConfig
                0x0000000008004da4       0x40 ./Drivers/STM32F4xx_HAL_Driver/Src/stm32f4xx_hal_tim.o
                0x0000000008004da4                TIM_ETR_SetConfig
 .text.HAL_TIMEx_MasterConfigSynchronization
                0x0000000008004de4       0xf8 ./Drivers/STM32F4xx_HAL_Driver/Src/stm32f4xx_hal_tim_ex.o
                0x0000000008004de4                HAL_TIMEx_MasterConfigSynchronization
 .text.HAL_UART_Init
                0x0000000008004edc       0x9a ./Drivers/STM32F4xx_HAL_Driver/Src/stm32f4xx_hal_uart.o
                0x0000000008004edc                HAL_UART_Init
 .text.HAL_UART_Transmit
                0x0000000008004f76      0x124 ./Drivers/STM32F4xx_HAL_Driver/Src/stm32f4xx_hal_uart.o
                0x0000000008004f76                HAL_UART_Transmit
 .text.UART_WaitOnFlagUntilTimeout
                0x000000000800509a       0xdc ./Drivers/STM32F4xx_HAL_Driver/Src/stm32f4xx_hal_uart.o
 *fill*         0x0000000008005176        0x2 
 .text.UART_SetConfig
                0x0000000008005178      0x4e8 ./Drivers/STM32F4xx_HAL_Driver/Src/stm32f4xx_hal_uart.o
 .text._ZdlPvj  0x0000000008005660        0x4 C:/ST/STM32CubeIDE_1.13.2/STM32CubeIDE/plugins/com.st.stm32cube.ide.mcu.externaltools.gnu-tools-for-stm32.11.3.rel1.win32_1.1.1.202309131626/tools/bin/../lib/gcc/arm-none-eabi/11.3.1/../../../../arm-none-eabi/lib/thumb/v7e-m+fp/hard\libstdc++_nano.a(del_ops.o)
                0x0000000008005660                operator delete(void*, unsigned int)
 .text._ZdlPv   0x0000000008005664        0x4 C:/ST/STM32CubeIDE_1.13.2/STM32CubeIDE/plugins/com.st.stm32cube.ide.mcu.externaltools.gnu-tools-for-stm32.11.3.rel1.win32_1.1.1.202309131626/tools/bin/../lib/gcc/arm-none-eabi/11.3.1/../../../../arm-none-eabi/lib/thumb/v7e-m+fp/hard\libstdc++_nano.a(del_op.o)
                0x0000000008005664                operator delete(void*)
 .text.abort    0x0000000008005668        0xe C:/ST/STM32CubeIDE_1.13.2/STM32CubeIDE/plugins/com.st.stm32cube.ide.mcu.externaltools.gnu-tools-for-stm32.11.3.rel1.win32_1.1.1.202309131626/tools/bin/../lib/gcc/arm-none-eabi/11.3.1/../../../../arm-none-eabi/lib/thumb/v7e-m+fp/hard\libc_nano.a(libc_a-abort.o)
                0x0000000008005668                abort
 *fill*         0x0000000008005676        0x2 
 .text.malloc   0x0000000008005678       0x10 C:/ST/STM32CubeIDE_1.13.2/STM32CubeIDE/plugins/com.st.stm32cube.ide.mcu.externaltools.gnu-tools-for-stm32.11.3.rel1.win32_1.1.1.202309131626/tools/bin/../lib/gcc/arm-none-eabi/11.3.1/../../../../arm-none-eabi/lib/thumb/v7e-m+fp/hard\libc_nano.a(libc_a-malloc.o)
                0x0000000008005678                malloc
 .text.free     0x0000000008005688       0x10 C:/ST/STM32CubeIDE_1.13.2/STM32CubeIDE/plugins/com.st.stm32cube.ide.mcu.externaltools.gnu-tools-for-stm32.11.3.rel1.win32_1.1.1.202309131626/tools/bin/../lib/gcc/arm-none-eabi/11.3.1/../../../../arm-none-eabi/lib/thumb/v7e-m+fp/hard\libc_nano.a(libc_a-malloc.o)
                0x0000000008005688                free
 .text.sbrk_aligned
                0x0000000008005698       0x40 C:/ST/STM32CubeIDE_1.13.2/STM32CubeIDE/plugins/com.st.stm32cube.ide.mcu.externaltools.gnu-tools-for-stm32.11.3.rel1.win32_1.1.1.202309131626/tools/bin/../lib/gcc/arm-none-eabi/11.3.1/../../../../arm-none-eabi/lib/thumb/v7e-m+fp/hard\libc_nano.a(libc_a-mallocr.o)
 .text._malloc_r
                0x00000000080056d8      0x100 C:/ST/STM32CubeIDE_1.13.2/STM32CubeIDE/plugins/com.st.stm32cube.ide.mcu.externaltools.gnu-tools-for-stm32.11.3.rel1.win32_1.1.1.202309131626/tools/bin/../lib/gcc/arm-none-eabi/11.3.1/../../../../arm-none-eabi/lib/thumb/v7e-m+fp/hard\libc_nano.a(libc_a-mallocr.o)
                0x00000000080056d8                _malloc_r
 .text.__malloc_lock
                0x00000000080057d8        0xc C:/ST/STM32CubeIDE_1.13.2/STM32CubeIDE/plugins/com.st.stm32cube.ide.mcu.externaltools.gnu-tools-for-stm32.11.3.rel1.win32_1.1.1.202309131626/tools/bin/../lib/gcc/arm-none-eabi/11.3.1/../../../../arm-none-eabi/lib/thumb/v7e-m+fp/hard\libc_nano.a(libc_a-mlock.o)
                0x00000000080057d8                __malloc_lock
 .text.__malloc_unlock
                0x00000000080057e4        0xc C:/ST/STM32CubeIDE_1.13.2/STM32CubeIDE/plugins/com.st.stm32cube.ide.mcu.externaltools.gnu-tools-for-stm32.11.3.rel1.win32_1.1.1.202309131626/tools/bin/../lib/gcc/arm-none-eabi/11.3.1/../../../../arm-none-eabi/lib/thumb/v7e-m+fp/hard\libc_nano.a(libc_a-mlock.o)
                0x00000000080057e4                __malloc_unlock
 .text.__cvt    0x00000000080057f0       0xc4 C:/ST/STM32CubeIDE_1.13.2/STM32CubeIDE/plugins/com.st.stm32cube.ide.mcu.externaltools.gnu-tools-for-stm32.11.3.rel1.win32_1.1.1.202309131626/tools/bin/../lib/gcc/arm-none-eabi/11.3.1/../../../../arm-none-eabi/lib/thumb/v7e-m+fp/hard\libc_nano.a(libc_a-nano-vfprintf_float.o)
                0x00000000080057f0                __cvt
 .text.__exponent
                0x00000000080058b4       0x7c C:/ST/STM32CubeIDE_1.13.2/STM32CubeIDE/plugins/com.st.stm32cube.ide.mcu.externaltools.gnu-tools-for-stm32.11.3.rel1.win32_1.1.1.202309131626/tools/bin/../lib/gcc/arm-none-eabi/11.3.1/../../../../arm-none-eabi/lib/thumb/v7e-m+fp/hard\libc_nano.a(libc_a-nano-vfprintf_float.o)
                0x00000000080058b4                __exponent
 .text._printf_float
                0x0000000008005930      0x46c C:/ST/STM32CubeIDE_1.13.2/STM32CubeIDE/plugins/com.st.stm32cube.ide.mcu.externaltools.gnu-tools-for-stm32.11.3.rel1.win32_1.1.1.202309131626/tools/bin/../lib/gcc/arm-none-eabi/11.3.1/../../../../arm-none-eabi/lib/thumb/v7e-m+fp/hard\libc_nano.a(libc_a-nano-vfprintf_float.o)
                0x0000000008005930                _printf_float
 .text._printf_common
                0x0000000008005d9c       0xda C:/ST/STM32CubeIDE_1.13.2/STM32CubeIDE/plugins/com.st.stm32cube.ide.mcu.externaltools.gnu-tools-for-stm32.11.3.rel1.win32_1.1.1.202309131626/tools/bin/../lib/gcc/arm-none-eabi/11.3.1/../../../../arm-none-eabi/lib/thumb/v7e-m+fp/hard\libc_nano.a(libc_a-nano-vfprintf_i.o)
                0x0000000008005d9c                _printf_common
 *fill*         0x0000000008005e76        0x2 
 .text._printf_i
                0x0000000008005e78      0x244 C:/ST/STM32CubeIDE_1.13.2/STM32CubeIDE/plugins/com.st.stm32cube.ide.mcu.externaltools.gnu-tools-for-stm32.11.3.rel1.win32_1.1.1.202309131626/tools/bin/../lib/gcc/arm-none-eabi/11.3.1/../../../../arm-none-eabi/lib/thumb/v7e-m+fp/hard\libc_nano.a(libc_a-nano-vfprintf_i.o)
                0x0000000008005e78                _printf_i
 .text.std      0x00000000080060bc       0x6c C:/ST/STM32CubeIDE_1.13.2/STM32CubeIDE/plugins/com.st.stm32cube.ide.mcu.externaltools.gnu-tools-for-stm32.11.3.rel1.win32_1.1.1.202309131626/tools/bin/../lib/gcc/arm-none-eabi/11.3.1/../../../../arm-none-eabi/lib/thumb/v7e-m+fp/hard\libc_nano.a(libc_a-findfp.o)
 .text.stdio_exit_handler
                0x0000000008006128       0x18 C:/ST/STM32CubeIDE_1.13.2/STM32CubeIDE/plugins/com.st.stm32cube.ide.mcu.externaltools.gnu-tools-for-stm32.11.3.rel1.win32_1.1.1.202309131626/tools/bin/../lib/gcc/arm-none-eabi/11.3.1/../../../../arm-none-eabi/lib/thumb/v7e-m+fp/hard\libc_nano.a(libc_a-findfp.o)
 .text.cleanup_stdio
                0x0000000008006140       0x40 C:/ST/STM32CubeIDE_1.13.2/STM32CubeIDE/plugins/com.st.stm32cube.ide.mcu.externaltools.gnu-tools-for-stm32.11.3.rel1.win32_1.1.1.202309131626/tools/bin/../lib/gcc/arm-none-eabi/11.3.1/../../../../arm-none-eabi/lib/thumb/v7e-m+fp/hard\libc_nano.a(libc_a-findfp.o)
 .text.global_stdio_init.part.0
                0x0000000008006180       0x3c C:/ST/STM32CubeIDE_1.13.2/STM32CubeIDE/plugins/com.st.stm32cube.ide.mcu.externaltools.gnu-tools-for-stm32.11.3.rel1.win32_1.1.1.202309131626/tools/bin/../lib/gcc/arm-none-eabi/11.3.1/../../../../arm-none-eabi/lib/thumb/v7e-m+fp/hard\libc_nano.a(libc_a-findfp.o)
 .text.__sfp_lock_acquire
                0x00000000080061bc        0xc C:/ST/STM32CubeIDE_1.13.2/STM32CubeIDE/plugins/com.st.stm32cube.ide.mcu.externaltools.gnu-tools-for-stm32.11.3.rel1.win32_1.1.1.202309131626/tools/bin/../lib/gcc/arm-none-eabi/11.3.1/../../../../arm-none-eabi/lib/thumb/v7e-m+fp/hard\libc_nano.a(libc_a-findfp.o)
                0x00000000080061bc                __sfp_lock_acquire
 .text.__sfp_lock_release
                0x00000000080061c8        0xc C:/ST/STM32CubeIDE_1.13.2/STM32CubeIDE/plugins/com.st.stm32cube.ide.mcu.externaltools.gnu-tools-for-stm32.11.3.rel1.win32_1.1.1.202309131626/tools/bin/../lib/gcc/arm-none-eabi/11.3.1/../../../../arm-none-eabi/lib/thumb/v7e-m+fp/hard\libc_nano.a(libc_a-findfp.o)
                0x00000000080061c8                __sfp_lock_release
 .text.__sinit  0x00000000080061d4       0x30 C:/ST/STM32CubeIDE_1.13.2/STM32CubeIDE/plugins/com.st.stm32cube.ide.mcu.externaltools.gnu-tools-for-stm32.11.3.rel1.win32_1.1.1.202309131626/tools/bin/../lib/gcc/arm-none-eabi/11.3.1/../../../../arm-none-eabi/lib/thumb/v7e-m+fp/hard\libc_nano.a(libc_a-findfp.o)
                0x00000000080061d4                __sinit
 .text._fwalk_sglue
                0x0000000008006204       0x3c C:/ST/STM32CubeIDE_1.13.2/STM32CubeIDE/plugins/com.st.stm32cube.ide.mcu.externaltools.gnu-tools-for-stm32.11.3.rel1.win32_1.1.1.202309131626/tools/bin/../lib/gcc/arm-none-eabi/11.3.1/../../../../arm-none-eabi/lib/thumb/v7e-m+fp/hard\libc_nano.a(libc_a-fwalk.o)
                0x0000000008006204                _fwalk_sglue
 .text.sprintf  0x0000000008006240       0x40 C:/ST/STM32CubeIDE_1.13.2/STM32CubeIDE/plugins/com.st.stm32cube.ide.mcu.externaltools.gnu-tools-for-stm32.11.3.rel1.win32_1.1.1.202309131626/tools/bin/../lib/gcc/arm-none-eabi/11.3.1/../../../../arm-none-eabi/lib/thumb/v7e-m+fp/hard\libc_nano.a(libc_a-sprintf.o)
                0x0000000008006240                siprintf
                0x0000000008006240                sprintf
 .text.__sread  0x0000000008006280       0x22 C:/ST/STM32CubeIDE_1.13.2/STM32CubeIDE/plugins/com.st.stm32cube.ide.mcu.externaltools.gnu-tools-for-stm32.11.3.rel1.win32_1.1.1.202309131626/tools/bin/../lib/gcc/arm-none-eabi/11.3.1/../../../../arm-none-eabi/lib/thumb/v7e-m+fp/hard\libc_nano.a(libc_a-stdio.o)
                0x0000000008006280                __sread
 .text.__swrite
                0x00000000080062a2       0x38 C:/ST/STM32CubeIDE_1.13.2/STM32CubeIDE/plugins/com.st.stm32cube.ide.mcu.externaltools.gnu-tools-for-stm32.11.3.rel1.win32_1.1.1.202309131626/tools/bin/../lib/gcc/arm-none-eabi/11.3.1/../../../../arm-none-eabi/lib/thumb/v7e-m+fp/hard\libc_nano.a(libc_a-stdio.o)
                0x00000000080062a2                __swrite
 .text.__sseek  0x00000000080062da       0x24 C:/ST/STM32CubeIDE_1.13.2/STM32CubeIDE/plugins/com.st.stm32cube.ide.mcu.externaltools.gnu-tools-for-stm32.11.3.rel1.win32_1.1.1.202309131626/tools/bin/../lib/gcc/arm-none-eabi/11.3.1/../../../../arm-none-eabi/lib/thumb/v7e-m+fp/hard\libc_nano.a(libc_a-stdio.o)
                0x00000000080062da                __sseek
 .text.__sclose
                0x00000000080062fe        0x8 C:/ST/STM32CubeIDE_1.13.2/STM32CubeIDE/plugins/com.st.stm32cube.ide.mcu.externaltools.gnu-tools-for-stm32.11.3.rel1.win32_1.1.1.202309131626/tools/bin/../lib/gcc/arm-none-eabi/11.3.1/../../../../arm-none-eabi/lib/thumb/v7e-m+fp/hard\libc_nano.a(libc_a-stdio.o)
                0x00000000080062fe                __sclose
 .text.memset   0x0000000008006306       0x10 C:/ST/STM32CubeIDE_1.13.2/STM32CubeIDE/plugins/com.st.stm32cube.ide.mcu.externaltools.gnu-tools-for-stm32.11.3.rel1.win32_1.1.1.202309131626/tools/bin/../lib/gcc/arm-none-eabi/11.3.1/../../../../arm-none-eabi/lib/thumb/v7e-m+fp/hard\libc_nano.a(libc_a-memset.o)
                0x0000000008006306                memset
 .text._raise_r
                0x0000000008006316       0x50 C:/ST/STM32CubeIDE_1.13.2/STM32CubeIDE/plugins/com.st.stm32cube.ide.mcu.externaltools.gnu-tools-for-stm32.11.3.rel1.win32_1.1.1.202309131626/tools/bin/../lib/gcc/arm-none-eabi/11.3.1/../../../../arm-none-eabi/lib/thumb/v7e-m+fp/hard\libc_nano.a(libc_a-signal.o)
                0x0000000008006316                _raise_r
 *fill*         0x0000000008006366        0x2 
 .text.raise    0x0000000008006368       0x10 C:/ST/STM32CubeIDE_1.13.2/STM32CubeIDE/plugins/com.st.stm32cube.ide.mcu.externaltools.gnu-tools-for-stm32.11.3.rel1.win32_1.1.1.202309131626/tools/bin/../lib/gcc/arm-none-eabi/11.3.1/../../../../arm-none-eabi/lib/thumb/v7e-m+fp/hard\libc_nano.a(libc_a-signal.o)
                0x0000000008006368                raise
 .text._localeconv_r
                0x0000000008006378        0x8 C:/ST/STM32CubeIDE_1.13.2/STM32CubeIDE/plugins/com.st.stm32cube.ide.mcu.externaltools.gnu-tools-for-stm32.11.3.rel1.win32_1.1.1.202309131626/tools/bin/../lib/gcc/arm-none-eabi/11.3.1/../../../../arm-none-eabi/lib/thumb/v7e-m+fp/hard\libc_nano.a(libc_a-localeconv.o)
                0x0000000008006378                _localeconv_r
 .text._close_r
                0x0000000008006380       0x20 C:/ST/STM32CubeIDE_1.13.2/STM32CubeIDE/plugins/com.st.stm32cube.ide.mcu.externaltools.gnu-tools-for-stm32.11.3.rel1.win32_1.1.1.202309131626/tools/bin/../lib/gcc/arm-none-eabi/11.3.1/../../../../arm-none-eabi/lib/thumb/v7e-m+fp/hard\libc_nano.a(libc_a-closer.o)
                0x0000000008006380                _close_r
 .text._lseek_r
                0x00000000080063a0       0x24 C:/ST/STM32CubeIDE_1.13.2/STM32CubeIDE/plugins/com.st.stm32cube.ide.mcu.externaltools.gnu-tools-for-stm32.11.3.rel1.win32_1.1.1.202309131626/tools/bin/../lib/gcc/arm-none-eabi/11.3.1/../../../../arm-none-eabi/lib/thumb/v7e-m+fp/hard\libc_nano.a(libc_a-lseekr.o)
                0x00000000080063a0                _lseek_r
 .text._read_r  0x00000000080063c4       0x24 C:/ST/STM32CubeIDE_1.13.2/STM32CubeIDE/plugins/com.st.stm32cube.ide.mcu.externaltools.gnu-tools-for-stm32.11.3.rel1.win32_1.1.1.202309131626/tools/bin/../lib/gcc/arm-none-eabi/11.3.1/../../../../arm-none-eabi/lib/thumb/v7e-m+fp/hard\libc_nano.a(libc_a-readr.o)
                0x00000000080063c4                _read_r
 .text._kill_r  0x00000000080063e8       0x24 C:/ST/STM32CubeIDE_1.13.2/STM32CubeIDE/plugins/com.st.stm32cube.ide.mcu.externaltools.gnu-tools-for-stm32.11.3.rel1.win32_1.1.1.202309131626/tools/bin/../lib/gcc/arm-none-eabi/11.3.1/../../../../arm-none-eabi/lib/thumb/v7e-m+fp/hard\libc_nano.a(libc_a-signalr.o)
                0x00000000080063e8                _kill_r
 .text._getpid_r
                0x000000000800640c        0x4 C:/ST/STM32CubeIDE_1.13.2/STM32CubeIDE/plugins/com.st.stm32cube.ide.mcu.externaltools.gnu-tools-for-stm32.11.3.rel1.win32_1.1.1.202309131626/tools/bin/../lib/gcc/arm-none-eabi/11.3.1/../../../../arm-none-eabi/lib/thumb/v7e-m+fp/hard\libc_nano.a(libc_a-signalr.o)
                0x000000000800640c                _getpid_r
 .text._sbrk_r  0x0000000008006410       0x20 C:/ST/STM32CubeIDE_1.13.2/STM32CubeIDE/plugins/com.st.stm32cube.ide.mcu.externaltools.gnu-tools-for-stm32.11.3.rel1.win32_1.1.1.202309131626/tools/bin/../lib/gcc/arm-none-eabi/11.3.1/../../../../arm-none-eabi/lib/thumb/v7e-m+fp/hard\libc_nano.a(libc_a-sbrkr.o)
                0x0000000008006410                _sbrk_r
 .text._write_r
                0x0000000008006430       0x24 C:/ST/STM32CubeIDE_1.13.2/STM32CubeIDE/plugins/com.st.stm32cube.ide.mcu.externaltools.gnu-tools-for-stm32.11.3.rel1.win32_1.1.1.202309131626/tools/bin/../lib/gcc/arm-none-eabi/11.3.1/../../../../arm-none-eabi/lib/thumb/v7e-m+fp/hard\libc_nano.a(libc_a-writer.o)
                0x0000000008006430                _write_r
 .text.__errno  0x0000000008006454        0xc C:/ST/STM32CubeIDE_1.13.2/STM32CubeIDE/plugins/com.st.stm32cube.ide.mcu.externaltools.gnu-tools-for-stm32.11.3.rel1.win32_1.1.1.202309131626/tools/bin/../lib/gcc/arm-none-eabi/11.3.1/../../../../arm-none-eabi/lib/thumb/v7e-m+fp/hard\libc_nano.a(libc_a-errno.o)
                0x0000000008006454                __errno
 .text.__libc_init_array
                0x0000000008006460       0x48 C:/ST/STM32CubeIDE_1.13.2/STM32CubeIDE/plugins/com.st.stm32cube.ide.mcu.externaltools.gnu-tools-for-stm32.11.3.rel1.win32_1.1.1.202309131626/tools/bin/../lib/gcc/arm-none-eabi/11.3.1/../../../../arm-none-eabi/lib/thumb/v7e-m+fp/hard\libc_nano.a(libc_a-init.o)
                0x0000000008006460                __libc_init_array
 .text.__retarget_lock_init_recursive
                0x00000000080064a8        0x2 C:/ST/STM32CubeIDE_1.13.2/STM32CubeIDE/plugins/com.st.stm32cube.ide.mcu.externaltools.gnu-tools-for-stm32.11.3.rel1.win32_1.1.1.202309131626/tools/bin/../lib/gcc/arm-none-eabi/11.3.1/../../../../arm-none-eabi/lib/thumb/v7e-m+fp/hard\libc_nano.a(libc_a-lock.o)
                0x00000000080064a8                __retarget_lock_init_recursive
 .text.__retarget_lock_acquire_recursive
                0x00000000080064aa        0x2 C:/ST/STM32CubeIDE_1.13.2/STM32CubeIDE/plugins/com.st.stm32cube.ide.mcu.externaltools.gnu-tools-for-stm32.11.3.rel1.win32_1.1.1.202309131626/tools/bin/../lib/gcc/arm-none-eabi/11.3.1/../../../../arm-none-eabi/lib/thumb/v7e-m+fp/hard\libc_nano.a(libc_a-lock.o)
                0x00000000080064aa                __retarget_lock_acquire_recursive
 .text.__retarget_lock_release_recursive
                0x00000000080064ac        0x2 C:/ST/STM32CubeIDE_1.13.2/STM32CubeIDE/plugins/com.st.stm32cube.ide.mcu.externaltools.gnu-tools-for-stm32.11.3.rel1.win32_1.1.1.202309131626/tools/bin/../lib/gcc/arm-none-eabi/11.3.1/../../../../arm-none-eabi/lib/thumb/v7e-m+fp/hard\libc_nano.a(libc_a-lock.o)
                0x00000000080064ac                __retarget_lock_release_recursive
 .text.memcpy   0x00000000080064ae       0x1c C:/ST/STM32CubeIDE_1.13.2/STM32CubeIDE/plugins/com.st.stm32cube.ide.mcu.externaltools.gnu-tools-for-stm32.11.3.rel1.win32_1.1.1.202309131626/tools/bin/../lib/gcc/arm-none-eabi/11.3.1/../../../../arm-none-eabi/lib/thumb/v7e-m+fp/hard\libc_nano.a(libc_a-memcpy-stub.o)
                0x00000000080064ae                memcpy
 .text.quorem   0x00000000080064ca      0x110 C:/ST/STM32CubeIDE_1.13.2/STM32CubeIDE/plugins/com.st.stm32cube.ide.mcu.externaltools.gnu-tools-for-stm32.11.3.rel1.win32_1.1.1.202309131626/tools/bin/../lib/gcc/arm-none-eabi/11.3.1/../../../../arm-none-eabi/lib/thumb/v7e-m+fp/hard\libc_nano.a(libc_a-dtoa.o)
 *fill*         0x00000000080065da        0x6 
 .text._dtoa_r  0x00000000080065e0      0xbe4 C:/ST/STM32CubeIDE_1.13.2/STM32CubeIDE/plugins/com.st.stm32cube.ide.mcu.externaltools.gnu-tools-for-stm32.11.3.rel1.win32_1.1.1.202309131626/tools/bin/../lib/gcc/arm-none-eabi/11.3.1/../../../../arm-none-eabi/lib/thumb/v7e-m+fp/hard\libc_nano.a(libc_a-dtoa.o)
                0x00000000080065e0                _dtoa_r
 .text._free_r  0x00000000080071c4       0x98 C:/ST/STM32CubeIDE_1.13.2/STM32CubeIDE/plugins/com.st.stm32cube.ide.mcu.externaltools.gnu-tools-for-stm32.11.3.rel1.win32_1.1.1.202309131626/tools/bin/../lib/gcc/arm-none-eabi/11.3.1/../../../../arm-none-eabi/lib/thumb/v7e-m+fp/hard\libc_nano.a(libc_a-freer.o)
                0x00000000080071c4                _free_r
 .text._Balloc  0x000000000800725c       0x80 C:/ST/STM32CubeIDE_1.13.2/STM32CubeIDE/plugins/com.st.stm32cube.ide.mcu.externaltools.gnu-tools-for-stm32.11.3.rel1.win32_1.1.1.202309131626/tools/bin/../lib/gcc/arm-none-eabi/11.3.1/../../../../arm-none-eabi/lib/thumb/v7e-m+fp/hard\libc_nano.a(libc_a-mprec.o)
                0x000000000800725c                _Balloc
 .text._Bfree   0x00000000080072dc       0x44 C:/ST/STM32CubeIDE_1.13.2/STM32CubeIDE/plugins/com.st.stm32cube.ide.mcu.externaltools.gnu-tools-for-stm32.11.3.rel1.win32_1.1.1.202309131626/tools/bin/../lib/gcc/arm-none-eabi/11.3.1/../../../../arm-none-eabi/lib/thumb/v7e-m+fp/hard\libc_nano.a(libc_a-mprec.o)
                0x00000000080072dc                _Bfree
 .text.__multadd
                0x0000000008007320       0x8c C:/ST/STM32CubeIDE_1.13.2/STM32CubeIDE/plugins/com.st.stm32cube.ide.mcu.externaltools.gnu-tools-for-stm32.11.3.rel1.win32_1.1.1.202309131626/tools/bin/../lib/gcc/arm-none-eabi/11.3.1/../../../../arm-none-eabi/lib/thumb/v7e-m+fp/hard\libc_nano.a(libc_a-mprec.o)
                0x0000000008007320                __multadd
 .text.__hi0bits
                0x00000000080073ac       0x40 C:/ST/STM32CubeIDE_1.13.2/STM32CubeIDE/plugins/com.st.stm32cube.ide.mcu.externaltools.gnu-tools-for-stm32.11.3.rel1.win32_1.1.1.202309131626/tools/bin/../lib/gcc/arm-none-eabi/11.3.1/../../../../arm-none-eabi/lib/thumb/v7e-m+fp/hard\libc_nano.a(libc_a-mprec.o)
                0x00000000080073ac                __hi0bits
 .text.__lo0bits
                0x00000000080073ec       0x5a C:/ST/STM32CubeIDE_1.13.2/STM32CubeIDE/plugins/com.st.stm32cube.ide.mcu.externaltools.gnu-tools-for-stm32.11.3.rel1.win32_1.1.1.202309131626/tools/bin/../lib/gcc/arm-none-eabi/11.3.1/../../../../arm-none-eabi/lib/thumb/v7e-m+fp/hard\libc_nano.a(libc_a-mprec.o)
                0x00000000080073ec                __lo0bits
 *fill*         0x0000000008007446        0x2 
 .text.__i2b    0x0000000008007448       0x2c C:/ST/STM32CubeIDE_1.13.2/STM32CubeIDE/plugins/com.st.stm32cube.ide.mcu.externaltools.gnu-tools-for-stm32.11.3.rel1.win32_1.1.1.202309131626/tools/bin/../lib/gcc/arm-none-eabi/11.3.1/../../../../arm-none-eabi/lib/thumb/v7e-m+fp/hard\libc_nano.a(libc_a-mprec.o)
                0x0000000008007448                __i2b
 .text.__multiply
                0x0000000008007474      0x154 C:/ST/STM32CubeIDE_1.13.2/STM32CubeIDE/plugins/com.st.stm32cube.ide.mcu.externaltools.gnu-tools-for-stm32.11.3.rel1.win32_1.1.1.202309131626/tools/bin/../lib/gcc/arm-none-eabi/11.3.1/../../../../arm-none-eabi/lib/thumb/v7e-m+fp/hard\libc_nano.a(libc_a-mprec.o)
                0x0000000008007474                __multiply
 .text.__pow5mult
                0x00000000080075c8       0xb4 C:/ST/STM32CubeIDE_1.13.2/STM32CubeIDE/plugins/com.st.stm32cube.ide.mcu.externaltools.gnu-tools-for-stm32.11.3.rel1.win32_1.1.1.202309131626/tools/bin/../lib/gcc/arm-none-eabi/11.3.1/../../../../arm-none-eabi/lib/thumb/v7e-m+fp/hard\libc_nano.a(libc_a-mprec.o)
                0x00000000080075c8                __pow5mult
 .text.__lshift
                0x000000000800767c       0xd8 C:/ST/STM32CubeIDE_1.13.2/STM32CubeIDE/plugins/com.st.stm32cube.ide.mcu.externaltools.gnu-tools-for-stm32.11.3.rel1.win32_1.1.1.202309131626/tools/bin/../lib/gcc/arm-none-eabi/11.3.1/../../../../arm-none-eabi/lib/thumb/v7e-m+fp/hard\libc_nano.a(libc_a-mprec.o)
                0x000000000800767c                __lshift
 .text.__mcmp   0x0000000008007754       0x38 C:/ST/STM32CubeIDE_1.13.2/STM32CubeIDE/plugins/com.st.stm32cube.ide.mcu.externaltools.gnu-tools-for-stm32.11.3.rel1.win32_1.1.1.202309131626/tools/bin/../lib/gcc/arm-none-eabi/11.3.1/../../../../arm-none-eabi/lib/thumb/v7e-m+fp/hard\libc_nano.a(libc_a-mprec.o)
                0x0000000008007754                __mcmp
 .text.__mdiff  0x000000000800778c      0x114 C:/ST/STM32CubeIDE_1.13.2/STM32CubeIDE/plugins/com.st.stm32cube.ide.mcu.externaltools.gnu-tools-for-stm32.11.3.rel1.win32_1.1.1.202309131626/tools/bin/../lib/gcc/arm-none-eabi/11.3.1/../../../../arm-none-eabi/lib/thumb/v7e-m+fp/hard\libc_nano.a(libc_a-mprec.o)
                0x000000000800778c                __mdiff
 .text.__d2b    0x00000000080078a0       0xb4 C:/ST/STM32CubeIDE_1.13.2/STM32CubeIDE/plugins/com.st.stm32cube.ide.mcu.externaltools.gnu-tools-for-stm32.11.3.rel1.win32_1.1.1.202309131626/tools/bin/../lib/gcc/arm-none-eabi/11.3.1/../../../../arm-none-eabi/lib/thumb/v7e-m+fp/hard\libc_nano.a(libc_a-mprec.o)
                0x00000000080078a0                __d2b
 .text.__ssputs_r
                0x0000000008007954       0xb4 C:/ST/STM32CubeIDE_1.13.2/STM32CubeIDE/plugins/com.st.stm32cube.ide.mcu.externaltools.gnu-tools-for-stm32.11.3.rel1.win32_1.1.1.202309131626/tools/bin/../lib/gcc/arm-none-eabi/11.3.1/../../../../arm-none-eabi/lib/thumb/v7e-m+fp/hard\libc_nano.a(libc_a-nano-svfprintf.o)
                0x0000000008007954                __ssputs_r
 .text._svfprintf_r
                0x0000000008007a08      0x1fc C:/ST/STM32CubeIDE_1.13.2/STM32CubeIDE/plugins/com.st.stm32cube.ide.mcu.externaltools.gnu-tools-for-stm32.11.3.rel1.win32_1.1.1.202309131626/tools/bin/../lib/gcc/arm-none-eabi/11.3.1/../../../../arm-none-eabi/lib/thumb/v7e-m+fp/hard\libc_nano.a(libc_a-nano-svfprintf.o)
                0x0000000008007a08                _svfiprintf_r
                0x0000000008007a08                _svfprintf_r
 .text.__sflush_r
                0x0000000008007c04      0x10c C:/ST/STM32CubeIDE_1.13.2/STM32CubeIDE/plugins/com.st.stm32cube.ide.mcu.externaltools.gnu-tools-for-stm32.11.3.rel1.win32_1.1.1.202309131626/tools/bin/../lib/gcc/arm-none-eabi/11.3.1/../../../../arm-none-eabi/lib/thumb/v7e-m+fp/hard\libc_nano.a(libc_a-fflush.o)
                0x0000000008007c04                __sflush_r
 .text._fflush_r
                0x0000000008007d10       0x50 C:/ST/STM32CubeIDE_1.13.2/STM32CubeIDE/plugins/com.st.stm32cube.ide.mcu.externaltools.gnu-tools-for-stm32.11.3.rel1.win32_1.1.1.202309131626/tools/bin/../lib/gcc/arm-none-eabi/11.3.1/../../../../arm-none-eabi/lib/thumb/v7e-m+fp/hard\libc_nano.a(libc_a-fflush.o)
                0x0000000008007d10                _fflush_r
 .text.memmove  0x0000000008007d60       0x34 C:/ST/STM32CubeIDE_1.13.2/STM32CubeIDE/plugins/com.st.stm32cube.ide.mcu.externaltools.gnu-tools-for-stm32.11.3.rel1.win32_1.1.1.202309131626/tools/bin/../lib/gcc/arm-none-eabi/11.3.1/../../../../arm-none-eabi/lib/thumb/v7e-m+fp/hard\libc_nano.a(libc_a-memmove.o)
                0x0000000008007d60                memmove
 .text.__assert_func
                0x0000000008007d94       0x3c C:/ST/STM32CubeIDE_1.13.2/STM32CubeIDE/plugins/com.st.stm32cube.ide.mcu.externaltools.gnu-tools-for-stm32.11.3.rel1.win32_1.1.1.202309131626/tools/bin/../lib/gcc/arm-none-eabi/11.3.1/../../../../arm-none-eabi/lib/thumb/v7e-m+fp/hard\libc_nano.a(libc_a-assert.o)
                0x0000000008007d94                __assert_func
 .text._calloc_r
                0x0000000008007dd0       0x2c C:/ST/STM32CubeIDE_1.13.2/STM32CubeIDE/plugins/com.st.stm32cube.ide.mcu.externaltools.gnu-tools-for-stm32.11.3.rel1.win32_1.1.1.202309131626/tools/bin/../lib/gcc/arm-none-eabi/11.3.1/../../../../arm-none-eabi/lib/thumb/v7e-m+fp/hard\libc_nano.a(libc_a-callocr.o)
                0x0000000008007dd0                _calloc_r
 .text.__ascii_mbtowc
                0x0000000008007dfc       0x24 C:/ST/STM32CubeIDE_1.13.2/STM32CubeIDE/plugins/com.st.stm32cube.ide.mcu.externaltools.gnu-tools-for-stm32.11.3.rel1.win32_1.1.1.202309131626/tools/bin/../lib/gcc/arm-none-eabi/11.3.1/../../../../arm-none-eabi/lib/thumb/v7e-m+fp/hard\libc_nano.a(libc_a-mbtowc_r.o)
                0x0000000008007dfc                __ascii_mbtowc
 .text._realloc_r
                0x0000000008007e20       0x5e C:/ST/STM32CubeIDE_1.13.2/STM32CubeIDE/plugins/com.st.stm32cube.ide.mcu.externaltools.gnu-tools-for-stm32.11.3.rel1.win32_1.1.1.202309131626/tools/bin/../lib/gcc/arm-none-eabi/11.3.1/../../../../arm-none-eabi/lib/thumb/v7e-m+fp/hard\libc_nano.a(libc_a-reallocr.o)
                0x0000000008007e20                _realloc_r
 .text.__ascii_wctomb
                0x0000000008007e7e       0x1a C:/ST/STM32CubeIDE_1.13.2/STM32CubeIDE/plugins/com.st.stm32cube.ide.mcu.externaltools.gnu-tools-for-stm32.11.3.rel1.win32_1.1.1.202309131626/tools/bin/../lib/gcc/arm-none-eabi/11.3.1/../../../../arm-none-eabi/lib/thumb/v7e-m+fp/hard\libc_nano.a(libc_a-wctomb_r.o)
                0x0000000008007e7e                __ascii_wctomb
 .text.fprintf  0x0000000008007e98       0x24 C:/ST/STM32CubeIDE_1.13.2/STM32CubeIDE/plugins/com.st.stm32cube.ide.mcu.externaltools.gnu-tools-for-stm32.11.3.rel1.win32_1.1.1.202309131626/tools/bin/../lib/gcc/arm-none-eabi/11.3.1/../../../../arm-none-eabi/lib/thumb/v7e-m+fp/hard\libc_nano.a(libc_a-fprintf.o)
                0x0000000008007e98                fiprintf
                0x0000000008007e98                fprintf
 .text._malloc_usable_size_r
                0x0000000008007ebc       0x10 C:/ST/STM32CubeIDE_1.13.2/STM32CubeIDE/plugins/com.st.stm32cube.ide.mcu.externaltools.gnu-tools-for-stm32.11.3.rel1.win32_1.1.1.202309131626/tools/bin/../lib/gcc/arm-none-eabi/11.3.1/../../../../arm-none-eabi/lib/thumb/v7e-m+fp/hard\libc_nano.a(libc_a-msizer.o)
                0x0000000008007ebc                _malloc_usable_size_r
 .text.__sfputc_r
                0x0000000008007ecc       0x2e C:/ST/STM32CubeIDE_1.13.2/STM32CubeIDE/plugins/com.st.stm32cube.ide.mcu.externaltools.gnu-tools-for-stm32.11.3.rel1.win32_1.1.1.202309131626/tools/bin/../lib/gcc/arm-none-eabi/11.3.1/../../../../arm-none-eabi/lib/thumb/v7e-m+fp/hard\libc_nano.a(libc_a-nano-vfprintf.o)
 .text.__sfputs_r
                0x0000000008007efa       0x24 C:/ST/STM32CubeIDE_1.13.2/STM32CubeIDE/plugins/com.st.stm32cube.ide.mcu.externaltools.gnu-tools-for-stm32.11.3.rel1.win32_1.1.1.202309131626/tools/bin/../lib/gcc/arm-none-eabi/11.3.1/../../../../arm-none-eabi/lib/thumb/v7e-m+fp/hard\libc_nano.a(libc_a-nano-vfprintf.o)
                0x0000000008007efa                __sfputs_r
 *fill*         0x0000000008007f1e        0x2 
 .text._vfprintf_r
                0x0000000008007f20      0x234 C:/ST/STM32CubeIDE_1.13.2/STM32CubeIDE/plugins/com.st.stm32cube.ide.mcu.externaltools.gnu-tools-for-stm32.11.3.rel1.win32_1.1.1.202309131626/tools/bin/../lib/gcc/arm-none-eabi/11.3.1/../../../../arm-none-eabi/lib/thumb/v7e-m+fp/hard\libc_nano.a(libc_a-nano-vfprintf.o)
                0x0000000008007f20                _vfprintf_r
                0x0000000008007f20                _vfiprintf_r
 .text.__swbuf_r
                0x0000000008008154       0x7a C:/ST/STM32CubeIDE_1.13.2/STM32CubeIDE/plugins/com.st.stm32cube.ide.mcu.externaltools.gnu-tools-for-stm32.11.3.rel1.win32_1.1.1.202309131626/tools/bin/../lib/gcc/arm-none-eabi/11.3.1/../../../../arm-none-eabi/lib/thumb/v7e-m+fp/hard\libc_nano.a(libc_a-wbuf.o)
                0x0000000008008154                __swbuf_r
 *fill*         0x00000000080081ce        0x2 
 .text.__swsetup_r
                0x00000000080081d0       0xb0 C:/ST/STM32CubeIDE_1.13.2/STM32CubeIDE/plugins/com.st.stm32cube.ide.mcu.externaltools.gnu-tools-for-stm32.11.3.rel1.win32_1.1.1.202309131626/tools/bin/../lib/gcc/arm-none-eabi/11.3.1/../../../../arm-none-eabi/lib/thumb/v7e-m+fp/hard\libc_nano.a(libc_a-wsetup.o)
                0x00000000080081d0                __swsetup_r
 .text.__swhatbuf_r
                0x0000000008008280       0x4c C:/ST/STM32CubeIDE_1.13.2/STM32CubeIDE/plugins/com.st.stm32cube.ide.mcu.externaltools.gnu-tools-for-stm32.11.3.rel1.win32_1.1.1.202309131626/tools/bin/../lib/gcc/arm-none-eabi/11.3.1/../../../../arm-none-eabi/lib/thumb/v7e-m+fp/hard\libc_nano.a(libc_a-makebuf.o)
                0x0000000008008280                __swhatbuf_r
 .text.__smakebuf_r
                0x00000000080082cc       0x78 C:/ST/STM32CubeIDE_1.13.2/STM32CubeIDE/plugins/com.st.stm32cube.ide.mcu.externaltools.gnu-tools-for-stm32.11.3.rel1.win32_1.1.1.202309131626/tools/bin/../lib/gcc/arm-none-eabi/11.3.1/../../../../arm-none-eabi/lib/thumb/v7e-m+fp/hard\libc_nano.a(libc_a-makebuf.o)
                0x00000000080082cc                __smakebuf_r
 .text._fstat_r
                0x0000000008008344       0x24 C:/ST/STM32CubeIDE_1.13.2/STM32CubeIDE/plugins/com.st.stm32cube.ide.mcu.externaltools.gnu-tools-for-stm32.11.3.rel1.win32_1.1.1.202309131626/tools/bin/../lib/gcc/arm-none-eabi/11.3.1/../../../../arm-none-eabi/lib/thumb/v7e-m+fp/hard\libc_nano.a(libc_a-fstatr.o)
                0x0000000008008344                _fstat_r
 .text._isatty_r
                0x0000000008008368       0x20 C:/ST/STM32CubeIDE_1.13.2/STM32CubeIDE/plugins/com.st.stm32cube.ide.mcu.externaltools.gnu-tools-for-stm32.11.3.rel1.win32_1.1.1.202309131626/tools/bin/../lib/gcc/arm-none-eabi/11.3.1/../../../../arm-none-eabi/lib/thumb/v7e-m+fp/hard\libc_nano.a(libc_a-isattyr.o)
                0x0000000008008368                _isatty_r
 *(.glue_7)
 .glue_7        0x0000000008008388        0x0 linker stubs
 *(.glue_7t)
 .glue_7t       0x0000000008008388        0x0 linker stubs
 *(.eh_frame)
 .eh_frame      0x0000000008008388        0x0 C:/ST/STM32CubeIDE_1.13.2/STM32CubeIDE/plugins/com.st.stm32cube.ide.mcu.externaltools.gnu-tools-for-stm32.11.3.rel1.win32_1.1.1.202309131626/tools/bin/../lib/gcc/arm-none-eabi/11.3.1/thumb/v7e-m+fp/hard/crtbegin.o
 *(.init)
 .init          0x0000000008008388        0x4 C:/ST/STM32CubeIDE_1.13.2/STM32CubeIDE/plugins/com.st.stm32cube.ide.mcu.externaltools.gnu-tools-for-stm32.11.3.rel1.win32_1.1.1.202309131626/tools/bin/../lib/gcc/arm-none-eabi/11.3.1/thumb/v7e-m+fp/hard/crti.o
                0x0000000008008388                _init
 .init          0x000000000800838c        0x8 C:/ST/STM32CubeIDE_1.13.2/STM32CubeIDE/plugins/com.st.stm32cube.ide.mcu.externaltools.gnu-tools-for-stm32.11.3.rel1.win32_1.1.1.202309131626/tools/bin/../lib/gcc/arm-none-eabi/11.3.1/thumb/v7e-m+fp/hard/crtn.o
 *(.fini)
 .fini          0x0000000008008394        0x4 C:/ST/STM32CubeIDE_1.13.2/STM32CubeIDE/plugins/com.st.stm32cube.ide.mcu.externaltools.gnu-tools-for-stm32.11.3.rel1.win32_1.1.1.202309131626/tools/bin/../lib/gcc/arm-none-eabi/11.3.1/thumb/v7e-m+fp/hard/crti.o
                0x0000000008008394                _fini
 .fini          0x0000000008008398        0x8 C:/ST/STM32CubeIDE_1.13.2/STM32CubeIDE/plugins/com.st.stm32cube.ide.mcu.externaltools.gnu-tools-for-stm32.11.3.rel1.win32_1.1.1.202309131626/tools/bin/../lib/gcc/arm-none-eabi/11.3.1/thumb/v7e-m+fp/hard/crtn.o
                0x00000000080083a0                . = ALIGN (0x4)
                0x00000000080083a0                _etext = .

.vfp11_veneer   0x00000000080083a0        0x0
 .vfp11_veneer  0x00000000080083a0        0x0 linker stubs

.v4_bx          0x00000000080083a0        0x0
 .v4_bx         0x00000000080083a0        0x0 linker stubs

.iplt           0x00000000080083a0        0x0
 .iplt          0x00000000080083a0        0x0 C:/ST/STM32CubeIDE_1.13.2/STM32CubeIDE/plugins/com.st.stm32cube.ide.mcu.externaltools.gnu-tools-for-stm32.11.3.rel1.win32_1.1.1.202309131626/tools/bin/../lib/gcc/arm-none-eabi/11.3.1/thumb/v7e-m+fp/hard/crtbegin.o

.rodata         0x00000000080083a0      0x4dc
                0x00000000080083a0                . = ALIGN (0x4)
 *(.rodata)
 .rodata        0x00000000080083a0       0x86 ./Core/Src/main.o
 *(.rodata*)
 *fill*         0x0000000008008426        0x2 
 .rodata._ZTV6SX128x
                0x0000000008008428       0x64 ./Core/Src/SX128x.o
                0x0000000008008428                vtable for SX128x
 .rodata._ZTV10SX128x_OBJ
                0x000000000800848c       0x64 ./Core/Src/SX128x_driver.o
                0x000000000800848c                vtable for SX128x_OBJ
 .rodata.AHBPrescTable
                0x00000000080084f0       0x10 ./Core/Src/system_stm32f4xx.o
                0x00000000080084f0                AHBPrescTable
 .rodata.APBPrescTable
                0x0000000008008500        0x8 ./Core/Src/system_stm32f4xx.o
                0x0000000008008500                APBPrescTable
 .rodata._printf_float.str1.1
                0x0000000008008508       0x12 C:/ST/STM32CubeIDE_1.13.2/STM32CubeIDE/plugins/com.st.stm32cube.ide.mcu.externaltools.gnu-tools-for-stm32.11.3.rel1.win32_1.1.1.202309131626/tools/bin/../lib/gcc/arm-none-eabi/11.3.1/../../../../arm-none-eabi/lib/thumb/v7e-m+fp/hard\libc_nano.a(libc_a-nano-vfprintf_float.o)
 .rodata._printf_i.str1.1
                0x000000000800851a       0x22 C:/ST/STM32CubeIDE_1.13.2/STM32CubeIDE/plugins/com.st.stm32cube.ide.mcu.externaltools.gnu-tools-for-stm32.11.3.rel1.win32_1.1.1.202309131626/tools/bin/../lib/gcc/arm-none-eabi/11.3.1/../../../../arm-none-eabi/lib/thumb/v7e-m+fp/hard\libc_nano.a(libc_a-nano-vfprintf_i.o)
 .rodata._dtoa_r.str1.1
                0x000000000800853c       0x8d C:/ST/STM32CubeIDE_1.13.2/STM32CubeIDE/plugins/com.st.stm32cube.ide.mcu.externaltools.gnu-tools-for-stm32.11.3.rel1.win32_1.1.1.202309131626/tools/bin/../lib/gcc/arm-none-eabi/11.3.1/../../../../arm-none-eabi/lib/thumb/v7e-m+fp/hard\libc_nano.a(libc_a-dtoa.o)
                                         0x8f (size before relaxing)
 .rodata._Balloc.str1.1
                0x00000000080085c9       0x59 C:/ST/STM32CubeIDE_1.13.2/STM32CubeIDE/plugins/com.st.stm32cube.ide.mcu.externaltools.gnu-tools-for-stm32.11.3.rel1.win32_1.1.1.202309131626/tools/bin/../lib/gcc/arm-none-eabi/11.3.1/../../../../arm-none-eabi/lib/thumb/v7e-m+fp/hard\libc_nano.a(libc_a-mprec.o)
                                         0x70 (size before relaxing)
 .rodata.__multadd.str1.1
                0x0000000008008622       0x11 C:/ST/STM32CubeIDE_1.13.2/STM32CubeIDE/plugins/com.st.stm32cube.ide.mcu.externaltools.gnu-tools-for-stm32.11.3.rel1.win32_1.1.1.202309131626/tools/bin/../lib/gcc/arm-none-eabi/11.3.1/../../../../arm-none-eabi/lib/thumb/v7e-m+fp/hard\libc_nano.a(libc_a-mprec.o)
 *fill*         0x0000000008008622        0x6 
 .rodata.__mprec_bigtens
                0x0000000008008628       0x28 C:/ST/STM32CubeIDE_1.13.2/STM32CubeIDE/plugins/com.st.stm32cube.ide.mcu.externaltools.gnu-tools-for-stm32.11.3.rel1.win32_1.1.1.202309131626/tools/bin/../lib/gcc/arm-none-eabi/11.3.1/../../../../arm-none-eabi/lib/thumb/v7e-m+fp/hard\libc_nano.a(libc_a-mprec.o)
                0x0000000008008628                __mprec_bigtens
 .rodata.__mprec_tens
                0x0000000008008650       0xc8 C:/ST/STM32CubeIDE_1.13.2/STM32CubeIDE/plugins/com.st.stm32cube.ide.mcu.externaltools.gnu-tools-for-stm32.11.3.rel1.win32_1.1.1.202309131626/tools/bin/../lib/gcc/arm-none-eabi/11.3.1/../../../../arm-none-eabi/lib/thumb/v7e-m+fp/hard\libc_nano.a(libc_a-mprec.o)
                0x0000000008008650                __mprec_tens
 .rodata.p05.0  0x0000000008008718        0xc C:/ST/STM32CubeIDE_1.13.2/STM32CubeIDE/plugins/com.st.stm32cube.ide.mcu.externaltools.gnu-tools-for-stm32.11.3.rel1.win32_1.1.1.202309131626/tools/bin/../lib/gcc/arm-none-eabi/11.3.1/../../../../arm-none-eabi/lib/thumb/v7e-m+fp/hard\libc_nano.a(libc_a-mprec.o)
 .rodata._svfprintf_r.str1.1
                0x0000000008008724       0x11 C:/ST/STM32CubeIDE_1.13.2/STM32CubeIDE/plugins/com.st.stm32cube.ide.mcu.externaltools.gnu-tools-for-stm32.11.3.rel1.win32_1.1.1.202309131626/tools/bin/../lib/gcc/arm-none-eabi/11.3.1/../../../../arm-none-eabi/lib/thumb/v7e-m+fp/hard\libc_nano.a(libc_a-nano-svfprintf.o)
 .rodata._setlocale_r.str1.1
                0x0000000008008735        0x8 C:/ST/STM32CubeIDE_1.13.2/STM32CubeIDE/plugins/com.st.stm32cube.ide.mcu.externaltools.gnu-tools-for-stm32.11.3.rel1.win32_1.1.1.202309131626/tools/bin/../lib/gcc/arm-none-eabi/11.3.1/../../../../arm-none-eabi/lib/thumb/v7e-m+fp/hard\libc_nano.a(libc_a-locale.o)
                                          0x9 (size before relaxing)
 .rodata.str1.1
                0x000000000800873d        0x2 C:/ST/STM32CubeIDE_1.13.2/STM32CubeIDE/plugins/com.st.stm32cube.ide.mcu.externaltools.gnu-tools-for-stm32.11.3.rel1.win32_1.1.1.202309131626/tools/bin/../lib/gcc/arm-none-eabi/11.3.1/../../../../arm-none-eabi/lib/thumb/v7e-m+fp/hard\libc_nano.a(libc_a-locale.o)
 .rodata.__assert_func.str1.1
                0x000000000800873f       0x3c C:/ST/STM32CubeIDE_1.13.2/STM32CubeIDE/plugins/com.st.stm32cube.ide.mcu.externaltools.gnu-tools-for-stm32.11.3.rel1.win32_1.1.1.202309131626/tools/bin/../lib/gcc/arm-none-eabi/11.3.1/../../../../arm-none-eabi/lib/thumb/v7e-m+fp/hard\libc_nano.a(libc_a-assert.o)
                                         0x3d (size before relaxing)
 .rodata._ctype_
                0x000000000800877b      0x101 C:/ST/STM32CubeIDE_1.13.2/STM32CubeIDE/plugins/com.st.stm32cube.ide.mcu.externaltools.gnu-tools-for-stm32.11.3.rel1.win32_1.1.1.202309131626/tools/bin/../lib/gcc/arm-none-eabi/11.3.1/../../../../arm-none-eabi/lib/thumb/v7e-m+fp/hard\libc_nano.a(libc_a-ctype_.o)
                0x000000000800877b                _ctype_
 .rodata._vfprintf_r.str1.1
                0x000000000800887c       0x11 C:/ST/STM32CubeIDE_1.13.2/STM32CubeIDE/plugins/com.st.stm32cube.ide.mcu.externaltools.gnu-tools-for-stm32.11.3.rel1.win32_1.1.1.202309131626/tools/bin/../lib/gcc/arm-none-eabi/11.3.1/../../../../arm-none-eabi/lib/thumb/v7e-m+fp/hard\libc_nano.a(libc_a-nano-vfprintf.o)
                0x0000000008008890                . = ALIGN (0x4)

.ARM.extab      0x000000000800887c        0x0
                0x000000000800887c                . = ALIGN (0x4)
 *(.ARM.extab* .gnu.linkonce.armextab.*)
                0x000000000800887c                . = ALIGN (0x4)

.ARM            0x000000000800887c        0x8
                0x000000000800887c                . = ALIGN (0x4)
                0x000000000800887c                __exidx_start = .
 *(.ARM.exidx*)
 .ARM.exidx     0x000000000800887c        0x8 C:/ST/STM32CubeIDE_1.13.2/STM32CubeIDE/plugins/com.st.stm32cube.ide.mcu.externaltools.gnu-tools-for-stm32.11.3.rel1.win32_1.1.1.202309131626/tools/bin/../lib/gcc/arm-none-eabi/11.3.1/thumb/v7e-m+fp/hard\libgcc.a(_udivmoddi4.o)
                0x0000000008008884                __exidx_end = .
                0x0000000008008884                . = ALIGN (0x4)

.rel.dyn        0x0000000008008884        0x0
 .rel.iplt      0x0000000008008884        0x0 C:/ST/STM32CubeIDE_1.13.2/STM32CubeIDE/plugins/com.st.stm32cube.ide.mcu.externaltools.gnu-tools-for-stm32.11.3.rel1.win32_1.1.1.202309131626/tools/bin/../lib/gcc/arm-none-eabi/11.3.1/thumb/v7e-m+fp/hard/crtbegin.o

.preinit_array  0x0000000008008884        0x0
                0x0000000008008884                . = ALIGN (0x4)
                0x0000000008008884                PROVIDE (__preinit_array_start = .)
 *(.preinit_array*)
                0x0000000008008884                PROVIDE (__preinit_array_end = .)
                0x0000000008008884                . = ALIGN (0x4)

.init_array     0x0000000008008884        0x8
                0x0000000008008884                . = ALIGN (0x4)
                0x0000000008008884                PROVIDE (__init_array_start = .)
 *(SORT_BY_NAME(.init_array.*))
 *(.init_array*)
 .init_array    0x0000000008008884        0x4 C:/ST/STM32CubeIDE_1.13.2/STM32CubeIDE/plugins/com.st.stm32cube.ide.mcu.externaltools.gnu-tools-for-stm32.11.3.rel1.win32_1.1.1.202309131626/tools/bin/../lib/gcc/arm-none-eabi/11.3.1/thumb/v7e-m+fp/hard/crtbegin.o
 .init_array    0x0000000008008888        0x4 ./Core/Src/main.o
                0x000000000800888c                PROVIDE (__init_array_end = .)
                0x000000000800888c                . = ALIGN (0x4)

.fini_array     0x000000000800888c        0x8
                0x000000000800888c                . = ALIGN (0x4)
                [!provide]                        PROVIDE (__fini_array_start = .)
 *(SORT_BY_NAME(.fini_array.*))
 *(.fini_array*)
 .fini_array    0x000000000800888c        0x4 C:/ST/STM32CubeIDE_1.13.2/STM32CubeIDE/plugins/com.st.stm32cube.ide.mcu.externaltools.gnu-tools-for-stm32.11.3.rel1.win32_1.1.1.202309131626/tools/bin/../lib/gcc/arm-none-eabi/11.3.1/thumb/v7e-m+fp/hard/crtbegin.o
 .fini_array    0x0000000008008890        0x4 ./Core/Src/main.o
                [!provide]                        PROVIDE (__fini_array_end = .)
                0x0000000008008894                . = ALIGN (0x4)
                0x0000000008008894                _sidata = LOADADDR (.data)

.data           0x0000000020000000      0x1d4 load address 0x0000000008008894
                0x0000000020000000                . = ALIGN (0x4)
                0x0000000020000000                _sdata = .
 *(.data)
 *(.data*)
 .data.SystemCoreClock
                0x0000000020000000        0x4 ./Core/Src/system_stm32f4xx.o
                0x0000000020000000                SystemCoreClock
 .data.uwTickPrio
                0x0000000020000004        0x4 ./Drivers/STM32F4xx_HAL_Driver/Src/stm32f4xx_hal.o
                0x0000000020000004                uwTickPrio
 .data.uwTickFreq
                0x0000000020000008        0x1 ./Drivers/STM32F4xx_HAL_Driver/Src/stm32f4xx_hal.o
                0x0000000020000008                uwTickFreq
 *fill*         0x0000000020000009        0x3 
 .data.__sglue  0x000000002000000c        0xc C:/ST/STM32CubeIDE_1.13.2/STM32CubeIDE/plugins/com.st.stm32cube.ide.mcu.externaltools.gnu-tools-for-stm32.11.3.rel1.win32_1.1.1.202309131626/tools/bin/../lib/gcc/arm-none-eabi/11.3.1/../../../../arm-none-eabi/lib/thumb/v7e-m+fp/hard\libc_nano.a(libc_a-findfp.o)
                0x000000002000000c                __sglue
 .data._impure_data
                0x0000000020000018       0x4c C:/ST/STM32CubeIDE_1.13.2/STM32CubeIDE/plugins/com.st.stm32cube.ide.mcu.externaltools.gnu-tools-for-stm32.11.3.rel1.win32_1.1.1.202309131626/tools/bin/../lib/gcc/arm-none-eabi/11.3.1/../../../../arm-none-eabi/lib/thumb/v7e-m+fp/hard\libc_nano.a(libc_a-impure.o)
                0x0000000020000018                _impure_data
 .data._impure_ptr
                0x0000000020000064        0x4 C:/ST/STM32CubeIDE_1.13.2/STM32CubeIDE/plugins/com.st.stm32cube.ide.mcu.externaltools.gnu-tools-for-stm32.11.3.rel1.win32_1.1.1.202309131626/tools/bin/../lib/gcc/arm-none-eabi/11.3.1/../../../../arm-none-eabi/lib/thumb/v7e-m+fp/hard\libc_nano.a(libc_a-impure.o)
                0x0000000020000064                _impure_ptr
 .data.__global_locale
                0x0000000020000068      0x16c C:/ST/STM32CubeIDE_1.13.2/STM32CubeIDE/plugins/com.st.stm32cube.ide.mcu.externaltools.gnu-tools-for-stm32.11.3.rel1.win32_1.1.1.202309131626/tools/bin/../lib/gcc/arm-none-eabi/11.3.1/../../../../arm-none-eabi/lib/thumb/v7e-m+fp/hard\libc_nano.a(libc_a-locale.o)
                0x0000000020000068                __global_locale
 *(.RamFunc)
 *(.RamFunc*)
                0x00000000200001d4                . = ALIGN (0x4)
                0x00000000200001d4                _edata = .

.igot.plt       0x00000000200001d4        0x0 load address 0x0000000008008a68
 .igot.plt      0x00000000200001d4        0x0 C:/ST/STM32CubeIDE_1.13.2/STM32CubeIDE/plugins/com.st.stm32cube.ide.mcu.externaltools.gnu-tools-for-stm32.11.3.rel1.win32_1.1.1.202309131626/tools/bin/../lib/gcc/arm-none-eabi/11.3.1/thumb/v7e-m+fp/hard/crtbegin.o
                0x00000000200001d4                . = ALIGN (0x4)

.bss            0x00000000200001d8      0x39c load address 0x0000000008008a68
                0x00000000200001d8                _sbss = .
                0x00000000200001d8                __bss_start__ = _sbss
 *(.bss)
 .bss           0x00000000200001d8       0x1c C:/ST/STM32CubeIDE_1.13.2/STM32CubeIDE/plugins/com.st.stm32cube.ide.mcu.externaltools.gnu-tools-for-stm32.11.3.rel1.win32_1.1.1.202309131626/tools/bin/../lib/gcc/arm-none-eabi/11.3.1/thumb/v7e-m+fp/hard/crtbegin.o
 *(.bss*)
 .bss.hspi1     0x00000000200001f4       0x58 ./Core/Src/main.o
                0x00000000200001f4                hspi1
 .bss.htim1     0x000000002000024c       0x48 ./Core/Src/main.o
                0x000000002000024c                htim1
 .bss.huart2    0x0000000020000294       0x44 ./Core/Src/main.o
                0x0000000020000294                huart2
 .bss.sx1280    0x00000000200002d8      0x148 ./Core/Src/main.o
                0x00000000200002d8                sx1280
 .bss.__sbrk_heap_end
                0x0000000020000420        0x4 ./Core/Src/sysmem.o
 .bss.uwTick    0x0000000020000424        0x4 ./Drivers/STM32F4xx_HAL_Driver/Src/stm32f4xx_hal.o
                0x0000000020000424                uwTick
 .bss.__malloc_free_list
                0x0000000020000428        0x4 C:/ST/STM32CubeIDE_1.13.2/STM32CubeIDE/plugins/com.st.stm32cube.ide.mcu.externaltools.gnu-tools-for-stm32.11.3.rel1.win32_1.1.1.202309131626/tools/bin/../lib/gcc/arm-none-eabi/11.3.1/../../../../arm-none-eabi/lib/thumb/v7e-m+fp/hard\libc_nano.a(libc_a-mallocr.o)
                0x0000000020000428                __malloc_free_list
 .bss.__malloc_sbrk_start
                0x000000002000042c        0x4 C:/ST/STM32CubeIDE_1.13.2/STM32CubeIDE/plugins/com.st.stm32cube.ide.mcu.externaltools.gnu-tools-for-stm32.11.3.rel1.win32_1.1.1.202309131626/tools/bin/../lib/gcc/arm-none-eabi/11.3.1/../../../../arm-none-eabi/lib/thumb/v7e-m+fp/hard\libc_nano.a(libc_a-mallocr.o)
                0x000000002000042c                __malloc_sbrk_start
 .bss.__sf      0x0000000020000430      0x138 C:/ST/STM32CubeIDE_1.13.2/STM32CubeIDE/plugins/com.st.stm32cube.ide.mcu.externaltools.gnu-tools-for-stm32.11.3.rel1.win32_1.1.1.202309131626/tools/bin/../lib/gcc/arm-none-eabi/11.3.1/../../../../arm-none-eabi/lib/thumb/v7e-m+fp/hard\libc_nano.a(libc_a-findfp.o)
                0x0000000020000430                __sf
 .bss.__stdio_exit_handler
                0x0000000020000568        0x4 C:/ST/STM32CubeIDE_1.13.2/STM32CubeIDE/plugins/com.st.stm32cube.ide.mcu.externaltools.gnu-tools-for-stm32.11.3.rel1.win32_1.1.1.202309131626/tools/bin/../lib/gcc/arm-none-eabi/11.3.1/../../../../arm-none-eabi/lib/thumb/v7e-m+fp/hard\libc_nano.a(libc_a-findfp.o)
                0x0000000020000568                __stdio_exit_handler
 .bss.errno     0x000000002000056c        0x4 C:/ST/STM32CubeIDE_1.13.2/STM32CubeIDE/plugins/com.st.stm32cube.ide.mcu.externaltools.gnu-tools-for-stm32.11.3.rel1.win32_1.1.1.202309131626/tools/bin/../lib/gcc/arm-none-eabi/11.3.1/../../../../arm-none-eabi/lib/thumb/v7e-m+fp/hard\libc_nano.a(libc_a-reent.o)
                0x000000002000056c                errno
 .bss.__lock___malloc_recursive_mutex
                0x0000000020000570        0x1 C:/ST/STM32CubeIDE_1.13.2/STM32CubeIDE/plugins/com.st.stm32cube.ide.mcu.externaltools.gnu-tools-for-stm32.11.3.rel1.win32_1.1.1.202309131626/tools/bin/../lib/gcc/arm-none-eabi/11.3.1/../../../../arm-none-eabi/lib/thumb/v7e-m+fp/hard\libc_nano.a(libc_a-lock.o)
                0x0000000020000570                __lock___malloc_recursive_mutex
 .bss.__lock___sfp_recursive_mutex