../Core/Src/main.c:60:13:SPI1_TRANSCEIVER_Delay	32	static
../Core/Src/main.c:68:13:SPI1_TRANSCEIVER	32	static
../Core/Src/main.c:87:5:main	288	static
../Core/Src/main.c:325:6:SystemClock_Config	88	static
../Core/Src/main.c:373:13:MX_SPI1_Init	8	static
../Core/Src/main.c:411:13:MX_TIM1_Init	32	static
../Core/Src/main.c:457:13:MX_USART2_UART_Init	8	static
../Core/Src/main.c:490:13:MX_GPIO_Init	48	static
../Core/Src/main.c:545:6:HAL_UART_TxCpltCallback	16	static
../Core/Src/main.c:556:6:Error_Handler	4	static,ignoring_inline_asm
