Archive member included to satisfy reference by file (symbol)

C:/ST/STM32CubeIDE_1.13.2/STM32CubeIDE/plugins/com.st.stm32cube.ide.mcu.externaltools.gnu-tools-for-stm32.11.3.rel1.win32_1.1.1.202309131626/tools/bin/../lib/gcc/arm-none-eabi/11.3.1/../../../../arm-none-eabi/lib/thumb/v7e-m+fp/hard\libstdc++_nano.a(del_ops.o)
                              ./Core/Src/SX128x_driver.o (operator delete(void*, unsigned int))
C:/ST/STM32CubeIDE_1.13.2/STM32CubeIDE/plugins/com.st.stm32cube.ide.mcu.externaltools.gnu-tools-for-stm32.11.3.rel1.win32_1.1.1.202309131626/tools/bin/../lib/gcc/arm-none-eabi/11.3.1/../../../../arm-none-eabi/lib/thumb/v7e-m+fp/hard\libstdc++_nano.a(functional.o)
                              ./Core/Src/SX128x.o (std::__throw_bad_function_call())
C:/ST/STM32CubeIDE_1.13.2/STM32CubeIDE/plugins/com.st.stm32cube.ide.mcu.externaltools.gnu-tools-for-stm32.11.3.rel1.win32_1.1.1.202309131626/tools/bin/../lib/gcc/arm-none-eabi/11.3.1/../../../../arm-none-eabi/lib/thumb/v7e-m+fp/hard\libstdc++_nano.a(del_op.o)
                              C:/ST/STM32CubeIDE_1.13.2/STM32CubeIDE/plugins/com.st.stm32cube.ide.mcu.externaltools.gnu-tools-for-stm32.11.3.rel1.win32_1.1.1.202309131626/tools/bin/../lib/gcc/arm-none-eabi/11.3.1/../../../../arm-none-eabi/lib/thumb/v7e-m+fp/hard\libstdc++_nano.a(del_ops.o) (operator delete(void*))
C:/ST/STM32CubeIDE_1.13.2/STM32CubeIDE/plugins/com.st.stm32cube.ide.mcu.externaltools.gnu-tools-for-stm32.11.3.rel1.win32_1.1.1.202309131626/tools/bin/../lib/gcc/arm-none-eabi/11.3.1/../../../../arm-none-eabi/lib/thumb/v7e-m+fp/hard\libstdc++_nano.a(eh_exception.o)
                              C:/ST/STM32CubeIDE_1.13.2/STM32CubeIDE/plugins/com.st.stm32cube.ide.mcu.externaltools.gnu-tools-for-stm32.11.3.rel1.win32_1.1.1.202309131626/tools/bin/../lib/gcc/arm-none-eabi/11.3.1/../../../../arm-none-eabi/lib/thumb/v7e-m+fp/hard\libstdc++_nano.a(functional.o) (std::exception::~exception())
C:/ST/STM32CubeIDE_1.13.2/STM32CubeIDE/plugins/com.st.stm32cube.ide.mcu.externaltools.gnu-tools-for-stm32.11.3.rel1.win32_1.1.1.202309131626/tools/bin/../lib/gcc/arm-none-eabi/11.3.1/../../../../arm-none-eabi/lib/thumb/v7e-m+fp/hard\libstdc++_nano.a(si_class_type_info.o)
                              C:/ST/STM32CubeIDE_1.13.2/STM32CubeIDE/plugins/com.st.stm32cube.ide.mcu.externaltools.gnu-tools-for-stm32.11.3.rel1.win32_1.1.1.202309131626/tools/bin/../lib/gcc/arm-none-eabi/11.3.1/../../../../arm-none-eabi/lib/thumb/v7e-m+fp/hard\libstdc++_nano.a(functional.o) (vtable for __cxxabiv1::__si_class_type_info)
C:/ST/STM32CubeIDE_1.13.2/STM32CubeIDE/plugins/com.st.stm32cube.ide.mcu.externaltools.gnu-tools-for-stm32.11.3.rel1.win32_1.1.1.202309131626/tools/bin/../lib/gcc/arm-none-eabi/11.3.1/../../../../arm-none-eabi/lib/thumb/v7e-m+fp/hard\libstdc++_nano.a(tinfo.o)
                              C:/ST/STM32CubeIDE_1.13.2/STM32CubeIDE/plugins/com.st.stm32cube.ide.mcu.externaltools.gnu-tools-for-stm32.11.3.rel1.win32_1.1.1.202309131626/tools/bin/../lib/gcc/arm-none-eabi/11.3.1/../../../../arm-none-eabi/lib/thumb/v7e-m+fp/hard\libstdc++_nano.a(si_class_type_info.o) (std::type_info::__is_pointer_p() const)
C:/ST/STM32CubeIDE_1.13.2/STM32CubeIDE/plugins/com.st.stm32cube.ide.mcu.externaltools.gnu-tools-for-stm32.11.3.rel1.win32_1.1.1.202309131626/tools/bin/../lib/gcc/arm-none-eabi/11.3.1/../../../../arm-none-eabi/lib/thumb/v7e-m+fp/hard\libstdc++_nano.a(class_type_info.o)
                              C:/ST/STM32CubeIDE_1.13.2/STM32CubeIDE/plugins/com.st.stm32cube.ide.mcu.externaltools.gnu-tools-for-stm32.11.3.rel1.win32_1.1.1.202309131626/tools/bin/../lib/gcc/arm-none-eabi/11.3.1/../../../../arm-none-eabi/lib/thumb/v7e-m+fp/hard\libstdc++_nano.a(si_class_type_info.o) (__cxxabiv1::__class_type_info::__do_upcast(__cxxabiv1::__class_type_info const*, void**) const)
C:/ST/STM32CubeIDE_1.13.2/STM32CubeIDE/plugins/com.st.stm32cube.ide.mcu.externaltools.gnu-tools-for-stm32.11.3.rel1.win32_1.1.1.202309131626/tools/bin/../lib/gcc/arm-none-eabi/11.3.1/../../../../arm-none-eabi/lib/thumb/v7e-m+fp/hard\libc_nano.a(libc_a-abort.o)
                              C:/ST/STM32CubeIDE_1.13.2/STM32CubeIDE/plugins/com.st.stm32cube.ide.mcu.externaltools.gnu-tools-for-stm32.11.3.rel1.win32_1.1.1.202309131626/tools/bin/../lib/gcc/arm-none-eabi/11.3.1/../../../../arm-none-eabi/lib/thumb/v7e-m+fp/hard\libstdc++_nano.a(functional.o) (abort)
C:/ST/STM32CubeIDE_1.13.2/STM32CubeIDE/plugins/com.st.stm32cube.ide.mcu.externaltools.gnu-tools-for-stm32.11.3.rel1.win32_1.1.1.202309131626/tools/bin/../lib/gcc/arm-none-eabi/11.3.1/../../../../arm-none-eabi/lib/thumb/v7e-m+fp/hard\libc_nano.a(libc_a-exit.o)
                              C:/ST/STM32CubeIDE_1.13.2/STM32CubeIDE/plugins/com.st.stm32cube.ide.mcu.externaltools.gnu-tools-for-stm32.11.3.rel1.win32_1.1.1.202309131626/tools/bin/../lib/gcc/arm-none-eabi/11.3.1/../../../../arm-none-eabi/lib/thumb/v7e-m+fp/hard/crt0.o (exit)
[...]
Memory Configuration

Name             Origin             Length             Attributes
RAM              0x0000000020000000 0x0000000000020000 xrw
FLASH            0x0000000008000000 0x0000000000040000 xr
*default*        0x0000000000000000 0xffffffffffffffff

Linker script and memory map

LOAD C:/ST/STM32CubeIDE_1.13.2/STM32CubeIDE/plugins/com.st.stm32cube.ide.mcu.externaltools.gnu-tools-for-stm32.11.3.rel1.win32_1.1.1.202309131626/tools/bin/../lib/gcc/arm-none-eabi/11.3.1/thumb/v7e-m+fp/hard/crti.o
LOAD C:/ST/STM32CubeIDE_1.13.2/STM32CubeIDE/plugins/com.st.stm32cube.ide.mcu.externaltools.gnu-tools-for-stm32.11.3.rel1.win32_1.1.1.202309131626/tools/bin/../lib/gcc/arm-none-eabi/11.3.1/thumb/v7e-m+fp/hard/crtbegin.o
LOAD C:/ST/STM32CubeIDE_1.13.2/STM32CubeIDE/plugins/com.st.stm32cube.ide.mcu.externaltools.gnu-tools-for-stm32.11.3.rel1.win32_1.1.1.202309131626/tools/bin/../lib/gcc/arm-none-eabi/11.3.1/../../../../arm-none-eabi/lib/thumb/v7e-m+fp/hard/crt0.o
LOAD ./Core/Src/SX128x.o
LOAD ./Core/Src/SX128x_OBJ.o
LOAD ./Core/Src/SX128x_driver.o
LOAD ./Core/Src/main.o
LOAD ./Core/Src/stm32f4xx_hal_msp.o
LOAD ./Core/Src/stm32f4xx_it.o
LOAD ./Core/Src/syscalls.o
LOAD ./Core/Src/sysmem.o
LOAD ./Core/Src/system_stm32f4xx.o
LOAD ./Core/Startup/startup_stm32f446rctx.o
LOAD ./Drivers/STM32F4xx_HAL_Driver/Src/stm32f4xx_hal.o
LOAD ./Drivers/STM32F4xx_HAL_Driver/Src/stm32f4xx_hal_cortex.o
LOAD ./Drivers/STM32F4xx_HAL_Driver/Src/stm32f4xx_hal_dma.o
LOAD ./Drivers/STM32F4xx_HAL_Driver/Src/stm32f4xx_hal_dma_ex.o
LOAD ./Drivers/STM32F4xx_HAL_Driver/Src/stm32f4xx_hal_exti.o
LOAD ./Drivers/STM32F4xx_HAL_Driver/Src/stm32f4xx_hal_flash.o
LOAD ./Drivers/STM32F4xx_HAL_Driver/Src/stm32f4xx_hal_flash_ex.o
LOAD ./Drivers/STM32F4xx_HAL_Driver/Src/stm32f4xx_hal_flash_ramfunc.o
LOAD ./Drivers/STM32F4xx_HAL_Driver/Src/stm32f4xx_hal_gpio.o
LOAD ./Drivers/STM32F4xx_HAL_Driver/Src/stm32f4xx_hal_pwr.o
LOAD ./Drivers/STM32F4xx_HAL_Driver/Src/stm32f4xx_hal_pwr_ex.o
LOAD ./Drivers/STM32F4xx_HAL_Driver/Src/stm32f4xx_hal_rcc.o
LOAD ./Drivers/STM32F4xx_HAL_Driver/Src/stm32f4xx_hal_rcc_ex.o
LOAD ./Drivers/STM32F4xx_HAL_Driver/Src/stm32f4xx_hal_spi.o
LOAD ./Drivers/STM32F4xx_HAL_Driver/Src/stm32f4xx_hal_tim.o
LOAD ./Drivers/STM32F4xx_HAL_Driver/Src/stm32f4xx_hal_tim_ex.o
LOAD ./Drivers/STM32F4xx_HAL_Driver/Src/stm32f4xx_hal_uart.o
START GROUP
LOAD C:/ST/STM32CubeIDE_1.13.2/STM32CubeIDE/plugins/com.st.stm32cube.ide.mcu.externaltools.gnu-tools-for-stm32.11.3.rel1.win32_1.1.1.202309131626/tools/bin/../lib/gcc/arm-none-eabi/11.3.1/../../../../arm-none-eabi/lib/thumb/v7e-m+fp/hard\libstdc++_nano.a
LOAD C:/ST/STM32CubeIDE_1.13.2/STM32CubeIDE/plugins/com.st.stm32cube.ide.mcu.externaltools.gnu-tools-for-stm32.11.3.rel1.win32_1.1.1.202309131626/tools/bin/../lib/gcc/arm-none-eabi/11.3.1/../../../../arm-none-eabi/lib/thumb/v7e-m+fp/hard\libsupc++_nano.a
END GROUP
LOAD C:/ST/STM32CubeIDE_1.13.2/STM32CubeIDE/plugins/com.st.stm32cube.ide.mcu.externaltools.gnu-tools-for-stm32.11.3.rel1.win32_1.1.1.202309131626/tools/bin/../lib/gcc/arm-none-eabi/11.3.1/../../../../arm-none-eabi/lib/thumb/v7e-m+fp/hard\libstdc++_nano.a
LOAD C:/ST/STM32CubeIDE_1.13.2/STM32CubeIDE/plugins/com.st.stm32cube.ide.mcu.externaltools.gnu-tools-for-stm32.11.3.rel1.win32_1.1.1.202309131626/tools/bin/../lib/gcc/arm-none-eabi/11.3.1/../../../../arm-none-eabi/lib/thumb/v7e-m+fp/hard\libm.a
LOAD C:/ST/STM32CubeIDE_1.13.2/STM32CubeIDE/plugins/com.st.stm32cube.ide.mcu.externaltools.gnu-tools-for-stm32.11.3.rel1.win32_1.1.1.202309131626/tools/bin/../lib/gcc/arm-none-eabi/11.3.1/../../../../arm-none-eabi/lib/thumb/v7e-m+fp/hard\libc_nano.a
START GROUP
LOAD C:/ST/STM32CubeIDE_1.13.2/STM32CubeIDE/plugins/com.st.stm32cube.ide.mcu.externaltools.gnu-tools-for-stm32.11.3.rel1.win32_1.1.1.202309131626/tools/bin/../lib/gcc/arm-none-eabi/11.3.1/thumb/v7e-m+fp/hard\libgcc.a
LOAD C:/ST/STM32CubeIDE_1.13.2/STM32CubeIDE/plugins/com.st.stm32cube.ide.mcu.externaltools.gnu-tools-for-stm32.11.3.rel1.win32_1.1.1.202309131626/tools/bin/../lib/gcc/arm-none-eabi/11.3.1/../../../../arm-none-eabi/lib/thumb/v7e-m+fp/hard\libc_nano.a
END GROUP
START GROUP
LOAD C:/ST/STM32CubeIDE_1.13.2/STM32CubeIDE/plugins/com.st.stm32cube.ide.mcu.externaltools.gnu-tools-for-stm32.11.3.rel1.win32_1.1.1.202309131626/tools/bin/../lib/gcc/arm-none-eabi/11.3.1/thumb/v7e-m+fp/hard\libgcc.a
LOAD C:/ST/STM32CubeIDE_1.13.2/STM32CubeIDE/plugins/com.st.stm32cube.ide.mcu.externaltools.gnu-tools-for-stm32.11.3.rel1.win32_1.1.1.202309131626/tools/bin/../lib/gcc/arm-none-eabi/11.3.1/../../../../arm-none-eabi/lib/thumb/v7e-m+fp/hard\libc_nano.a
LOAD C:/ST/STM32CubeIDE_1.13.2/STM32CubeIDE/plugins/com.st.stm32cube.ide.mcu.externaltools.gnu-tools-for-stm32.11.3.rel1.win32_1.1.1.202309131626/tools/bin/../lib/gcc/arm-none-eabi/11.3.1/../../../../arm-none-eabi/lib/thumb/v7e-m+fp/hard\libnosys.a
END GROUP
START GROUP
LOAD C:/ST/STM32CubeIDE_1.13.2/STM32CubeIDE/plugins/com.st.stm32cube.ide.mcu.externaltools.gnu-tools-for-stm32.11.3.rel1.win32_1.1.1.202309131626/tools/bin/../lib/gcc/arm-none-eabi/11.3.1/thumb/v7e-m+fp/hard\libgcc.a
LOAD C:/ST/STM32CubeIDE_1.13.2/STM32CubeIDE/plugins/com.st.stm32cube.ide.mcu.externaltools.gnu-tools-for-stm32.11.3.rel1.win32_1.1.1.202309131626/tools/bin/../lib/gcc/arm-none-eabi/11.3.1/../../../../arm-none-eabi/lib/thumb/v7e-m+fp/hard\libc_nano.a
LOAD C:/ST/STM32CubeIDE_1.13.2/STM32CubeIDE/plugins/com.st.stm32cube.ide.mcu.externaltools.gnu-tools-for-stm32.11.3.rel1.win32_1.1.1.202309131626/tools/bin/../lib/gcc/arm-none-eabi/11.3.1/../../../../arm-none-eabi/lib/thumb/v7e-m+fp/hard\libnosys.a
END GROUP
LOAD C:/ST/STM32CubeIDE_1.13.2/STM32CubeIDE/plugins/com.st.stm32cube.ide.mcu.externaltools.gnu-tools-for-stm32.11.3.rel1.win32_1.1.1.202309131626/tools/bin/../lib/gcc/arm-none-eabi/11.3.1/thumb/v7e-m+fp/hard/crtend.o
LOAD C:/ST/STM32CubeIDE_1.13.2/STM32CubeIDE/plugins/com.st.stm32cube.ide.mcu.externaltools.gnu-tools-for-stm32.11.3.rel1.win32_1.1.1.202309131626/tools/bin/../lib/gcc/arm-none-eabi/11.3.1/thumb/v7e-m+fp/hard/crtn.o
                0x0000000020020000                _estack = (ORIGIN (RAM) + LENGTH (RAM))
                0x0000000000000200                _Min_Heap_Size = 0x200
                0x0000000000000400                _Min_Stack_Size = 0x400

.isr_vector     0x0000000008000000      0x1c4
                0x0000000008000000                . = ALIGN (0x4)
 *(.isr_vector)
 .isr_vector    0x0000000008000000      0x1c4 ./Core/Startup/startup_stm32f446rctx.o
                0x0000000008000000                g_pfnVectors
                0x00000000080001c4                . = ALIGN (0x4)

.text           0x00000000080001d0     0x8068
                0x00000000080001d0                . = ALIGN (0x4)
 *(.text)
 .text          0x00000000080001d0       0x40 C:/ST/STM32CubeIDE_1.13.2/STM32CubeIDE/plugins/com.st.stm32cube.ide.mcu.externaltools.gnu-tools-for-stm32.11.3.rel1.win32_1.1.1.202309131626/tools/bin/../lib/gcc/arm-none-eabi/11.3.1/thumb/v7e-m+fp/hard/crtbegin.o
 .text          0x0000000008000210       0xa0 C:/ST/STM32CubeIDE_1.13.2/STM32CubeIDE/plugins/com.st.stm32cube.ide.mcu.externaltools.gnu-tools-for-stm32.11.3.rel1.win32_1.1.1.202309131626/tools/bin/../lib/gcc/arm-none-eabi/11.3.1/../../../../arm-none-eabi/lib/thumb/v7e-m+fp/hard\libc_nano.a(libc_a-memchr.o)
                0x0000000008000210                memchr
 .text          0x00000000080002b0       0x10 C:/ST/STM32CubeIDE_1.13.2/STM32CubeIDE/plugins/com.st.stm32cube.ide.mcu.externaltools.gnu-tools-for-stm32.11.3.rel1.win32_1.1.1.202309131626/tools/bin/../lib/gcc/arm-none-eabi/11.3.1/../../../../arm-none-eabi/lib/thumb/v7e-m+fp/hard\libc_nano.a(libc_a-strlen.o)
                0x00000000080002b0                strlen
 .text          0x00000000080002c0      0x378 C:/ST/STM32CubeIDE_1.13.2/STM32CubeIDE/plugins/com.st.stm32cube.ide.mcu.externaltools.gnu-tools-for-stm32.11.3.rel1.win32_1.1.1.202309131626/tools/bin/../lib/gcc/arm-none-eabi/11.3.1/thumb/v7e-m+fp/hard\libgcc.a(_arm_addsubdf3.o)
                0x00000000080002c0                __aeabi_drsub
                0x00000000080002c8                __aeabi_dsub
                0x00000000080002c8                __subdf3
                0x00000000080002cc                __aeabi_dadd
                0x00000000080002cc                __adddf3
                0x0000000008000544                __floatunsidf
                0x0000000008000544                __aeabi_ui2d
                0x0000000008000564                __floatsidf
                0x0000000008000564                __aeabi_i2d
                0x0000000008000588                __aeabi_f2d
                0x0000000008000588                __extendsfdf2
                0x00000000080005cc                __floatundidf
                0x00000000080005cc                __aeabi_ul2d
                0x00000000080005dc                __floatdidf
                0x00000000080005dc                __aeabi_l2d
 .text          0x0000000008000638      0x424 C:/ST/STM32CubeIDE_1.13.2/STM32CubeIDE/plugins/com.st.stm32cube.ide.mcu.externaltools.gnu-tools-for-stm32.11.3.rel1.win32_1.1.1.202309131626/tools/bin/../lib/gcc/arm-none-eabi/11.3.1/thumb/v7e-m+fp/hard\libgcc.a(_arm_muldivdf3.o)
                0x0000000008000638                __aeabi_dmul
                0x0000000008000638                __muldf3
                0x000000000800088c                __divdf3
                0x000000000800088c                __aeabi_ddiv
 .text          0x0000000008000a5c      0x110 C:/ST/STM32CubeIDE_1.13.2/STM32CubeIDE/plugins/com.st.stm32cube.ide.mcu.externaltools.gnu-tools-for-stm32.11.3.rel1.win32_1.1.1.202309131626/tools/bin/../lib/gcc/arm-none-eabi/11.3.1/thumb/v7e-m+fp/hard\libgcc.a(_arm_cmpdf2.o)
                0x0000000008000a5c                __gtdf2
                0x0000000008000a5c                __gedf2
                0x0000000008000a64                __ltdf2
                0x0000000008000a64                __ledf2
                0x0000000008000a6c                __nedf2
                0x0000000008000a6c                __eqdf2
                0x0000000008000a6c                __cmpdf2
                0x0000000008000ae8                __aeabi_cdrcmple
                0x0000000008000af8                __aeabi_cdcmpeq
                0x0000000008000af8                __aeabi_cdcmple
                0x0000000008000b08                __aeabi_dcmpeq
                0x0000000008000b1c                __aeabi_dcmplt
                0x0000000008000b30                __aeabi_dcmple
                0x0000000008000b44                __aeabi_dcmpge
                0x0000000008000b58                __aeabi_dcmpgt
 .text          0x0000000008000b6c       0x2c C:/ST/STM32CubeIDE_1.13.2/STM32CubeIDE/plugins/com.st.stm32cube.ide.mcu.externaltools.gnu-tools-for-stm32.11.3.rel1.win32_1.1.1.202309131626/tools/bin/../lib/gcc/arm-none-eabi/11.3.1/thumb/v7e-m+fp/hard\libgcc.a(_arm_unorddf2.o)
                0x0000000008000b6c                __unorddf2
                0x0000000008000b6c                __aeabi_dcmpun
 .text          0x0000000008000b98       0x50 C:/ST/STM32CubeIDE_1.13.2/STM32CubeIDE/plugins/com.st.stm32cube.ide.mcu.externaltools.gnu-tools-for-stm32.11.3.rel1.win32_1.1.1.202309131626/tools/bin/../lib/gcc/arm-none-eabi/11.3.1/thumb/v7e-m+fp/hard\libgcc.a(_arm_fixdfsi.o)
                0x0000000008000b98                __aeabi_d2iz
                0x0000000008000b98                __fixdfsi
 .text          0x0000000008000be8       0x40 C:/ST/STM32CubeIDE_1.13.2/STM32CubeIDE/plugins/com.st.stm32cube.ide.mcu.externaltools.gnu-tools-for-stm32.11.3.rel1.win32_1.1.1.202309131626/tools/bin/../lib/gcc/arm-none-eabi/11.3.1/thumb/v7e-m+fp/hard\libgcc.a(_arm_fixunsdfsi.o)
                0x0000000008000be8                __aeabi_d2uiz
                0x0000000008000be8                __fixunsdfsi
 .text          0x0000000008000c28       0xa0 C:/ST/STM32CubeIDE_1.13.2/STM32CubeIDE/plugins/com.st.stm32cube.ide.mcu.externaltools.gnu-tools-for-stm32.11.3.rel1.win32_1.1.1.202309131626/tools/bin/../lib/gcc/arm-none-eabi/11.3.1/thumb/v7e-m+fp/hard\libgcc.a(_arm_truncdfsf2.o)
                0x0000000008000c28                __truncdfsf2
                0x0000000008000c28                __aeabi_d2f
 .text          0x0000000008000cc8       0x30 C:/ST/STM32CubeIDE_1.13.2/STM32CubeIDE/plugins/com.st.stm32cube.ide.mcu.externaltools.gnu-tools-for-stm32.11.3.rel1.win32_1.1.1.202309131626/tools/bin/../lib/gcc/arm-none-eabi/11.3.1/thumb/v7e-m+fp/hard\libgcc.a(_aeabi_uldivmod.o)
                0x0000000008000cc8                __aeabi_uldivmod
 .text          0x0000000008000cf8      0x2c8 C:/ST/STM32CubeIDE_1.13.2/STM32CubeIDE/plugins/com.st.stm32cube.ide.mcu.externaltools.gnu-tools-for-stm32.11.3.rel1.win32_1.1.1.202309131626/tools/bin/../lib/gcc/arm-none-eabi/11.3.1/thumb/v7e-m+fp/hard\libgcc.a(_udivmoddi4.o)
                0x0000000008000cf8                __udivmoddi4
 .text          0x0000000008000fc0        0x4 C:/ST/STM32CubeIDE_1.13.2/STM32CubeIDE/plugins/com.st.stm32cube.ide.mcu.externaltools.gnu-tools-for-stm32.11.3.rel1.win32_1.1.1.202309131626/tools/bin/../lib/gcc/arm-none-eabi/11.3.1/thumb/v7e-m+fp/hard\libgcc.a(_dvmd_tls.o)
                0x0000000008000fc0                __aeabi_idiv0
                0x0000000008000fc0                __aeabi_ldiv0
 *(.text*)
 .text._ZN6SX128x8HalPreTxEv
                0x0000000008000fc4       0x14 ./Core/Src/SX128x.o
                0x0000000008000fc4                SX128x::HalPreTx()
 .text._ZN6SX128x8HalPreRxEv
                0x0000000008000fd8       0x14 ./Core/Src/SX128x.o
                0x0000000008000fd8                SX128x::HalPreRx()
 .text._ZN6SX128x9HalPostTxEv
                0x0000000008000fec       0x14 ./Core/Src/SX128x.o
                0x0000000008000fec                SX128x::HalPostTx()
 .text._ZN6SX128x9HalPostRxEv
                0x0000000008001000       0x14 ./Core/Src/SX128x.o
                0x0000000008001000                SX128x::HalPostRx()
 .text._ZN6SX128x12GetDioStatusEv
                0x0000000008001014       0x16 ./Core/Src/SX128x.o
                0x0000000008001014                SX128x::GetDioStatus()
 .text._ZN6SX128x18GetFirmwareVersionEv
                0x000000000800102a       0x40 ./Core/Src/SX128x.o
                0x000000000800102a                SX128x::GetFirmwareVersion()
 .text._ZN6SX128x9GetStatusEv
                0x000000000800106a       0x2e ./Core/Src/SX128x.o
                0x000000000800106a                SX128x::GetStatus()
 .text._ZN6SX128x9GetOpModeEv
                0x0000000008001098       0x1a ./Core/Src/SX128x.o
                0x0000000008001098                SX128x::GetOpMode()
 .text._ZN6SX128x10SetStandbyENS_19RadioStandbyModes_tE
                0x00000000080010b2       0x3e ./Core/Src/SX128x.o
                0x00000000080010b2                SX128x::SetStandby(SX128x::RadioStandbyModes_t)
 .text._ZN6SX128x5SetTxENS_10TickTime_sE
                0x00000000080010f0       0x64 ./Core/Src/SX128x.o
                0x00000000080010f0                SX128x::SetTx(SX128x::TickTime_s)
 .text._ZN6SX128x13SetPacketTypeENS_18RadioPacketTypes_tE
                0x0000000008001154       0x2e ./Core/Src/SX128x.o
                0x0000000008001154                SX128x::SetPacketType(SX128x::RadioPacketTypes_t)
 .text._ZN6SX128x14SetRfFrequencyEm
                0x0000000008001182       0x60 ./Core/Src/SX128x.o
                0x0000000008001182                SX128x::SetRfFrequency(unsigned long)
 .text._ZN6SX128x11SetTxParamsEaNS_16RadioRampTimes_tE
                0x00000000080011e2       0x38 ./Core/Src/SX128x.o
                0x00000000080011e2                SX128x::SetTxParams(signed char, SX128x::RadioRampTimes_t)
 .text._ZN6SX128x22SetBufferBaseAddressesEhh
                0x000000000800121a       0x34 ./Core/Src/SX128x.o
                0x000000000800121a                SX128x::SetBufferBaseAddresses(unsigned char, unsigned char)
 *fill*         0x000000000800124e        0x2 
 .text._ZN6SX128x19SetModulationParamsERKNS_18ModulationParams_tE
                0x0000000008001250      0x110 ./Core/Src/SX128x.o
                0x0000000008001250                SX128x::SetModulationParams(SX128x::ModulationParams_t const&)
 .text._ZN6SX128x15SetPacketParamsERKNS_14PacketParams_tE
                0x0000000008001360      0x170 ./Core/Src/SX128x.o
                0x0000000008001360                SX128x::SetPacketParams(SX128x::PacketParams_t const&)
 .text._ZN6SX128x15SetDioIrqParamsEtttt
                0x00000000080014d0       0x76 ./Core/Src/SX128x.o
                0x00000000080014d0                SX128x::SetDioIrqParams(unsigned short, unsigned short, unsigned short, unsigned short)
 .text._ZN6SX128x12GetIrqStatusEv
                0x0000000008001546       0x34 ./Core/Src/SX128x.o
                0x0000000008001546                SX128x::GetIrqStatus()
 .text._ZN6SX128x14ClearIrqStatusEt
                0x000000000800157a       0x38 ./Core/Src/SX128x.o
                0x000000000800157a                SX128x::ClearIrqStatus(unsigned short)
 .text._ZN6SX128x10SetPayloadEPhhh
                0x00000000080015b2       0x30 ./Core/Src/SX128x.o
                0x00000000080015b2                SX128x::SetPayload(unsigned char*, unsigned char, unsigned char)
 .text._ZN6SX128x11SendPayloadEPhhNS_10TickTime_sEh
                0x00000000080015e2       0x2c ./Core/Src/SX128x.o
                0x00000000080015e2                SX128x::SendPayload(unsigned char*, unsigned char, SX128x::TickTime_s, unsigned char)
 .text._ZN6SX128x11HalSpiWriteEPKht
                0x000000000800160e       0x80 ./Core/Src/SX128x.o
                0x000000000800160e                SX128x::HalSpiWrite(unsigned char const*, unsigned short)
 .text._ZN6SX128x10WaitOnBusyEv
                0x000000000800168e       0x30 ./Core/Src/SX128x.o
                0x000000000800168e                SX128x::WaitOnBusy()
 .text._ZN6SX128x14WaitOnBusyLongEv
                0x00000000080016be       0x36 ./Core/Src/SX128x.o
                0x00000000080016be                SX128x::WaitOnBusyLong()
 .text._ZN6SX128x5ResetEv
                0x00000000080016f4       0x52 ./Core/Src/SX128x.o
                0x00000000080016f4                SX128x::Reset()
 .text._ZN6SX128x6WakeupEv
                0x0000000008001746       0x28 ./Core/Src/SX128x.o
                0x0000000008001746                SX128x::Wakeup()
 .text._ZN6SX128x12WriteCommandENS_15RadioCommands_uEPht
                0x000000000800176e       0x5e ./Core/Src/SX128x.o
                0x000000000800176e                SX128x::WriteCommand(SX128x::RadioCommands_u, unsigned char*, unsigned short)
 .text._ZN6SX128x11ReadCommandENS_15RadioCommands_uEPht
                0x00000000080017cc       0xc4 ./Core/Src/SX128x.o
                0x00000000080017cc                SX128x::ReadCommand(SX128x::RadioCommands_u, unsigned char*, unsigned short)
 .text._ZN6SX128x13WriteRegisterEtPht
                0x0000000008001890       0x78 ./Core/Src/SX128x.o
                0x0000000008001890                SX128x::WriteRegister(unsigned short, unsigned char*, unsigned short)
 .text._ZN6SX128x13WriteRegisterEth
                0x0000000008001908       0x2a ./Core/Src/SX128x.o
                0x0000000008001908                SX128x::WriteRegister(unsigned short, unsigned char)
 .text._ZN6SX128x12ReadRegisterEtPht
                0x0000000008001932       0xa0 ./Core/Src/SX128x.o
                0x0000000008001932                SX128x::ReadRegister(unsigned short, unsigned char*, unsigned short)
 .text._ZN6SX128x12ReadRegisterEt
                0x00000000080019d2       0x2a ./Core/Src/SX128x.o
                0x00000000080019d2                SX128x::ReadRegister(unsigned short)
 .text._ZN6SX128x11WriteBufferEhPhh
                0x00000000080019fc       0x68 ./Core/Src/SX128x.o
                0x00000000080019fc                SX128x::WriteBuffer(unsigned char, unsigned char*, unsigned char)
 .text._ZN6SX128x10ReadBufferEhPhh
                0x0000000008001a64       0x90 ./Core/Src/SX128x.o
                0x0000000008001a64                SX128x::ReadBuffer(unsigned char, unsigned char*, unsigned char)
 .text._ZN10SX128x_OBJ24CommonTransceiverSettingEv
                0x0000000008001af4       0x60 ./Core/Src/SX128x_OBJ.o
                0x0000000008001af4                SX128x_OBJ::CommonTransceiverSetting()
 .text._ZN10SX128x_OBJ9TxSettingEv
                0x0000000008001b54       0x36 ./Core/Src/SX128x_OBJ.o
                0x0000000008001b54                SX128x_OBJ::TxSetting()
 .text._ZN10SX128x_OBJ16InterruptSettingEv
                0x0000000008001b8a       0x20 ./Core/Src/SX128x_OBJ.o
                0x0000000008001b8a                SX128x_OBJ::InterruptSetting()
 .text._ZN10SX128x_OBJ4InitEv
                0x0000000008001baa       0x72 ./Core/Src/SX128x_OBJ.o
                0x0000000008001baa                SX128x_OBJ::Init()
 .text._ZN6SX128xUt0_C2Ev
                0x0000000008001c1c       0x6a ./Core/Src/SX128x_OBJ.o
                0x0000000008001c1c                SX128x::{unnamed type#2}::SX128x()
                0x0000000008001c1c                SX128x::{unnamed type#2}::SX128x()
 *fill*         0x0000000008001c86        0x2 
 .text._ZN6SX128xC2Ev
                0x0000000008001c88       0x8c ./Core/Src/SX128x_OBJ.o
                0x0000000008001c88                SX128x::SX128x()
                0x0000000008001c88                SX128x::SX128x()
 .text._ZN10SX128x_OBJC2Ev
                0x0000000008001d14       0xb8 ./Core/Src/SX128x_OBJ.o
                0x0000000008001d14                SX128x_OBJ::SX128x_OBJ()
                0x0000000008001d14                SX128x_OBJ::SX128x_OBJ()
 .text._ZN10SX128x_OBJ9PutPacketEPh
                0x0000000008001dcc       0xac ./Core/Src/SX128x_OBJ.o
                0x0000000008001dcc                SX128x_OBJ::PutPacket(unsigned char*)
 .text._ZN10SX128x_OBJ12tx_recursionEv
                0x0000000008001e78       0x96 ./Core/Src/SX128x_OBJ.o
                0x0000000008001e78                SX128x_OBJ::tx_recursion()
 .text._ZNSt14_Function_baseC2Ev
                0x0000000008001f0e       0x26 ./Core/Src/SX128x_OBJ.o
                0x0000000008001f0e                std::_Function_base::_Function_base()
                0x0000000008001f0e                std::_Function_base::_Function_base()
 .text._ZNSt8functionIFvvEEC2Ev
                0x0000000008001f34       0x2c ./Core/Src/SX128x_OBJ.o
                0x0000000008001f34                std::function<void ()>::function()
                0x0000000008001f34                std::function<void ()>::function()
 .text._ZNSt8functionIFvN6SX128x14IrqErrorCode_tEEEC2Ev
                0x0000000008001f60       0x2c ./Core/Src/SX128x_OBJ.o
                0x0000000008001f60                std::function<void (SX128x::IrqErrorCode_t)>::function()
                0x0000000008001f60                std::function<void (SX128x::IrqErrorCode_t)>::function()
 .text._ZNSt8functionIFvN6SX128x16IrqRangingCode_tEEEC2Ev
                0x0000000008001f8c       0x2c ./Core/Src/SX128x_OBJ.o
                0x0000000008001f8c                std::function<void (SX128x::IrqRangingCode_t)>::function()
                0x0000000008001f8c                std::function<void (SX128x::IrqRangingCode_t)>::function()
 .text._ZNSt8functionIFvbEEC2Ev
                0x0000000008001fb8       0x2c ./Core/Src/SX128x_OBJ.o
                0x0000000008001fb8                std::function<void (bool)>::function()
                0x0000000008001fb8                std::function<void (bool)>::function()
 .text._ZNSt14_Function_baseD2Ev
                0x0000000008001fe4       0x26 ./Core/Src/SX128x_driver.o
                0x0000000008001fe4                std::_Function_base::~_Function_base()
                0x0000000008001fe4                std::_Function_base::~_Function_base()
 *fill*         0x000000000800200a        0x2 
 .text._ZN10SX128x_OBJ11HalGpioReadEN6SX128x17GpioPinFunction_tE
                0x000000000800200c       0x64 ./Core/Src/SX128x_driver.o
                0x000000000800200c                SX128x_OBJ::HalGpioRead(SX128x::GpioPinFunction_t)
 .text._ZN10SX128x_OBJ12HalGpioWriteEN6SX128x17GpioPinFunction_tEh
                0x0000000008002070       0x5c ./Core/Src/SX128x_driver.o
                0x0000000008002070                SX128x_OBJ::HalGpioWrite(SX128x::GpioPinFunction_t, unsigned char)
 .text._ZN10SX128x_OBJ14HalSpiTransferEPhPKht
                0x00000000080020cc       0x44 ./Core/Src/SX128x_driver.o
                0x00000000080020cc                SX128x_OBJ::HalSpiTransfer(unsigned char*, unsigned char const*, unsigned short)
 .text._ZN10SX128x_OBJ19HalSpiTransferDelayEPhPKht
                0x0000000008002110       0x48 ./Core/Src/SX128x_driver.o
                0x0000000008002110                SX128x_OBJ::HalSpiTransferDelay(unsigned char*, unsigned char const*, unsigned short)
 .text._ZNSt8functionIFvvEED2Ev
                0x0000000008002158       0x1a ./Core/Src/SX128x_driver.o
                0x0000000008002158                std::function<void ()>::~function()
                0x0000000008002158                std::function<void ()>::~function()
 .text._ZNSt8functionIFvN6SX128x14IrqErrorCode_tEEED2Ev
                0x0000000008002172       0x1a ./Core/Src/SX128x_driver.o
                0x0000000008002172                std::function<void (SX128x::IrqErrorCode_t)>::~function()
                0x0000000008002172                std::function<void (SX128x::IrqErrorCode_t)>::~function()
 .text._ZNSt8functionIFvN6SX128x16IrqRangingCode_tEEED2Ev
                0x000000000800218c       0x1a ./Core/Src/SX128x_driver.o
                0x000000000800218c                std::function<void (SX128x::IrqRangingCode_t)>::~function()
                0x000000000800218c                std::function<void (SX128x::IrqRangingCode_t)>::~function()
 .text._ZNSt8functionIFvbEED2Ev
                0x00000000080021a6       0x1a ./Core/Src/SX128x_driver.o
                0x00000000080021a6                std::function<void (bool)>::~function()
                0x00000000080021a6                std::function<void (bool)>::~function()
 .text._ZN6SX128xUt0_D2Ev
                0x00000000080021c0       0x6a ./Core/Src/SX128x_driver.o
                0x00000000080021c0                SX128x::{unnamed type#2}::~SX128x()
                0x00000000080021c0                SX128x::{unnamed type#2}::~SX128x()
 *fill*         0x000000000800222a        0x2 
 .text._ZN6SX128xD2Ev
                0x000000000800222c       0x28 ./Core/Src/SX128x_driver.o
                0x000000000800222c                SX128x::~SX128x()
                0x000000000800222c                SX128x::~SX128x()
 .text._ZN6SX128xD0Ev
                0x0000000008002254       0x20 ./Core/Src/SX128x_driver.o
                0x0000000008002254                SX128x::~SX128x()
 .text._ZN10SX128x_OBJD2Ev
                0x0000000008002274       0x24 ./Core/Src/SX128x_driver.o
                0x0000000008002274                SX128x_OBJ::~SX128x_OBJ()
                0x0000000008002274                SX128x_OBJ::~SX128x_OBJ()
 .text._ZN10SX128x_OBJD0Ev
                0x0000000008002298       0x22 ./Core/Src/SX128x_driver.o
                0x0000000008002298                SX128x_OBJ::~SX128x_OBJ()
 *fill*         0x00000000080022ba        0x6 
 .text.main     0x00000000080022c0      0x254 ./Core/Src/main.o
                0x00000000080022c0                main
 .text._Z18SystemClock_Configv
                0x0000000008002514      0x104 ./Core/Src/main.o
                0x0000000008002514                SystemClock_Config()
 .text._ZL12MX_SPI2_Initv
                0x0000000008002618       0x78 ./Core/Src/main.o
 .text._ZL12MX_TIM1_Initv
                0x0000000008002690       0xc0 ./Core/Src/main.o
 .text._ZL19MX_USART2_UART_Initv
                0x0000000008002750       0x5c ./Core/Src/main.o
 .text._ZL12MX_GPIO_Initv
                0x00000000080027ac      0x130 ./Core/Src/main.o
 .text.Error_Handler
                0x00000000080028dc        0xa ./Core/Src/main.o
                0x00000000080028dc                Error_Handler
 *fill*         0x00000000080028e6        0x2 
 .text._Z41__static_initialization_and_destruction_0ii
                0x00000000080028e8       0x44 ./Core/Src/main.o
 .text._GLOBAL__sub_I_hspi2
                0x000000000800292c       0x10 ./Core/Src/main.o
 .text._GLOBAL__sub_D_hspi2
                0x000000000800293c       0x10 ./Core/Src/main.o
 .text.HAL_MspInit
                0x000000000800294c       0x50 ./Core/Src/stm32f4xx_hal_msp.o
                0x000000000800294c                HAL_MspInit
 .text.HAL_SPI_MspInit
                0x000000000800299c       0xb0 ./Core/Src/stm32f4xx_hal_msp.o
                0x000000000800299c                HAL_SPI_MspInit
 .text.HAL_TIM_Base_MspInit
                0x0000000008002a4c       0x44 ./Core/Src/stm32f4xx_hal_msp.o
                0x0000000008002a4c                HAL_TIM_Base_MspInit
 .text.HAL_UART_MspInit
                0x0000000008002a90       0x90 ./Core/Src/stm32f4xx_hal_msp.o
                0x0000000008002a90                HAL_UART_MspInit
 .text.NMI_Handler
                0x0000000008002b20        0x6 ./Core/Src/stm32f4xx_it.o
                0x0000000008002b20                NMI_Handler
 .text.HardFault_Handler
                0x0000000008002b26        0x6 ./Core/Src/stm32f4xx_it.o
                0x0000000008002b26                HardFault_Handler
 .text.MemManage_Handler
                0x0000000008002b2c        0x6 ./Core/Src/stm32f4xx_it.o
                0x0000000008002b2c                MemManage_Handler
 .text.BusFault_Handler
                0x0000000008002b32        0x6 ./Core/Src/stm32f4xx_it.o
                0x0000000008002b32                BusFault_Handler
 .text.UsageFault_Handler
                0x0000000008002b38        0x6 ./Core/Src/stm32f4xx_it.o
                0x0000000008002b38                UsageFault_Handler
 .text.SVC_Handler
                0x0000000008002b3e        0xe ./Core/Src/stm32f4xx_it.o
                0x0000000008002b3e                SVC_Handler
 .text.DebugMon_Handler
                0x0000000008002b4c        0xe ./Core/Src/stm32f4xx_it.o
                0x0000000008002b4c                DebugMon_Handler
 .text.PendSV_Handler
                0x0000000008002b5a        0xe ./Core/Src/stm32f4xx_it.o
                0x0000000008002b5a                PendSV_Handler
 .text.SysTick_Handler
                0x0000000008002b68        0xc ./Core/Src/stm32f4xx_it.o
                0x0000000008002b68                SysTick_Handler
 .text.EXTI4_IRQHandler
                0x0000000008002b74       0x18 ./Core/Src/stm32f4xx_it.o
                0x0000000008002b74                EXTI4_IRQHandler
 .text._getpid  0x0000000008002b8c       0x10 ./Core/Src/syscalls.o
                0x0000000008002b8c                _getpid
 .text._kill    0x0000000008002b9c       0x20 ./Core/Src/syscalls.o
                0x0000000008002b9c                _kill
 .text._exit    0x0000000008002bbc       0x14 ./Core/Src/syscalls.o
                0x0000000008002bbc                _exit
 .text._read    0x0000000008002bd0       0x3a ./Core/Src/syscalls.o
                0x0000000008002bd0                _read
 .text._write   0x0000000008002c0a       0x38 ./Core/Src/syscalls.o
                0x0000000008002c0a                _write
 .text._close   0x0000000008002c42       0x18 ./Core/Src/syscalls.o
                0x0000000008002c42                _close
 .text._fstat   0x0000000008002c5a       0x20 ./Core/Src/syscalls.o
                0x0000000008002c5a                _fstat
 .text._isatty  0x0000000008002c7a       0x16 ./Core/Src/syscalls.o
                0x0000000008002c7a                _isatty
 .text._lseek   0x0000000008002c90       0x1a ./Core/Src/syscalls.o
                0x0000000008002c90                _lseek
 *fill*         0x0000000008002caa        0x2 
 .text._sbrk    0x0000000008002cac       0x6c ./Core/Src/sysmem.o
                0x0000000008002cac                _sbrk
 .text.SystemInit
                0x0000000008002d18       0x24 ./Core/Src/system_stm32f4xx.o
                0x0000000008002d18                SystemInit
 .text.Reset_Handler
                0x0000000008002d3c       0x50 ./Core/Startup/startup_stm32f446rctx.o
                0x0000000008002d3c                Reset_Handler
 .text.Default_Handler
                0x0000000008002d8c        0x2 ./Core/Startup/startup_stm32f446rctx.o
                0x0000000008002d8c                RTC_Alarm_IRQHandler
                0x0000000008002d8c                EXTI2_IRQHandler
                0x0000000008002d8c                TIM8_CC_IRQHandler
                0x0000000008002d8c                FMPI2C1_EV_IRQHandler
                0x0000000008002d8c                SPI4_IRQHandler
                0x0000000008002d8c                TIM1_CC_IRQHandler
                0x0000000008002d8c                DMA2_Stream5_IRQHandler
                0x0000000008002d8c                DMA1_Stream5_IRQHandler
                0x0000000008002d8c                PVD_IRQHandler
                0x0000000008002d8c                SDIO_IRQHandler
                0x0000000008002d8c                TAMP_STAMP_IRQHandler
                0x0000000008002d8c                CAN2_RX1_IRQHandler
                0x0000000008002d8c                EXTI3_IRQHandler
                0x0000000008002d8c                TIM8_TRG_COM_TIM14_IRQHandler
                0x0000000008002d8c                TIM1_UP_TIM10_IRQHandler
                0x0000000008002d8c                TIM8_UP_TIM13_IRQHandler
                0x0000000008002d8c                I2C3_ER_IRQHandler
                0x0000000008002d8c                EXTI0_IRQHandler
                0x0000000008002d8c                I2C2_EV_IRQHandler
                0x0000000008002d8c                DMA1_Stream2_IRQHandler
                0x0000000008002d8c                CAN1_RX0_IRQHandler
                0x0000000008002d8c                FPU_IRQHandler
                0x0000000008002d8c                OTG_HS_WKUP_IRQHandler
                0x0000000008002d8c                CAN2_SCE_IRQHandler
                0x0000000008002d8c                DMA2_Stream2_IRQHandler
                0x0000000008002d8c                SPI1_IRQHandler
                0x0000000008002d8c                TIM6_DAC_IRQHandler
                0x0000000008002d8c                TIM1_BRK_TIM9_IRQHandler
                0x0000000008002d8c                DCMI_IRQHandler
                0x0000000008002d8c                CAN2_RX0_IRQHandler
                0x0000000008002d8c                DMA2_Stream3_IRQHandler
                0x0000000008002d8c                SAI2_IRQHandler
                0x0000000008002d8c                USART6_IRQHandler
                0x0000000008002d8c                USART3_IRQHandler
                0x0000000008002d8c                CAN1_RX1_IRQHandler
                0x0000000008002d8c                UART5_IRQHandler
                0x0000000008002d8c                DMA2_Stream0_IRQHandler
                0x0000000008002d8c                TIM4_IRQHandler
                0x0000000008002d8c                QUADSPI_IRQHandler
                0x0000000008002d8c                I2C1_EV_IRQHandler
                0x0000000008002d8c                DMA1_Stream6_IRQHandler
                0x0000000008002d8c                DMA1_Stream1_IRQHandler
                0x0000000008002d8c                UART4_IRQHandler
                0x0000000008002d8c                TIM3_IRQHandler
                0x0000000008002d8c                RCC_IRQHandler
                0x0000000008002d8c                TIM8_BRK_TIM12_IRQHandler
                0x0000000008002d8c                Default_Handler
                0x0000000008002d8c                CEC_IRQHandler
                0x0000000008002d8c                EXTI15_10_IRQHandler
                0x0000000008002d8c                ADC_IRQHandler
                0x0000000008002d8c                DMA1_Stream7_IRQHandler
                0x0000000008002d8c                TIM7_IRQHandler
                0x0000000008002d8c                CAN2_TX_IRQHandler
                0x0000000008002d8c                TIM5_IRQHandler
                0x0000000008002d8c                DMA2_Stream7_IRQHandler
                0x0000000008002d8c                I2C3_EV_IRQHandler
                0x0000000008002d8c                EXTI9_5_IRQHandler
                0x0000000008002d8c                RTC_WKUP_IRQHandler
                0x0000000008002d8c                SPDIF_RX_IRQHandler
                0x0000000008002d8c                SPI2_IRQHandler
                0x0000000008002d8c                OTG_HS_EP1_IN_IRQHandler
                0x0000000008002d8c                DMA1_Stream0_IRQHandler
                0x0000000008002d8c                CAN1_TX_IRQHandler
                0x0000000008002d8c                FMPI2C1_ER_IRQHandler
                0x0000000008002d8c                OTG_HS_EP1_OUT_IRQHandler
                0x0000000008002d8c                WWDG_IRQHandler
                0x0000000008002d8c                TIM2_IRQHandler
                0x0000000008002d8c                OTG_FS_WKUP_IRQHandler
                0x0000000008002d8c                TIM1_TRG_COM_TIM11_IRQHandler
                0x0000000008002d8c                OTG_HS_IRQHandler
                0x0000000008002d8c                EXTI1_IRQHandler
                0x0000000008002d8c                USART2_IRQHandler
                0x0000000008002d8c                I2C2_ER_IRQHandler
                0x0000000008002d8c                DMA2_Stream1_IRQHandler
                0x0000000008002d8c                CAN1_SCE_IRQHandler
                0x0000000008002d8c                FLASH_IRQHandler
                0x0000000008002d8c                DMA2_Stream4_IRQHandler
                0x0000000008002d8c                USART1_IRQHandler
                0x0000000008002d8c                OTG_FS_IRQHandler
                0x0000000008002d8c                SPI3_IRQHandler
                0x0000000008002d8c                DMA1_Stream4_IRQHandler
                0x0000000008002d8c                I2C1_ER_IRQHandler
                0x0000000008002d8c                FMC_IRQHandler
                0x0000000008002d8c                DMA2_Stream6_IRQHandler
                0x0000000008002d8c                SAI1_IRQHandler
                0x0000000008002d8c                DMA1_Stream3_IRQHandler
 *fill*         0x0000000008002d8e        0x2 
 .text.HAL_Init
                0x0000000008002d90       0x44 ./Drivers/STM32F4xx_HAL_Driver/Src/stm32f4xx_hal.o
                0x0000000008002d90                HAL_Init
 .text.HAL_InitTick
                0x0000000008002dd4       0x60 ./Drivers/STM32F4xx_HAL_Driver/Src/stm32f4xx_hal.o
                0x0000000008002dd4                HAL_InitTick
 .text.HAL_IncTick
                0x0000000008002e34       0x28 ./Drivers/STM32F4xx_HAL_Driver/Src/stm32f4xx_hal.o
                0x0000000008002e34                HAL_IncTick
 .text.HAL_GetTick
                0x0000000008002e5c       0x18 ./Drivers/STM32F4xx_HAL_Driver/Src/stm32f4xx_hal.o
                0x0000000008002e5c                HAL_GetTick
 .text.HAL_Delay
                0x0000000008002e74       0x48 ./Drivers/STM32F4xx_HAL_Driver/Src/stm32f4xx_hal.o
                0x0000000008002e74                HAL_Delay
 .text.__NVIC_SetPriorityGrouping
                0x0000000008002ebc       0x48 ./Drivers/STM32F4xx_HAL_Driver/Src/stm32f4xx_hal_cortex.o
 .text.__NVIC_GetPriorityGrouping
                0x0000000008002f04       0x1c ./Drivers/STM32F4xx_HAL_Driver/Src/stm32f4xx_hal_cortex.o
 .text.__NVIC_EnableIRQ
                0x0000000008002f20       0x3c ./Drivers/STM32F4xx_HAL_Driver/Src/stm32f4xx_hal_cortex.o
 .text.__NVIC_SetPriority
                0x0000000008002f5c       0x54 ./Drivers/STM32F4xx_HAL_Driver/Src/stm32f4xx_hal_cortex.o
 .text.NVIC_EncodePriority
                0x0000000008002fb0       0x66 ./Drivers/STM32F4xx_HAL_Driver/Src/stm32f4xx_hal_cortex.o
 *fill*         0x0000000008003016        0x2 
 .text.SysTick_Config
                0x0000000008003018       0x44 ./Drivers/STM32F4xx_HAL_Driver/Src/stm32f4xx_hal_cortex.o
 .text.HAL_NVIC_SetPriorityGrouping
                0x000000000800305c       0x16 ./Drivers/STM32F4xx_HAL_Driver/Src/stm32f4xx_hal_cortex.o
                0x000000000800305c                HAL_NVIC_SetPriorityGrouping
 .text.HAL_NVIC_SetPriority
                0x0000000008003072       0x38 ./Drivers/STM32F4xx_HAL_Driver/Src/stm32f4xx_hal_cortex.o
                0x0000000008003072                HAL_NVIC_SetPriority
 .text.HAL_NVIC_EnableIRQ
                0x00000000080030aa       0x1c ./Drivers/STM32F4xx_HAL_Driver/Src/stm32f4xx_hal_cortex.o
                0x00000000080030aa                HAL_NVIC_EnableIRQ
 .text.HAL_SYSTICK_Config
                0x00000000080030c6       0x18 ./Drivers/STM32F4xx_HAL_Driver/Src/stm32f4xx_hal_cortex.o
                0x00000000080030c6                HAL_SYSTICK_Config
 *fill*         0x00000000080030de        0x2 
 .text.HAL_GPIO_Init
                0x00000000080030e0      0x328 ./Drivers/STM32F4xx_HAL_Driver/Src/stm32f4xx_hal_gpio.o
                0x00000000080030e0                HAL_GPIO_Init
 .text.HAL_GPIO_ReadPin
                0x0000000008003408       0x30 ./Drivers/STM32F4xx_HAL_Driver/Src/stm32f4xx_hal_gpio.o
                0x0000000008003408                HAL_GPIO_ReadPin
 .text.HAL_GPIO_WritePin
                0x0000000008003438       0x32 ./Drivers/STM32F4xx_HAL_Driver/Src/stm32f4xx_hal_gpio.o
                0x0000000008003438                HAL_GPIO_WritePin
 *fill*         0x000000000800346a        0x2 
 .text.HAL_GPIO_EXTI_IRQHandler
                0x000000000800346c       0x30 ./Drivers/STM32F4xx_HAL_Driver/Src/stm32f4xx_hal_gpio.o
                0x000000000800346c                HAL_GPIO_EXTI_IRQHandler
 .text.HAL_GPIO_EXTI_Callback
                0x000000000800349c       0x16 ./Drivers/STM32F4xx_HAL_Driver/Src/stm32f4xx_hal_gpio.o
                0x000000000800349c                HAL_GPIO_EXTI_Callback
 *fill*         0x00000000080034b2        0x2 
 .text.HAL_PWREx_EnableOverDrive
                0x00000000080034b4       0xa0 ./Drivers/STM32F4xx_HAL_Driver/Src/stm32f4xx_hal_pwr_ex.o
                0x00000000080034b4                HAL_PWREx_EnableOverDrive
 .text.HAL_RCC_ClockConfig
                0x0000000008003554      0x1cc ./Drivers/STM32F4xx_HAL_Driver/Src/stm32f4xx_hal_rcc.o
                0x0000000008003554                HAL_RCC_ClockConfig
 .text.HAL_RCC_GetHCLKFreq
                0x0000000008003720       0x18 ./Drivers/STM32F4xx_HAL_Driver/Src/stm32f4xx_hal_rcc.o
                0x0000000008003720                HAL_RCC_GetHCLKFreq
 .text.HAL_RCC_GetPCLK1Freq
                0x0000000008003738       0x28 ./Drivers/STM32F4xx_HAL_Driver/Src/stm32f4xx_hal_rcc.o
                0x0000000008003738                HAL_RCC_GetPCLK1Freq
 .text.HAL_RCC_GetPCLK2Freq
                0x0000000008003760       0x28 ./Drivers/STM32F4xx_HAL_Driver/Src/stm32f4xx_hal_rcc.o
                0x0000000008003760                HAL_RCC_GetPCLK2Freq
 .text.HAL_RCC_GetSysClockFreq
                0x0000000008003788      0x45c ./Drivers/STM32F4xx_HAL_Driver/Src/stm32f4xx_hal_rcc_ex.o
                0x0000000008003788                HAL_RCC_GetSysClockFreq
 .text.HAL_RCC_OscConfig
                0x0000000008003be4      0x53c ./Drivers/STM32F4xx_HAL_Driver/Src/stm32f4xx_hal_rcc_ex.o
                0x0000000008003be4                HAL_RCC_OscConfig
 .text.HAL_SPI_Init
                0x0000000008004120      0x112 ./Drivers/STM32F4xx_HAL_Driver/Src/stm32f4xx_hal_spi.o
                0x0000000008004120                HAL_SPI_Init
 .text.HAL_SPI_TransmitReceive
                0x0000000008004232      0x344 ./Drivers/STM32F4xx_HAL_Driver/Src/stm32f4xx_hal_spi.o
                0x0000000008004232                HAL_SPI_TransmitReceive
 *fill*         0x0000000008004576        0x2 
 .text.SPI_WaitFlagStateUntilTimeout
                0x0000000008004578      0x110 ./Drivers/STM32F4xx_HAL_Driver/Src/stm32f4xx_hal_spi.o
 .text.SPI_EndRxTxTransaction
                0x0000000008004688       0x84 ./Drivers/STM32F4xx_HAL_Driver/Src/stm32f4xx_hal_spi.o
 .text.HAL_TIM_Base_Init
                0x000000000800470c       0x9e ./Drivers/STM32F4xx_HAL_Driver/Src/stm32f4xx_hal_tim.o
                0x000000000800470c                HAL_TIM_Base_Init
 *fill*         0x00000000080047aa        0x2 
 .text.HAL_TIM_Base_Start
                0x00000000080047ac       0xd0 ./Drivers/STM32F4xx_HAL_Driver/Src/stm32f4xx_hal_tim.o
                0x00000000080047ac                HAL_TIM_Base_Start
 .text.HAL_TIM_ConfigClockSource
                0x000000000800487c      0x18e ./Drivers/STM32F4xx_HAL_Driver/Src/stm32f4xx_hal_tim.o
                0x000000000800487c                HAL_TIM_ConfigClockSource
 *fill*         0x0000000008004a0a        0x2 
 .text.TIM_Base_SetConfig
                0x0000000008004a0c      0x140 ./Drivers/STM32F4xx_HAL_Driver/Src/stm32f4xx_hal_tim.o
                0x0000000008004a0c                TIM_Base_SetConfig
 .text.TIM_TI1_ConfigInputStage
                0x0000000008004b4c       0x5e ./Drivers/STM32F4xx_HAL_Driver/Src/stm32f4xx_hal_tim.o
 .text.TIM_TI2_ConfigInputStage
                0x0000000008004baa       0x60 ./Drivers/STM32F4xx_HAL_Driver/Src/stm32f4xx_hal_tim.o
 .text.TIM_ITRx_SetConfig
                0x0000000008004c0a       0x36 ./Drivers/STM32F4xx_HAL_Driver/Src/stm32f4xx_hal_tim.o
 .text.TIM_ETR_SetConfig
                0x0000000008004c40       0x40 ./Drivers/STM32F4xx_HAL_Driver/Src/stm32f4xx_hal_tim.o
                0x0000000008004c40                TIM_ETR_SetConfig
 .text.HAL_TIMEx_MasterConfigSynchronization
                0x0000000008004c80       0xf8 ./Drivers/STM32F4xx_HAL_Driver/Src/stm32f4xx_hal_tim_ex.o
                0x0000000008004c80                HAL_TIMEx_MasterConfigSynchronization
 .text.HAL_UART_Init
                0x0000000008004d78       0x9a ./Drivers/STM32F4xx_HAL_Driver/Src/stm32f4xx_hal_uart.o
                0x0000000008004d78                HAL_UART_Init
 .text.HAL_UART_Transmit
                0x0000000008004e12      0x124 ./Drivers/STM32F4xx_HAL_Driver/Src/stm32f4xx_hal_uart.o
                0x0000000008004e12                HAL_UART_Transmit
 .text.UART_WaitOnFlagUntilTimeout
                0x0000000008004f36       0xdc ./Drivers/STM32F4xx_HAL_Driver/Src/stm32f4xx_hal_uart.o
 *fill*         0x0000000008005012        0x2 
 .text.UART_SetConfig
                0x0000000008005014      0x4e8 ./Drivers/STM32F4xx_HAL_Driver/Src/stm32f4xx_hal_uart.o
 .text._ZdlPvj  0x00000000080054fc        0x4 C:/ST/STM32CubeIDE_1.13.2/STM32CubeIDE/plugins/com.st.stm32cube.ide.mcu.externaltools.gnu-tools-for-stm32.11.3.rel1.win32_1.1.1.202309131626/tools/bin/../lib/gcc/arm-none-eabi/11.3.1/../../../../arm-none-eabi/lib/thumb/v7e-m+fp/hard\libstdc++_nano.a(del_ops.o)
                0x00000000080054fc                operator delete(void*, unsigned int)
 .text._ZdlPv   0x0000000008005500        0x4 C:/ST/STM32CubeIDE_1.13.2/STM32CubeIDE/plugins/com.st.stm32cube.ide.mcu.externaltools.gnu-tools-for-stm32.11.3.rel1.win32_1.1.1.202309131626/tools/bin/../lib/gcc/arm-none-eabi/11.3.1/../../../../arm-none-eabi/lib/thumb/v7e-m+fp/hard\libstdc++_nano.a(del_op.o)
                0x0000000008005500                operator delete(void*)
 .text.abort    0x0000000008005504        0xe C:/ST/STM32CubeIDE_1.13.2/STM32CubeIDE/plugins/com.st.stm32cube.ide.mcu.externaltools.gnu-tools-for-stm32.11.3.rel1.win32_1.1.1.202309131626/tools/bin/../lib/gcc/arm-none-eabi/11.3.1/../../../../arm-none-eabi/lib/thumb/v7e-m+fp/hard\libc_nano.a(libc_a-abort.o)
                0x0000000008005504                abort
 *fill*         0x0000000008005512        0x2 
 .text.malloc   0x0000000008005514       0x10 C:/ST/STM32CubeIDE_1.13.2/STM32CubeIDE/plugins/com.st.stm32cube.ide.mcu.externaltools.gnu-tools-for-stm32.11.3.rel1.win32_1.1.1.202309131626/tools/bin/../lib/gcc/arm-none-eabi/11.3.1/../../../../arm-none-eabi/lib/thumb/v7e-m+fp/hard\libc_nano.a(libc_a-malloc.o)
                0x0000000008005514                malloc
 .text.free     0x0000000008005524       0x10 C:/ST/STM32CubeIDE_1.13.2/STM32CubeIDE/plugins/com.st.stm32cube.ide.mcu.externaltools.gnu-tools-for-stm32.11.3.rel1.win32_1.1.1.202309131626/tools/bin/../lib/gcc/arm-none-eabi/11.3.1/../../../../arm-none-eabi/lib/thumb/v7e-m+fp/hard\libc_nano.a(libc_a-malloc.o)
                0x0000000008005524                free
 .text.sbrk_aligned
                0x0000000008005534       0x40 C:/ST/STM32CubeIDE_1.13.2/STM32CubeIDE/plugins/com.st.stm32cube.ide.mcu.externaltools.gnu-tools-for-stm32.11.3.rel1.win32_1.1.1.202309131626/tools/bin/../lib/gcc/arm-none-eabi/11.3.1/../../../../arm-none-eabi/lib/thumb/v7e-m+fp/hard\libc_nano.a(libc_a-mallocr.o)
 .text._malloc_r
                0x0000000008005574      0x100 C:/ST/STM32CubeIDE_1.13.2/STM32CubeIDE/plugins/com.st.stm32cube.ide.mcu.externaltools.gnu-tools-for-stm32.11.3.rel1.win32_1.1.1.202309131626/tools/bin/../lib/gcc/arm-none-eabi/11.3.1/../../../../arm-none-eabi/lib/thumb/v7e-m+fp/hard\libc_nano.a(libc_a-mallocr.o)
                0x0000000008005574                _malloc_r
 .text.__malloc_lock
                0x0000000008005674        0xc C:/ST/STM32CubeIDE_1.13.2/STM32CubeIDE/plugins/com.st.stm32cube.ide.mcu.externaltools.gnu-tools-for-stm32.11.3.rel1.win32_1.1.1.202309131626/tools/bin/../lib/gcc/arm-none-eabi/11.3.1/../../../../arm-none-eabi/lib/thumb/v7e-m+fp/hard\libc_nano.a(libc_a-mlock.o)
                0x0000000008005674                __malloc_lock
 .text.__malloc_unlock
                0x0000000008005680        0xc C:/ST/STM32CubeIDE_1.13.2/STM32CubeIDE/plugins/com.st.stm32cube.ide.mcu.externaltools.gnu-tools-for-stm32.11.3.rel1.win32_1.1.1.202309131626/tools/bin/../lib/gcc/arm-none-eabi/11.3.1/../../../../arm-none-eabi/lib/thumb/v7e-m+fp/hard\libc_nano.a(libc_a-mlock.o)
                0x0000000008005680                __malloc_unlock
 .text.__cvt    0x000000000800568c       0xc4 C:/ST/STM32CubeIDE_1.13.2/STM32CubeIDE/plugins/com.st.stm32cube.ide.mcu.externaltools.gnu-tools-for-stm32.11.3.rel1.win32_1.1.1.202309131626/tools/bin/../lib/gcc/arm-none-eabi/11.3.1/../../../../arm-none-eabi/lib/thumb/v7e-m+fp/hard\libc_nano.a(libc_a-nano-vfprintf_float.o)
                0x000000000800568c                __cvt
 .text.__exponent
                0x0000000008005750       0x7c C:/ST/STM32CubeIDE_1.13.2/STM32CubeIDE/plugins/com.st.stm32cube.ide.mcu.externaltools.gnu-tools-for-stm32.11.3.rel1.win32_1.1.1.202309131626/tools/bin/../lib/gcc/arm-none-eabi/11.3.1/../../../../arm-none-eabi/lib/thumb/v7e-m+fp/hard\libc_nano.a(libc_a-nano-vfprintf_float.o)
                0x0000000008005750                __exponent
 .text._printf_float
                0x00000000080057cc      0x46c C:/ST/STM32CubeIDE_1.13.2/STM32CubeIDE/plugins/com.st.stm32cube.ide.mcu.externaltools.gnu-tools-for-stm32.11.3.rel1.win32_1.1.1.202309131626/tools/bin/../lib/gcc/arm-none-eabi/11.3.1/../../../../arm-none-eabi/lib/thumb/v7e-m+fp/hard\libc_nano.a(libc_a-nano-vfprintf_float.o)
                0x00000000080057cc                _printf_float
 .text._printf_common
                0x0000000008005c38       0xda C:/ST/STM32CubeIDE_1.13.2/STM32CubeIDE/plugins/com.st.stm32cube.ide.mcu.externaltools.gnu-tools-for-stm32.11.3.rel1.win32_1.1.1.202309131626/tools/bin/../lib/gcc/arm-none-eabi/11.3.1/../../../../arm-none-eabi/lib/thumb/v7e-m+fp/hard\libc_nano.a(libc_a-nano-vfprintf_i.o)
                0x0000000008005c38                _printf_common
 *fill*         0x0000000008005d12        0x2 
 .text._printf_i
                0x0000000008005d14      0x244 C:/ST/STM32CubeIDE_1.13.2/STM32CubeIDE/plugins/com.st.stm32cube.ide.mcu.externaltools.gnu-tools-for-stm32.11.3.rel1.win32_1.1.1.202309131626/tools/bin/../lib/gcc/arm-none-eabi/11.3.1/../../../../arm-none-eabi/lib/thumb/v7e-m+fp/hard\libc_nano.a(libc_a-nano-vfprintf_i.o)
                0x0000000008005d14                _printf_i
 .text.std      0x0000000008005f58       0x6c C:/ST/STM32CubeIDE_1.13.2/STM32CubeIDE/plugins/com.st.stm32cube.ide.mcu.externaltools.gnu-tools-for-stm32.11.3.rel1.win32_1.1.1.202309131626/tools/bin/../lib/gcc/arm-none-eabi/11.3.1/../../../../arm-none-eabi/lib/thumb/v7e-m+fp/hard\libc_nano.a(libc_a-findfp.o)
 .text.stdio_exit_handler
                0x0000000008005fc4       0x18 C:/ST/STM32CubeIDE_1.13.2/STM32CubeIDE/plugins/com.st.stm32cube.ide.mcu.externaltools.gnu-tools-for-stm32.11.3.rel1.win32_1.1.1.202309131626/tools/bin/../lib/gcc/arm-none-eabi/11.3.1/../../../../arm-none-eabi/lib/thumb/v7e-m+fp/hard\libc_nano.a(libc_a-findfp.o)
 .text.cleanup_stdio
                0x0000000008005fdc       0x40 C:/ST/STM32CubeIDE_1.13.2/STM32CubeIDE/plugins/com.st.stm32cube.ide.mcu.externaltools.gnu-tools-for-stm32.11.3.rel1.win32_1.1.1.202309131626/tools/bin/../lib/gcc/arm-none-eabi/11.3.1/../../../../arm-none-eabi/lib/thumb/v7e-m+fp/hard\libc_nano.a(libc_a-findfp.o)
 .text.global_stdio_init.part.0
                0x000000000800601c       0x3c C:/ST/STM32CubeIDE_1.13.2/STM32CubeIDE/plugins/com.st.stm32cube.ide.mcu.externaltools.gnu-tools-for-stm32.11.3.rel1.win32_1.1.1.202309131626/tools/bin/../lib/gcc/arm-none-eabi/11.3.1/../../../../arm-none-eabi/lib/thumb/v7e-m+fp/hard\libc_nano.a(libc_a-findfp.o)
 .text.__sfp_lock_acquire
                0x0000000008006058        0xc C:/ST/STM32CubeIDE_1.13.2/STM32CubeIDE/plugins/com.st.stm32cube.ide.mcu.externaltools.gnu-tools-for-stm32.11.3.rel1.win32_1.1.1.202309131626/tools/bin/../lib/gcc/arm-none-eabi/11.3.1/../../../../arm-none-eabi/lib/thumb/v7e-m+fp/hard\libc_nano.a(libc_a-findfp.o)
                0x0000000008006058                __sfp_lock_acquire
 .text.__sfp_lock_release
                0x0000000008006064        0xc C:/ST/STM32CubeIDE_1.13.2/STM32CubeIDE/plugins/com.st.stm32cube.ide.mcu.externaltools.gnu-tools-for-stm32.11.3.rel1.win32_1.1.1.202309131626/tools/bin/../lib/gcc/arm-none-eabi/11.3.1/../../../../arm-none-eabi/lib/thumb/v7e-m+fp/hard\libc_nano.a(libc_a-findfp.o)
                0x0000000008006064                __sfp_lock_release
 .text.__sinit  0x0000000008006070       0x30 C:/ST/STM32CubeIDE_1.13.2/STM32CubeIDE/plugins/com.st.stm32cube.ide.mcu.externaltools.gnu-tools-for-stm32.11.3.rel1.win32_1.1.1.202309131626/tools/bin/../lib/gcc/arm-none-eabi/11.3.1/../../../../arm-none-eabi/lib/thumb/v7e-m+fp/hard\libc_nano.a(libc_a-findfp.o)
                0x0000000008006070                __sinit
 .text._fwalk_sglue
                0x00000000080060a0       0x3c C:/ST/STM32CubeIDE_1.13.2/STM32CubeIDE/plugins/com.st.stm32cube.ide.mcu.externaltools.gnu-tools-for-stm32.11.3.rel1.win32_1.1.1.202309131626/tools/bin/../lib/gcc/arm-none-eabi/11.3.1/../../../../arm-none-eabi/lib/thumb/v7e-m+fp/hard\libc_nano.a(libc_a-fwalk.o)
                0x00000000080060a0                _fwalk_sglue
 .text.sprintf  0x00000000080060dc       0x40 C:/ST/STM32CubeIDE_1.13.2/STM32CubeIDE/plugins/com.st.stm32cube.ide.mcu.externaltools.gnu-tools-for-stm32.11.3.rel1.win32_1.1.1.202309131626/tools/bin/../lib/gcc/arm-none-eabi/11.3.1/../../../../arm-none-eabi/lib/thumb/v7e-m+fp/hard\libc_nano.a(libc_a-sprintf.o)
                0x00000000080060dc                siprintf
                0x00000000080060dc                sprintf
 .text.__sread  0x000000000800611c       0x22 C:/ST/STM32CubeIDE_1.13.2/STM32CubeIDE/plugins/com.st.stm32cube.ide.mcu.externaltools.gnu-tools-for-stm32.11.3.rel1.win32_1.1.1.202309131626/tools/bin/../lib/gcc/arm-none-eabi/11.3.1/../../../../arm-none-eabi/lib/thumb/v7e-m+fp/hard\libc_nano.a(libc_a-stdio.o)
                0x000000000800611c                __sread
 .text.__swrite
                0x000000000800613e       0x38 C:/ST/STM32CubeIDE_1.13.2/STM32CubeIDE/plugins/com.st.stm32cube.ide.mcu.externaltools.gnu-tools-for-stm32.11.3.rel1.win32_1.1.1.202309131626/tools/bin/../lib/gcc/arm-none-eabi/11.3.1/../../../../arm-none-eabi/lib/thumb/v7e-m+fp/hard\libc_nano.a(libc_a-stdio.o)
                0x000000000800613e                __swrite
 .text.__sseek  0x0000000008006176       0x24 C:/ST/STM32CubeIDE_1.13.2/STM32CubeIDE/plugins/com.st.stm32cube.ide.mcu.externaltools.gnu-tools-for-stm32.11.3.rel1.win32_1.1.1.202309131626/tools/bin/../lib/gcc/arm-none-eabi/11.3.1/../../../../arm-none-eabi/lib/thumb/v7e-m+fp/hard\libc_nano.a(libc_a-stdio.o)
                0x0000000008006176                __sseek
 .text.__sclose
                0x000000000800619a        0x8 C:/ST/STM32CubeIDE_1.13.2/STM32CubeIDE/plugins/com.st.stm32cube.ide.mcu.externaltools.gnu-tools-for-stm32.11.3.rel1.win32_1.1.1.202309131626/tools/bin/../lib/gcc/arm-none-eabi/11.3.1/../../../../arm-none-eabi/lib/thumb/v7e-m+fp/hard\libc_nano.a(libc_a-stdio.o)
                0x000000000800619a                __sclose
 .text.memset   0x00000000080061a2       0x10 C:/ST/STM32CubeIDE_1.13.2/STM32CubeIDE/plugins/com.st.stm32cube.ide.mcu.externaltools.gnu-tools-for-stm32.11.3.rel1.win32_1.1.1.202309131626/tools/bin/../lib/gcc/arm-none-eabi/11.3.1/../../../../arm-none-eabi/lib/thumb/v7e-m+fp/hard\libc_nano.a(libc_a-memset.o)
                0x00000000080061a2                memset
 .text._raise_r
                0x00000000080061b2       0x50 C:/ST/STM32CubeIDE_1.13.2/STM32CubeIDE/plugins/com.st.stm32cube.ide.mcu.externaltools.gnu-tools-for-stm32.11.3.rel1.win32_1.1.1.202309131626/tools/bin/../lib/gcc/arm-none-eabi/11.3.1/../../../../arm-none-eabi/lib/thumb/v7e-m+fp/hard\libc_nano.a(libc_a-signal.o)
                0x00000000080061b2                _raise_r
 *fill*         0x0000000008006202        0x2 
 .text.raise    0x0000000008006204       0x10 C:/ST/STM32CubeIDE_1.13.2/STM32CubeIDE/plugins/com.st.stm32cube.ide.mcu.externaltools.gnu-tools-for-stm32.11.3.rel1.win32_1.1.1.202309131626/tools/bin/../lib/gcc/arm-none-eabi/11.3.1/../../../../arm-none-eabi/lib/thumb/v7e-m+fp/hard\libc_nano.a(libc_a-signal.o)
                0x0000000008006204                raise
 .text._localeconv_r
                0x0000000008006214        0x8 C:/ST/STM32CubeIDE_1.13.2/STM32CubeIDE/plugins/com.st.stm32cube.ide.mcu.externaltools.gnu-tools-for-stm32.11.3.rel1.win32_1.1.1.202309131626/tools/bin/../lib/gcc/arm-none-eabi/11.3.1/../../../../arm-none-eabi/lib/thumb/v7e-m+fp/hard\libc_nano.a(libc_a-localeconv.o)
                0x0000000008006214                _localeconv_r
 .text._close_r
                0x000000000800621c       0x20 C:/ST/STM32CubeIDE_1.13.2/STM32CubeIDE/plugins/com.st.stm32cube.ide.mcu.externaltools.gnu-tools-for-stm32.11.3.rel1.win32_1.1.1.202309131626/tools/bin/../lib/gcc/arm-none-eabi/11.3.1/../../../../arm-none-eabi/lib/thumb/v7e-m+fp/hard\libc_nano.a(libc_a-closer.o)
                0x000000000800621c                _close_r
 .text._lseek_r
                0x000000000800623c       0x24 C:/ST/STM32CubeIDE_1.13.2/STM32CubeIDE/plugins/com.st.stm32cube.ide.mcu.externaltools.gnu-tools-for-stm32.11.3.rel1.win32_1.1.1.202309131626/tools/bin/../lib/gcc/arm-none-eabi/11.3.1/../../../../arm-none-eabi/lib/thumb/v7e-m+fp/hard\libc_nano.a(libc_a-lseekr.o)
                0x000000000800623c                _lseek_r
 .text._read_r  0x0000000008006260       0x24 C:/ST/STM32CubeIDE_1.13.2/STM32CubeIDE/plugins/com.st.stm32cube.ide.mcu.externaltools.gnu-tools-for-stm32.11.3.rel1.win32_1.1.1.202309131626/tools/bin/../lib/gcc/arm-none-eabi/11.3.1/../../../../arm-none-eabi/lib/thumb/v7e-m+fp/hard\libc_nano.a(libc_a-readr.o)
                0x0000000008006260                _read_r
 .text._kill_r  0x0000000008006284       0x24 C:/ST/STM32CubeIDE_1.13.2/STM32CubeIDE/plugins/com.st.stm32cube.ide.mcu.externaltools.gnu-tools-for-stm32.11.3.rel1.win32_1.1.1.202309131626/tools/bin/../lib/gcc/arm-none-eabi/11.3.1/../../../../arm-none-eabi/lib/thumb/v7e-m+fp/hard\libc_nano.a(libc_a-signalr.o)
                0x0000000008006284                _kill_r
 .text._getpid_r
                0x00000000080062a8        0x4 C:/ST/STM32CubeIDE_1.13.2/STM32CubeIDE/plugins/com.st.stm32cube.ide.mcu.externaltools.gnu-tools-for-stm32.11.3.rel1.win32_1.1.1.202309131626/tools/bin/../lib/gcc/arm-none-eabi/11.3.1/../../../../arm-none-eabi/lib/thumb/v7e-m+fp/hard\libc_nano.a(libc_a-signalr.o)
                0x00000000080062a8                _getpid_r
 .text._sbrk_r  0x00000000080062ac       0x20 C:/ST/STM32CubeIDE_1.13.2/STM32CubeIDE/plugins/com.st.stm32cube.ide.mcu.externaltools.gnu-tools-for-stm32.11.3.rel1.win32_1.1.1.202309131626/tools/bin/../lib/gcc/arm-none-eabi/11.3.1/../../../../arm-none-eabi/lib/thumb/v7e-m+fp/hard\libc_nano.a(libc_a-sbrkr.o)
                0x00000000080062ac                _sbrk_r
 .text._write_r
                0x00000000080062cc       0x24 C:/ST/STM32CubeIDE_1.13.2/STM32CubeIDE/plugins/com.st.stm32cube.ide.mcu.externaltools.gnu-tools-for-stm32.11.3.rel1.win32_1.1.1.202309131626/tools/bin/../lib/gcc/arm-none-eabi/11.3.1/../../../../arm-none-eabi/lib/thumb/v7e-m+fp/hard\libc_nano.a(libc_a-writer.o)
                0x00000000080062cc                _write_r
 .text.__errno  0x00000000080062f0        0xc C:/ST/STM32CubeIDE_1.13.2/STM32CubeIDE/plugins/com.st.stm32cube.ide.mcu.externaltools.gnu-tools-for-stm32.11.3.rel1.win32_1.1.1.202309131626/tools/bin/../lib/gcc/arm-none-eabi/11.3.1/../../../../arm-none-eabi/lib/thumb/v7e-m+fp/hard\libc_nano.a(libc_a-errno.o)
                0x00000000080062f0                __errno
 .text.__libc_init_array
                0x00000000080062fc       0x48 C:/ST/STM32CubeIDE_1.13.2/STM32CubeIDE/plugins/com.st.stm32cube.ide.mcu.externaltools.gnu-tools-for-stm32.11.3.rel1.win32_1.1.1.202309131626/tools/bin/../lib/gcc/arm-none-eabi/11.3.1/../../../../arm-none-eabi/lib/thumb/v7e-m+fp/hard\libc_nano.a(libc_a-init.o)
                0x00000000080062fc                __libc_init_array
 .text.__retarget_lock_init_recursive
                0x0000000008006344        0x2 C:/ST/STM32CubeIDE_1.13.2/STM32CubeIDE/plugins/com.st.stm32cube.ide.mcu.externaltools.gnu-tools-for-stm32.11.3.rel1.win32_1.1.1.202309131626/tools/bin/../lib/gcc/arm-none-eabi/11.3.1/../../../../arm-none-eabi/lib/thumb/v7e-m+fp/hard\libc_nano.a(libc_a-lock.o)
                0x0000000008006344                __retarget_lock_init_recursive
 .text.__retarget_lock_acquire_recursive
                0x0000000008006346        0x2 C:/ST/STM32CubeIDE_1.13.2/STM32CubeIDE/plugins/com.st.stm32cube.ide.mcu.externaltools.gnu-tools-for-stm32.11.3.rel1.win32_1.1.1.202309131626/tools/bin/../lib/gcc/arm-none-eabi/11.3.1/../../../../arm-none-eabi/lib/thumb/v7e-m+fp/hard\libc_nano.a(libc_a-lock.o)
                0x0000000008006346                __retarget_lock_acquire_recursive
 .text.__retarget_lock_release_recursive
                0x0000000008006348        0x2 C:/ST/STM32CubeIDE_1.13.2/STM32CubeIDE/plugins/com.st.stm32cube.ide.mcu.externaltools.gnu-tools-for-stm32.11.3.rel1.win32_1.1.1.202309131626/tools/bin/../lib/gcc/arm-none-eabi/11.3.1/../../../../arm-none-eabi/lib/thumb/v7e-m+fp/hard\libc_nano.a(libc_a-lock.o)
                0x0000000008006348                __retarget_lock_release_recursive
 .text.memcpy   0x000000000800634a       0x1c C:/ST/STM32CubeIDE_1.13.2/STM32CubeIDE/plugins/com.st.stm32cube.ide.mcu.externaltools.gnu-tools-for-stm32.11.3.rel1.win32_1.1.1.202309131626/tools/bin/../lib/gcc/arm-none-eabi/11.3.1/../../../../arm-none-eabi/lib/thumb/v7e-m+fp/hard\libc_nano.a(libc_a-memcpy-stub.o)
                0x000000000800634a                memcpy
 .text.quorem   0x0000000008006366      0x110 C:/ST/STM32CubeIDE_1.13.2/STM32CubeIDE/plugins/com.st.stm32cube.ide.mcu.externaltools.gnu-tools-for-stm32.11.3.rel1.win32_1.1.1.202309131626/tools/bin/../lib/gcc/arm-none-eabi/11.3.1/../../../../arm-none-eabi/lib/thumb/v7e-m+fp/hard\libc_nano.a(libc_a-dtoa.o)
 *fill*         0x0000000008006476        0x2 
 .text._dtoa_r  0x0000000008006478      0xbe4 C:/ST/STM32CubeIDE_1.13.2/STM32CubeIDE/plugins/com.st.stm32cube.ide.mcu.externaltools.gnu-tools-for-stm32.11.3.rel1.win32_1.1.1.202309131626/tools/bin/../lib/gcc/arm-none-eabi/11.3.1/../../../../arm-none-eabi/lib/thumb/v7e-m+fp/hard\libc_nano.a(libc_a-dtoa.o)
                0x0000000008006478                _dtoa_r
 .text._free_r  0x000000000800705c       0x98 C:/ST/STM32CubeIDE_1.13.2/STM32CubeIDE/plugins/com.st.stm32cube.ide.mcu.externaltools.gnu-tools-for-stm32.11.3.rel1.win32_1.1.1.202309131626/tools/bin/../lib/gcc/arm-none-eabi/11.3.1/../../../../arm-none-eabi/lib/thumb/v7e-m+fp/hard\libc_nano.a(libc_a-freer.o)
                0x000000000800705c                _free_r
 .text._Balloc  0x00000000080070f4       0x80 C:/ST/STM32CubeIDE_1.13.2/STM32CubeIDE/plugins/com.st.stm32cube.ide.mcu.externaltools.gnu-tools-for-stm32.11.3.rel1.win32_1.1.1.202309131626/tools/bin/../lib/gcc/arm-none-eabi/11.3.1/../../../../arm-none-eabi/lib/thumb/v7e-m+fp/hard\libc_nano.a(libc_a-mprec.o)
                0x00000000080070f4                _Balloc
 .text._Bfree   0x0000000008007174       0x44 C:/ST/STM32CubeIDE_1.13.2/STM32CubeIDE/plugins/com.st.stm32cube.ide.mcu.externaltools.gnu-tools-for-stm32.11.3.rel1.win32_1.1.1.202309131626/tools/bin/../lib/gcc/arm-none-eabi/11.3.1/../../../../arm-none-eabi/lib/thumb/v7e-m+fp/hard\libc_nano.a(libc_a-mprec.o)
                0x0000000008007174                _Bfree
 .text.__multadd
                0x00000000080071b8       0x8c C:/ST/STM32CubeIDE_1.13.2/STM32CubeIDE/plugins/com.st.stm32cube.ide.mcu.externaltools.gnu-tools-for-stm32.11.3.rel1.win32_1.1.1.202309131626/tools/bin/../lib/gcc/arm-none-eabi/11.3.1/../../../../arm-none-eabi/lib/thumb/v7e-m+fp/hard\libc_nano.a(libc_a-mprec.o)
                0x00000000080071b8                __multadd
 .text.__hi0bits
                0x0000000008007244       0x40 C:/ST/STM32CubeIDE_1.13.2/STM32CubeIDE/plugins/com.st.stm32cube.ide.mcu.externaltools.gnu-tools-for-stm32.11.3.rel1.win32_1.1.1.202309131626/tools/bin/../lib/gcc/arm-none-eabi/11.3.1/../../../../arm-none-eabi/lib/thumb/v7e-m+fp/hard\libc_nano.a(libc_a-mprec.o)
                0x0000000008007244                __hi0bits
 .text.__lo0bits
                0x0000000008007284       0x5a C:/ST/STM32CubeIDE_1.13.2/STM32CubeIDE/plugins/com.st.stm32cube.ide.mcu.externaltools.gnu-tools-for-stm32.11.3.rel1.win32_1.1.1.202309131626/tools/bin/../lib/gcc/arm-none-eabi/11.3.1/../../../../arm-none-eabi/lib/thumb/v7e-m+fp/hard\libc_nano.a(libc_a-mprec.o)
                0x0000000008007284                __lo0bits
 *fill*         0x00000000080072de        0x2 
 .text.__i2b    0x00000000080072e0       0x2c C:/ST/STM32CubeIDE_1.13.2/STM32CubeIDE/plugins/com.st.stm32cube.ide.mcu.externaltools.gnu-tools-for-stm32.11.3.rel1.win32_1.1.1.202309131626/tools/bin/../lib/gcc/arm-none-eabi/11.3.1/../../../../arm-none-eabi/lib/thumb/v7e-m+fp/hard\libc_nano.a(libc_a-mprec.o)
                0x00000000080072e0                __i2b
 .text.__multiply
                0x000000000800730c      0x154 C:/ST/STM32CubeIDE_1.13.2/STM32CubeIDE/plugins/com.st.stm32cube.ide.mcu.externaltools.gnu-tools-for-stm32.11.3.rel1.win32_1.1.1.202309131626/tools/bin/../lib/gcc/arm-none-eabi/11.3.1/../../../../arm-none-eabi/lib/thumb/v7e-m+fp/hard\libc_nano.a(libc_a-mprec.o)
                0x000000000800730c                __multiply
 .text.__pow5mult
                0x0000000008007460       0xb4 C:/ST/STM32CubeIDE_1.13.2/STM32CubeIDE/plugins/com.st.stm32cube.ide.mcu.externaltools.gnu-tools-for-stm32.11.3.rel1.win32_1.1.1.202309131626/tools/bin/../lib/gcc/arm-none-eabi/11.3.1/../../../../arm-none-eabi/lib/thumb/v7e-m+fp/hard\libc_nano.a(libc_a-mprec.o)
                0x0000000008007460                __pow5mult
 .text.__lshift
                0x0000000008007514       0xd8 C:/ST/STM32CubeIDE_1.13.2/STM32CubeIDE/plugins/com.st.stm32cube.ide.mcu.externaltools.gnu-tools-for-stm32.11.3.rel1.win32_1.1.1.202309131626/tools/bin/../lib/gcc/arm-none-eabi/11.3.1/../../../../arm-none-eabi/lib/thumb/v7e-m+fp/hard\libc_nano.a(libc_a-mprec.o)
                0x0000000008007514                __lshift
 .text.__mcmp   0x00000000080075ec       0x38 C:/ST/STM32CubeIDE_1.13.2/STM32CubeIDE/plugins/com.st.stm32cube.ide.mcu.externaltools.gnu-tools-for-stm32.11.3.rel1.win32_1.1.1.202309131626/tools/bin/../lib/gcc/arm-none-eabi/11.3.1/../../../../arm-none-eabi/lib/thumb/v7e-m+fp/hard\libc_nano.a(libc_a-mprec.o)
                0x00000000080075ec                __mcmp
 .text.__mdiff  0x0000000008007624      0x114 C:/ST/STM32CubeIDE_1.13.2/STM32CubeIDE/plugins/com.st.stm32cube.ide.mcu.externaltools.gnu-tools-for-stm32.11.3.rel1.win32_1.1.1.202309131626/tools/bin/../lib/gcc/arm-none-eabi/11.3.1/../../../../arm-none-eabi/lib/thumb/v7e-m+fp/hard\libc_nano.a(libc_a-mprec.o)
                0x0000000008007624                __mdiff
 .text.__d2b    0x0000000008007738       0xb4 C:/ST/STM32CubeIDE_1.13.2/STM32CubeIDE/plugins/com.st.stm32cube.ide.mcu.externaltools.gnu-tools-for-stm32.11.3.rel1.win32_1.1.1.202309131626/tools/bin/../lib/gcc/arm-none-eabi/11.3.1/../../../../arm-none-eabi/lib/thumb/v7e-m+fp/hard\libc_nano.a(libc_a-mprec.o)
                0x0000000008007738                __d2b
 .text.__ssputs_r
                0x00000000080077ec       0xb4 C:/ST/STM32CubeIDE_1.13.2/STM32CubeIDE/plugins/com.st.stm32cube.ide.mcu.externaltools.gnu-tools-for-stm32.11.3.rel1.win32_1.1.1.202309131626/tools/bin/../lib/gcc/arm-none-eabi/11.3.1/../../../../arm-none-eabi/lib/thumb/v7e-m+fp/hard\libc_nano.a(libc_a-nano-svfprintf.o)
                0x00000000080077ec                __ssputs_r
 .text._svfprintf_r
                0x00000000080078a0      0x1fc C:/ST/STM32CubeIDE_1.13.2/STM32CubeIDE/plugins/com.st.stm32cube.ide.mcu.externaltools.gnu-tools-for-stm32.11.3.rel1.win32_1.1.1.202309131626/tools/bin/../lib/gcc/arm-none-eabi/11.3.1/../../../../arm-none-eabi/lib/thumb/v7e-m+fp/hard\libc_nano.a(libc_a-nano-svfprintf.o)
                0x00000000080078a0                _svfiprintf_r
                0x00000000080078a0                _svfprintf_r
 .text.__sflush_r
                0x0000000008007a9c      0x10c C:/ST/STM32CubeIDE_1.13.2/STM32CubeIDE/plugins/com.st.stm32cube.ide.mcu.externaltools.gnu-tools-for-stm32.11.3.rel1.win32_1.1.1.202309131626/tools/bin/../lib/gcc/arm-none-eabi/11.3.1/../../../../arm-none-eabi/lib/thumb/v7e-m+fp/hard\libc_nano.a(libc_a-fflush.o)
                0x0000000008007a9c                __sflush_r
 .text._fflush_r
                0x0000000008007ba8       0x50 C:/ST/STM32CubeIDE_1.13.2/STM32CubeIDE/plugins/com.st.stm32cube.ide.mcu.externaltools.gnu-tools-for-stm32.11.3.rel1.win32_1.1.1.202309131626/tools/bin/../lib/gcc/arm-none-eabi/11.3.1/../../../../arm-none-eabi/lib/thumb/v7e-m+fp/hard\libc_nano.a(libc_a-fflush.o)
                0x0000000008007ba8                _fflush_r
 .text.memmove  0x0000000008007bf8       0x34 C:/ST/STM32CubeIDE_1.13.2/STM32CubeIDE/plugins/com.st.stm32cube.ide.mcu.externaltools.gnu-tools-for-stm32.11.3.rel1.win32_1.1.1.202309131626/tools/bin/../lib/gcc/arm-none-eabi/11.3.1/../../../../arm-none-eabi/lib/thumb/v7e-m+fp/hard\libc_nano.a(libc_a-memmove.o)
                0x0000000008007bf8                memmove
 .text.__assert_func
                0x0000000008007c2c       0x3c C:/ST/STM32CubeIDE_1.13.2/STM32CubeIDE/plugins/com.st.stm32cube.ide.mcu.externaltools.gnu-tools-for-stm32.11.3.rel1.win32_1.1.1.202309131626/tools/bin/../lib/gcc/arm-none-eabi/11.3.1/../../../../arm-none-eabi/lib/thumb/v7e-m+fp/hard\libc_nano.a(libc_a-assert.o)
                0x0000000008007c2c                __assert_func
 .text._calloc_r
                0x0000000008007c68       0x2c C:/ST/STM32CubeIDE_1.13.2/STM32CubeIDE/plugins/com.st.stm32cube.ide.mcu.externaltools.gnu-tools-for-stm32.11.3.rel1.win32_1.1.1.202309131626/tools/bin/../lib/gcc/arm-none-eabi/11.3.1/../../../../arm-none-eabi/lib/thumb/v7e-m+fp/hard\libc_nano.a(libc_a-callocr.o)
                0x0000000008007c68                _calloc_r
 .text.__ascii_mbtowc
                0x0000000008007c94       0x24 C:/ST/STM32CubeIDE_1.13.2/STM32CubeIDE/plugins/com.st.stm32cube.ide.mcu.externaltools.gnu-tools-for-stm32.11.3.rel1.win32_1.1.1.202309131626/tools/bin/../lib/gcc/arm-none-eabi/11.3.1/../../../../arm-none-eabi/lib/thumb/v7e-m+fp/hard\libc_nano.a(libc_a-mbtowc_r.o)
                0x0000000008007c94                __ascii_mbtowc
 .text._realloc_r
                0x0000000008007cb8       0x5e C:/ST/STM32CubeIDE_1.13.2/STM32CubeIDE/plugins/com.st.stm32cube.ide.mcu.externaltools.gnu-tools-for-stm32.11.3.rel1.win32_1.1.1.202309131626/tools/bin/../lib/gcc/arm-none-eabi/11.3.1/../../../../arm-none-eabi/lib/thumb/v7e-m+fp/hard\libc_nano.a(libc_a-reallocr.o)
                0x0000000008007cb8                _realloc_r
 .text.__ascii_wctomb
                0x0000000008007d16       0x1a C:/ST/STM32CubeIDE_1.13.2/STM32CubeIDE/plugins/com.st.stm32cube.ide.mcu.externaltools.gnu-tools-for-stm32.11.3.rel1.win32_1.1.1.202309131626/tools/bin/../lib/gcc/arm-none-eabi/11.3.1/../../../../arm-none-eabi/lib/thumb/v7e-m+fp/hard\libc_nano.a(libc_a-wctomb_r.o)
                0x0000000008007d16                __ascii_wctomb
 .text.fprintf  0x0000000008007d30       0x24 C:/ST/STM32CubeIDE_1.13.2/STM32CubeIDE/plugins/com.st.stm32cube.ide.mcu.externaltools.gnu-tools-for-stm32.11.3.rel1.win32_1.1.1.202309131626/tools/bin/../lib/gcc/arm-none-eabi/11.3.1/../../../../arm-none-eabi/lib/thumb/v7e-m+fp/hard\libc_nano.a(libc_a-fprintf.o)
                0x0000000008007d30                fiprintf
                0x0000000008007d30                fprintf
 .text._malloc_usable_size_r
                0x0000000008007d54       0x10 C:/ST/STM32CubeIDE_1.13.2/STM32CubeIDE/plugins/com.st.stm32cube.ide.mcu.externaltools.gnu-tools-for-stm32.11.3.rel1.win32_1.1.1.202309131626/tools/bin/../lib/gcc/arm-none-eabi/11.3.1/../../../../arm-none-eabi/lib/thumb/v7e-m+fp/hard\libc_nano.a(libc_a-msizer.o)
                0x0000000008007d54                _malloc_usable_size_r
 .text.__sfputc_r
                0x0000000008007d64       0x2e C:/ST/STM32CubeIDE_1.13.2/STM32CubeIDE/plugins/com.st.stm32cube.ide.mcu.externaltools.gnu-tools-for-stm32.11.3.rel1.win32_1.1.1.202309131626/tools/bin/../lib/gcc/arm-none-eabi/11.3.1/../../../../arm-none-eabi/lib/thumb/v7e-m+fp/hard\libc_nano.a(libc_a-nano-vfprintf.o)
 .text.__sfputs_r
                0x0000000008007d92       0x24 C:/ST/STM32CubeIDE_1.13.2/STM32CubeIDE/plugins/com.st.stm32cube.ide.mcu.externaltools.gnu-tools-for-stm32.11.3.rel1.win32_1.1.1.202309131626/tools/bin/../lib/gcc/arm-none-eabi/11.3.1/../../../../arm-none-eabi/lib/thumb/v7e-m+fp/hard\libc_nano.a(libc_a-nano-vfprintf.o)
                0x0000000008007d92                __sfputs_r
 *fill*         0x0000000008007db6        0x2 
 .text._vfprintf_r
                0x0000000008007db8      0x234 C:/ST/STM32CubeIDE_1.13.2/STM32CubeIDE/plugins/com.st.stm32cube.ide.mcu.externaltools.gnu-tools-for-stm32.11.3.rel1.win32_1.1.1.202309131626/tools/bin/../lib/gcc/arm-none-eabi/11.3.1/../../../../arm-none-eabi/lib/thumb/v7e-m+fp/hard\libc_nano.a(libc_a-nano-vfprintf.o)
                0x0000000008007db8                _vfprintf_r
                0x0000000008007db8                _vfiprintf_r
 .text.__swbuf_r
                0x0000000008007fec       0x7a C:/ST/STM32CubeIDE_1.13.2/STM32CubeIDE/plugins/com.st.stm32cube.ide.mcu.externaltools.gnu-tools-for-stm32.11.3.rel1.win32_1.1.1.202309131626/tools/bin/../lib/gcc/arm-none-eabi/11.3.1/../../../../arm-none-eabi/lib/thumb/v7e-m+fp/hard\libc_nano.a(libc_a-wbuf.o)
                0x0000000008007fec                __swbuf_r
 *fill*         0x0000000008008066        0x2 
 .text.__swsetup_r
                0x0000000008008068       0xb0 C:/ST/STM32CubeIDE_1.13.2/STM32CubeIDE/plugins/com.st.stm32cube.ide.mcu.externaltools.gnu-tools-for-stm32.11.3.rel1.win32_1.1.1.202309131626/tools/bin/../lib/gcc/arm-none-eabi/11.3.1/../../../../arm-none-eabi/lib/thumb/v7e-m+fp/hard\libc_nano.a(libc_a-wsetup.o)
                0x0000000008008068                __swsetup_r
 .text.__swhatbuf_r
                0x0000000008008118       0x4c C:/ST/STM32CubeIDE_1.13.2/STM32CubeIDE/plugins/com.st.stm32cube.ide.mcu.externaltools.gnu-tools-for-stm32.11.3.rel1.win32_1.1.1.202309131626/tools/bin/../lib/gcc/arm-none-eabi/11.3.1/../../../../arm-none-eabi/lib/thumb/v7e-m+fp/hard\libc_nano.a(libc_a-makebuf.o)
                0x0000000008008118                __swhatbuf_r
 .text.__smakebuf_r
                0x0000000008008164       0x78 C:/ST/STM32CubeIDE_1.13.2/STM32CubeIDE/plugins/com.st.stm32cube.ide.mcu.externaltools.gnu-tools-for-stm32.11.3.rel1.win32_1.1.1.202309131626/tools/bin/../lib/gcc/arm-none-eabi/11.3.1/../../../../arm-none-eabi/lib/thumb/v7e-m+fp/hard\libc_nano.a(libc_a-makebuf.o)
                0x0000000008008164                __smakebuf_r
 .text._fstat_r
                0x00000000080081dc       0x24 C:/ST/STM32CubeIDE_1.13.2/STM32CubeIDE/plugins/com.st.stm32cube.ide.mcu.externaltools.gnu-tools-for-stm32.11.3.rel1.win32_1.1.1.202309131626/tools/bin/../lib/gcc/arm-none-eabi/11.3.1/../../../../arm-none-eabi/lib/thumb/v7e-m+fp/hard\libc_nano.a(libc_a-fstatr.o)
                0x00000000080081dc                _fstat_r
 .text._isatty_r
                0x0000000008008200       0x20 C:/ST/STM32CubeIDE_1.13.2/STM32CubeIDE/plugins/com.st.stm32cube.ide.mcu.externaltools.gnu-tools-for-stm32.11.3.rel1.win32_1.1.1.202309131626/tools/bin/../lib/gcc/arm-none-eabi/11.3.1/../../../../arm-none-eabi/lib/thumb/v7e-m+fp/hard\libc_nano.a(libc_a-isattyr.o)
                0x0000000008008200                _isatty_r
 *(.glue_7)
 .glue_7        0x0000000008008220        0x0 linker stubs
 *(.glue_7t)
 .glue_7t       0x0000000008008220        0x0 linker stubs
 *(.eh_frame)
 .eh_frame      0x0000000008008220        0x0 C:/ST/STM32CubeIDE_1.13.2/STM32CubeIDE/plugins/com.st.stm32cube.ide.mcu.externaltools.gnu-tools-for-stm32.11.3.rel1.win32_1.1.1.202309131626/tools/bin/../lib/gcc/arm-none-eabi/11.3.1/thumb/v7e-m+fp/hard/crtbegin.o
 *(.init)
 .init          0x0000000008008220        0x4 C:/ST/STM32CubeIDE_1.13.2/STM32CubeIDE/plugins/com.st.stm32cube.ide.mcu.externaltools.gnu-tools-for-stm32.11.3.rel1.win32_1.1.1.202309131626/tools/bin/../lib/gcc/arm-none-eabi/11.3.1/thumb/v7e-m+fp/hard/crti.o
                0x0000000008008220                _init
 .init          0x0000000008008224        0x8 C:/ST/STM32CubeIDE_1.13.2/STM32CubeIDE/plugins/com.st.stm32cube.ide.mcu.externaltools.gnu-tools-for-stm32.11.3.rel1.win32_1.1.1.202309131626/tools/bin/../lib/gcc/arm-none-eabi/11.3.1/thumb/v7e-m+fp/hard/crtn.o
 *(.fini)
 .fini          0x000000000800822c        0x4 C:/ST/STM32CubeIDE_1.13.2/STM32CubeIDE/plugins/com.st.stm32cube.ide.mcu.externaltools.gnu-tools-for-stm32.11.3.rel1.win32_1.1.1.202309131626/tools/bin/../lib/gcc/arm-none-eabi/11.3.1/thumb/v7e-m+fp/hard/crti.o
                0x000000000800822c                _fini
 .fini          0x0000000008008230        0x8 C:/ST/STM32CubeIDE_1.13.2/STM32CubeIDE/plugins/com.st.stm32cube.ide.mcu.externaltools.gnu-tools-for-stm32.11.3.rel1.win32_1.1.1.202309131626/tools/bin/../lib/gcc/arm-none-eabi/11.3.1/thumb/v7e-m+fp/hard/crtn.o
                0x0000000008008238                . = ALIGN (0x4)
                0x0000000008008238                _etext = .

.vfp11_veneer   0x0000000008008238        0x0
 .vfp11_veneer  0x0000000008008238        0x0 linker stubs

.v4_bx          0x0000000008008238        0x0
 .v4_bx         0x0000000008008238        0x0 linker stubs

.iplt           0x0000000008008238        0x0
 .iplt          0x0000000008008238        0x0 C:/ST/STM32CubeIDE_1.13.2/STM32CubeIDE/plugins/com.st.stm32cube.ide.mcu.externaltools.gnu-tools-for-stm32.11.3.rel1.win32_1.1.1.202309131626/tools/bin/../lib/gcc/arm-none-eabi/11.3.1/thumb/v7e-m+fp/hard/crtbegin.o

.rodata         0x0000000008008238      0x4cc
                0x0000000008008238                . = ALIGN (0x4)
 *(.rodata)
 .rodata        0x0000000008008238       0x7c ./Core/Src/main.o
 *(.rodata*)
 .rodata._ZTV6SX128x
                0x00000000080082b4       0x64 ./Core/Src/SX128x.o
                0x00000000080082b4                vtable for SX128x
 .rodata._ZTV10SX128x_OBJ
                0x0000000008008318       0x64 ./Core/Src/SX128x_driver.o
                0x0000000008008318                vtable for SX128x_OBJ
 .rodata.AHBPrescTable
                0x000000000800837c       0x10 ./Core/Src/system_stm32f4xx.o
                0x000000000800837c                AHBPrescTable
 .rodata.APBPrescTable
                0x000000000800838c        0x8 ./Core/Src/system_stm32f4xx.o
                0x000000000800838c                APBPrescTable
 .rodata._printf_float.str1.1
                0x0000000008008394       0x12 C:/ST/STM32CubeIDE_1.13.2/STM32CubeIDE/plugins/com.st.stm32cube.ide.mcu.externaltools.gnu-tools-for-stm32.11.3.rel1.win32_1.1.1.202309131626/tools/bin/../lib/gcc/arm-none-eabi/11.3.1/../../../../arm-none-eabi/lib/thumb/v7e-m+fp/hard\libc_nano.a(libc_a-nano-vfprintf_float.o)
 .rodata._printf_i.str1.1
                0x00000000080083a6       0x22 C:/ST/STM32CubeIDE_1.13.2/STM32CubeIDE/plugins/com.st.stm32cube.ide.mcu.externaltools.gnu-tools-for-stm32.11.3.rel1.win32_1.1.1.202309131626/tools/bin/../lib/gcc/arm-none-eabi/11.3.1/../../../../arm-none-eabi/lib/thumb/v7e-m+fp/hard\libc_nano.a(libc_a-nano-vfprintf_i.o)
 .rodata._dtoa_r.str1.1
                0x00000000080083c8       0x8d C:/ST/STM32CubeIDE_1.13.2/STM32CubeIDE/plugins/com.st.stm32cube.ide.mcu.externaltools.gnu-tools-for-stm32.11.3.rel1.win32_1.1.1.202309131626/tools/bin/../lib/gcc/arm-none-eabi/11.3.1/../../../../arm-none-eabi/lib/thumb/v7e-m+fp/hard\libc_nano.a(libc_a-dtoa.o)
                                         0x8f (size before relaxing)
 .rodata._Balloc.str1.1
                0x0000000008008455       0x59 C:/ST/STM32CubeIDE_1.13.2/STM32CubeIDE/plugins/com.st.stm32cube.ide.mcu.externaltools.gnu-tools-for-stm32.11.3.rel1.win32_1.1.1.202309131626/tools/bin/../lib/gcc/arm-none-eabi/11.3.1/../../../../arm-none-eabi/lib/thumb/v7e-m+fp/hard\libc_nano.a(libc_a-mprec.o)
                                         0x70 (size before relaxing)
 .rodata.__multadd.str1.1
                0x00000000080084ae       0x11 C:/ST/STM32CubeIDE_1.13.2/STM32CubeIDE/plugins/com.st.stm32cube.ide.mcu.externaltools.gnu-tools-for-stm32.11.3.rel1.win32_1.1.1.202309131626/tools/bin/../lib/gcc/arm-none-eabi/11.3.1/../../../../arm-none-eabi/lib/thumb/v7e-m+fp/hard\libc_nano.a(libc_a-mprec.o)
 *fill*         0x00000000080084ae        0x2 
 .rodata.__mprec_bigtens
                0x00000000080084b0       0x28 C:/ST/STM32CubeIDE_1.13.2/STM32CubeIDE/plugins/com.st.stm32cube.ide.mcu.externaltools.gnu-tools-for-stm32.11.3.rel1.win32_1.1.1.202309131626/tools/bin/../lib/gcc/arm-none-eabi/11.3.1/../../../../arm-none-eabi/lib/thumb/v7e-m+fp/hard\libc_nano.a(libc_a-mprec.o)
                0x00000000080084b0                __mprec_bigtens
 .rodata.__mprec_tens
                0x00000000080084d8       0xc8 C:/ST/STM32CubeIDE_1.13.2/STM32CubeIDE/plugins/com.st.stm32cube.ide.mcu.externaltools.gnu-tools-for-stm32.11.3.rel1.win32_1.1.1.202309131626/tools/bin/../lib/gcc/arm-none-eabi/11.3.1/../../../../arm-none-eabi/lib/thumb/v7e-m+fp/hard\libc_nano.a(libc_a-mprec.o)
                0x00000000080084d8                __mprec_tens
 .rodata.p05.0  0x00000000080085a0        0xc C:/ST/STM32CubeIDE_1.13.2/STM32CubeIDE/plugins/com.st.stm32cube.ide.mcu.externaltools.gnu-tools-for-stm32.11.3.rel1.win32_1.1.1.202309131626/tools/bin/../lib/gcc/arm-none-eabi/11.3.1/../../../../arm-none-eabi/lib/thumb/v7e-m+fp/hard\libc_nano.a(libc_a-mprec.o)
 .rodata._svfprintf_r.str1.1
                0x00000000080085ac       0x11 C:/ST/STM32CubeIDE_1.13.2/STM32CubeIDE/plugins/com.st.stm32cube.ide.mcu.externaltools.gnu-tools-for-stm32.11.3.rel1.win32_1.1.1.202309131626/tools/bin/../lib/gcc/arm-none-eabi/11.3.1/../../../../arm-none-eabi/lib/thumb/v7e-m+fp/hard\libc_nano.a(libc_a-nano-svfprintf.o)
 .rodata._setlocale_r.str1.1
                0x00000000080085bd        0x8 C:/ST/STM32CubeIDE_1.13.2/STM32CubeIDE/plugins/com.st.stm32cube.ide.mcu.externaltools.gnu-tools-for-stm32.11.3.rel1.win32_1.1.1.202309131626/tools/bin/../lib/gcc/arm-none-eabi/11.3.1/../../../../arm-none-eabi/lib/thumb/v7e-m+fp/hard\libc_nano.a(libc_a-locale.o)
                                          0x9 (size before relaxing)
 .rodata.str1.1
                0x00000000080085c5        0x2 C:/ST/STM32CubeIDE_1.13.2/STM32CubeIDE/plugins/com.st.stm32cube.ide.mcu.externaltools.gnu-tools-for-stm32.11.3.rel1.win32_1.1.1.202309131626/tools/bin/../lib/gcc/arm-none-eabi/11.3.1/../../../../arm-none-eabi/lib/thumb/v7e-m+fp/hard\libc_nano.a(libc_a-locale.o)
 .rodata.__assert_func.str1.1
                0x00000000080085c7       0x3c C:/ST/STM32CubeIDE_1.13.2/STM32CubeIDE/plugins/com.st.stm32cube.ide.mcu.externaltools.gnu-tools-for-stm32.11.3.rel1.win32_1.1.1.202309131626/tools/bin/../lib/gcc/arm-none-eabi/11.3.1/../../../../arm-none-eabi/lib/thumb/v7e-m+fp/hard\libc_nano.a(libc_a-assert.o)
                                         0x3d (size before relaxing)
 .rodata._ctype_
                0x0000000008008603      0x101 C:/ST/STM32CubeIDE_1.13.2/STM32CubeIDE/plugins/com.st.stm32cube.ide.mcu.externaltools.gnu-tools-for-stm32.11.3.rel1.win32_1.1.1.202309131626/tools/bin/../lib/gcc/arm-none-eabi/11.3.1/../../../../arm-none-eabi/lib/thumb/v7e-m+fp/hard\libc_nano.a(libc_a-ctype_.o)
                0x0000000008008603                _ctype_
 .rodata._vfprintf_r.str1.1
                0x0000000008008704       0x11 C:/ST/STM32CubeIDE_1.13.2/STM32CubeIDE/plugins/com.st.stm32cube.ide.mcu.externaltools.gnu-tools-for-stm32.11.3.rel1.win32_1.1.1.202309131626/tools/bin/../lib/gcc/arm-none-eabi/11.3.1/../../../../arm-none-eabi/lib/thumb/v7e-m+fp/hard\libc_nano.a(libc_a-nano-vfprintf.o)
                0x0000000008008718                . = ALIGN (0x4)

.ARM.extab      0x0000000008008704        0x0
                0x0000000008008704                . = ALIGN (0x4)
 *(.ARM.extab* .gnu.linkonce.armextab.*)
                0x0000000008008704                . = ALIGN (0x4)

.ARM            0x0000000008008704        0x8
                0x0000000008008704                . = ALIGN (0x4)
                0x0000000008008704                __exidx_start = .
 *(.ARM.exidx*)
 .ARM.exidx     0x0000000008008704        0x8 C:/ST/STM32CubeIDE_1.13.2/STM32CubeIDE/plugins/com.st.stm32cube.ide.mcu.externaltools.gnu-tools-for-stm32.11.3.rel1.win32_1.1.1.202309131626/tools/bin/../lib/gcc/arm-none-eabi/11.3.1/thumb/v7e-m+fp/hard\libgcc.a(_udivmoddi4.o)
                0x000000000800870c                __exidx_end = .
                0x000000000800870c                . = ALIGN (0x4)

.rel.dyn        0x000000000800870c        0x0
 .rel.iplt      0x000000000800870c        0x0 C:/ST/STM32CubeIDE_1.13.2/STM32CubeIDE/plugins/com.st.stm32cube.ide.mcu.externaltools.gnu-tools-for-stm32.11.3.rel1.win32_1.1.1.202309131626/tools/bin/../lib/gcc/arm-none-eabi/11.3.1/thumb/v7e-m+fp/hard/crtbegin.o

.preinit_array  0x000000000800870c        0x0
                0x000000000800870c                . = ALIGN (0x4)
                0x000000000800870c                PROVIDE (__preinit_array_start = .)
 *(.preinit_array*)
                0x000000000800870c                PROVIDE (__preinit_array_end = .)
                0x000000000800870c                . = ALIGN (0x4)

.init_array     0x000000000800870c        0x8
                0x000000000800870c                . = ALIGN (0x4)
                0x000000000800870c                PROVIDE (__init_array_start = .)
 *(SORT_BY_NAME(.init_array.*))
 *(.init_array*)
 .init_array    0x000000000800870c        0x4 C:/ST/STM32CubeIDE_1.13.2/STM32CubeIDE/plugins/com.st.stm32cube.ide.mcu.externaltools.gnu-tools-for-stm32.11.3.rel1.win32_1.1.1.202309131626/tools/bin/../lib/gcc/arm-none-eabi/11.3.1/thumb/v7e-m+fp/hard/crtbegin.o
 .init_array    0x0000000008008710        0x4 ./Core/Src/main.o
                0x0000000008008714                PROVIDE (__init_array_end = .)
                0x0000000008008714                . = ALIGN (0x4)

.fini_array     0x0000000008008714        0x8
                0x0000000008008714                . = ALIGN (0x4)
                [!provide]                        PROVIDE (__fini_array_start = .)
 *(SORT_BY_NAME(.fini_array.*))
 *(.fini_array*)
 .fini_array    0x0000000008008714        0x4 C:/ST/STM32CubeIDE_1.13.2/STM32CubeIDE/plugins/com.st.stm32cube.ide.mcu.externaltools.gnu-tools-for-stm32.11.3.rel1.win32_1.1.1.202309131626/tools/bin/../lib/gcc/arm-none-eabi/11.3.1/thumb/v7e-m+fp/hard/crtbegin.o
 .fini_array    0x0000000008008718        0x4 ./Core/Src/main.o
                [!provide]                        PROVIDE (__fini_array_end = .)
                0x000000000800871c                . = ALIGN (0x4)
                0x000000000800871c                _sidata = LOADADDR (.data)

.data           0x0000000020000000      0x1d4 load address 0x000000000800871c
                0x0000000020000000                . = ALIGN (0x4)
                0x0000000020000000                _sdata = .
 *(.data)
 *(.data*)
 .data.SystemCoreClock
                0x0000000020000000        0x4 ./Core/Src/system_stm32f4xx.o
                0x0000000020000000                SystemCoreClock
 .data.uwTickPrio
                0x0000000020000004        0x4 ./Drivers/STM32F4xx_HAL_Driver/Src/stm32f4xx_hal.o
                0x0000000020000004                uwTickPrio
 .data.uwTickFreq
                0x0000000020000008        0x1 ./Drivers/STM32F4xx_HAL_Driver/Src/stm32f4xx_hal.o
                0x0000000020000008                uwTickFreq
 *fill*         0x0000000020000009        0x3 
 .data.__sglue  0x000000002000000c        0xc C:/ST/STM32CubeIDE_1.13.2/STM32CubeIDE/plugins/com.st.stm32cube.ide.mcu.externaltools.gnu-tools-for-stm32.11.3.rel1.win32_1.1.1.202309131626/tools/bin/../lib/gcc/arm-none-eabi/11.3.1/../../../../arm-none-eabi/lib/thumb/v7e-m+fp/hard\libc_nano.a(libc_a-findfp.o)
                0x000000002000000c                __sglue
 .data._impure_data
                0x0000000020000018       0x4c C:/ST/STM32CubeIDE_1.13.2/STM32CubeIDE/plugins/com.st.stm32cube.ide.mcu.externaltools.gnu-tools-for-stm32.11.3.rel1.win32_1.1.1.202309131626/tools/bin/../lib/gcc/arm-none-eabi/11.3.1/../../../../arm-none-eabi/lib/thumb/v7e-m+fp/hard\libc_nano.a(libc_a-impure.o)
                0x0000000020000018                _impure_data
 .data._impure_ptr
                0x0000000020000064        0x4 C:/ST/STM32CubeIDE_1.13.2/STM32CubeIDE/plugins/com.st.stm32cube.ide.mcu.externaltools.gnu-tools-for-stm32.11.3.rel1.win32_1.1.1.202309131626/tools/bin/../lib/gcc/arm-none-eabi/11.3.1/../../../../arm-none-eabi/lib/thumb/v7e-m+fp/hard\libc_nano.a(libc_a-impure.o)
                0x0000000020000064                _impure_ptr
 .data.__global_locale
                0x0000000020000068      0x16c C:/ST/STM32CubeIDE_1.13.2/STM32CubeIDE/plugins/com.st.stm32cube.ide.mcu.externaltools.gnu-tools-for-stm32.11.3.rel1.win32_1.1.1.202309131626/tools/bin/../lib/gcc/arm-none-eabi/11.3.1/../../../../arm-none-eabi/lib/thumb/v7e-m+fp/hard\libc_nano.a(libc_a-locale.o)
                0x0000000020000068                __global_locale
 *(.RamFunc)
 *(.RamFunc*)
                0x00000000200001d4                . = ALIGN (0x4)
                0x00000000200001d4                _edata = .

.igot.plt       0x00000000200001d4        0x0 load address 0x00000000080088f0
 .igot.plt      0x00000000200001d4        0x0 C:/ST/STM32CubeIDE_1.13.2/STM32CubeIDE/plugins/com.st.stm32cube.ide.mcu.externaltools.gnu-tools-for-stm32.11.3.rel1.win32_1.1.1.202309131626/tools/bin/../lib/gcc/arm-none-eabi/11.3.1/thumb/v7e-m+fp/hard/crtbegin.o
                0x00000000200001d4                . = ALIGN (0x4)

.bss            0x00000000200001d8      0x39c load address 0x00000000080088f0
                0x00000000200001d8                _sbss = .
                0x00000000200001d8                __bss_start__ = _sbss
 *(.bss)
 .bss           0x00000000200001d8       0x1c C:/ST/STM32CubeIDE_1.13.2/STM32CubeIDE/plugins/com.st.stm32cube.ide.mcu.externaltools.gnu-tools-for-stm32.11.3.rel1.win32_1.1.1.202309131626/tools/bin/../lib/gcc/arm-none-eabi/11.3.1/thumb/v7e-m+fp/hard/crtbegin.o
 *(.bss*)
 .bss.hspi2     0x00000000200001f4       0x58 ./Core/Src/main.o
                0x00000000200001f4                hspi2
 .bss.htim1     0x000000002000024c       0x48 ./Core/Src/main.o
                0x000000002000024c                htim1
 .bss.huart2    0x0000000020000294       0x44 ./Core/Src/main.o
                0x0000000020000294                huart2
 .bss.sx1280    0x00000000200002d8      0x148 ./Core/Src/main.o
                0x00000000200002d8                sx1280
 .bss.__sbrk_heap_end
                0x0000000020000420        0x4 ./Core/Src/sysmem.o
 .bss.uwTick    0x0000000020000424        0x4 ./Drivers/STM32F4xx_HAL_Driver/Src/stm32f4xx_hal.o
                0x0000000020000424                uwTick
 .bss.__malloc_free_list
                0x0000000020000428        0x4 C:/ST/STM32CubeIDE_1.13.2/STM32CubeIDE/plugins/com.st.stm32cube.ide.mcu.externaltools.gnu-tools-for-stm32.11.3.rel1.win32_1.1.1.202309131626/tools/bin/../lib/gcc/arm-none-eabi/11.3.1/../../../../arm-none-eabi/lib/thumb/v7e-m+fp/hard\libc_nano.a(libc_a-mallocr.o)
                0x0000000020000428                __malloc_free_list
 .bss.__malloc_sbrk_start
                0x000000002000042c        0x4 C:/ST/STM32CubeIDE_1.13.2/STM32CubeIDE/plugins/com.st.stm32cube.ide.mcu.externaltools.gnu-tools-for-stm32.11.3.rel1.win32_1.1.1.202309131626/tools/bin/../lib/gcc/arm-none-eabi/11.3.1/../../../../arm-none-eabi/lib/thumb/v7e-m+fp/hard\libc_nano.a(libc_a-mallocr.o)
                0x000000002000042c                __malloc_sbrk_start
 .bss.__sf      0x0000000020000430      0x138 C:/ST/STM32CubeIDE_1.13.2/STM32CubeIDE/plugins/com.st.stm32cube.ide.mcu.externaltools.gnu-tools-for-stm32.11.3.rel1.win32_1.1.1.202309131626/tools/bin/../lib/gcc/arm-none-eabi/11.3.1/../../../../arm-none-eabi/lib/thumb/v7e-m+fp/hard\libc_nano.a(libc_a-findfp.o)
                0x0000000020000430                __sf
 .bss.__stdio_exit_handler
                0x0000000020000568        0x4 C:/ST/STM32CubeIDE_1.13.2/STM32CubeIDE/plugins/com.st.stm32cube.ide.mcu.externaltools.gnu-tools-for-stm32.11.3.rel1.win32_1.1.1.202309131626/tools/bin/../lib/gcc/arm-none-eabi/11.3.1/../../../../arm-none-eabi/lib/thumb/v7e-m+fp/hard\libc_nano.a(libc_a-findfp.o)
                0x0000000020000568                __stdio_exit_handler